firmata.c:9:13:reoprt_sysex	328	static
firmata.c:403:13:sendFirmwareVersion	32	static
firmata.c:411:13:reoprt_firmware	24	static
firmata.c:420:9:getPinMode	16	static
firmata.c:429:13:firmata_setPinMode	16	static
firmata.c:451:13:firmata_setDigitalPinValue	16	static
firmata.c:473:13:testReportAnalog	8	static
firmata.c:483:13:firmata_setReportAnalog	16	static
firmata.c:490:13:firmata_analogWrite	16	static
firmata.c:504:6:firmata_sendAnalog	16	static
firmata.c:518:6:firmata_processSysexMessage	8	static
firmata.c:531:6:firmata_parse	24	static
