firmata.c:9:13:reoprt_sysex	56	static
firmata.c:91:13:sendFirmwareVersion	32	static
firmata.c:99:13:reoprt_firmware	24	static
firmata.c:108:9:getPinMode	16	static
firmata.c:117:13:firmata_setPinMode	16	static
firmata.c:139:13:firmata_setDigitalPinValue	16	static
firmata.c:161:13:testReportAnalog	8	static
firmata.c:171:13:firmata_setReportAnalog	16	static
firmata.c:178:13:firmata_analogWrite	16	static
firmata.c:192:6:firmata_sendAnalog	16	static
firmata.c:206:6:firmata_processSysexMessage	8	static
firmata.c:219:6:firmata_parse	24	static
