HuskyLens.c:25:1:protocolWriteRequest	16	static
HuskyLens.c:25:1:protocolReadRequest	16	static
HuskyLens.c:26:1:protocolWriteRequestBlocks	16	static
HuskyLens.c:26:1:protocolReadRequestBlocks	16	static
HuskyLens.c:27:1:protocolWriteRequestArrows	16	static
HuskyLens.c:27:1:protocolReadRequestArrows	16	static
HuskyLens.c:28:1:protocolWriteRequestLearned	16	static
HuskyLens.c:28:1:protocolReadRequestLearned	16	static
HuskyLens.c:29:1:protocolWriteRequestBlocksLearned	16	static
HuskyLens.c:29:1:protocolReadRequestBlocksLearned	16	static
HuskyLens.c:30:1:protocolWriteRequestArrowsLearned	16	static
HuskyLens.c:30:1:protocolReadRequestArrowsLearned	16	static
HuskyLens.c:31:1:protocolWriteRequestKnock	16	static
HuskyLens.c:31:1:protocolReadRequestKnock	16	static
HuskyLens.c:32:1:protocolWriteReturnOK	16	static
HuskyLens.c:32:1:protocolReadReturnOK	16	static
HuskyLens.c:33:1:protocolWriteRequestClearText	16	static
HuskyLens.c:33:1:protocolReadRequestClearText	16	static
HuskyLens.c:34:1:protocolWriteRequestTakePhotoToSDCard	16	static
HuskyLens.c:34:1:protocolReadRequestTakePhotoToSDCard	16	static
HuskyLens.c:35:1:protocolWriteRequestScreenshotToSDCard	16	static
HuskyLens.c:35:1:protocolReadRequestScreenshotToSDCard	16	static
HuskyLens.c:36:1:protocolWriteRequestForgetLearn	16	static
HuskyLens.c:36:1:protocolReadRequestForgetLearn	16	static
HuskyLens.c:37:1:protocolWriteRequestSaveModelToTFCard	16	static
HuskyLens.c:37:1:protocolReadRequestSaveModelToTFCard	16	static
HuskyLens.c:38:1:protocolWriteRequestLoadModelFromTFCard	16	static
HuskyLens.c:38:1:protocolReadRequestLoadModelFromTFCard	16	static
HuskyLens.c:40:1:protocolWriteRequestByID	16	static
HuskyLens.c:40:1:protocolReadRequestByID	16	static
HuskyLens.c:41:1:protocolWriteRequestBlocksByID	16	static
HuskyLens.c:41:1:protocolReadRequestBlocksByID	16	static
HuskyLens.c:42:1:protocolWriteRequestArrowsByID	16	static
HuskyLens.c:42:1:protocolReadRequestArrowsByID	16	static
HuskyLens.c:43:1:protocolWriteRequestAlgorithm	16	static
HuskyLens.c:43:1:protocolReadRequestAlgorithm	16	static
HuskyLens.c:45:1:protocolWriteReturnInfo	16	static
HuskyLens.c:45:1:protocolReadReturnInfo	16	static
HuskyLens.c:46:1:protocolWriteReturnBlock	16	static
HuskyLens.c:46:1:protocolReadReturnBlock	16	static
HuskyLens.c:47:1:protocolWriteReturnArrow	16	static
HuskyLens.c:47:1:protocolReadReturnArrow	16	static
HuskyLens.c:49:1:protocolWriteRequestCustomText	16	static
HuskyLens.c:49:1:protocolReadRequestCustomText	16	static
HuskyLens.c:50:1:protocolWriteRequestName	16	static
HuskyLens.c:50:1:protocolReadRequestName	16	static
HuskyLens.c:51:1:protocolWriteRequestLearnOnece	16	static
HuskyLens.c:51:1:protocolReadRequestLearnOnece	16	static
HuskyLens.c:52:1:protocolWriteRequestFirmwareVersion	16	static
HuskyLens.c:52:1:protocolReadRequestFirmwareVersion	16	static
HuskyLens.c:54:9:writeAlgorithm	32	static
HuskyLens.c:62:9:request	24	static
HuskyLens.c:69:9:processReturn	16	static
HuskyLens.c:87:9:wait	16	static
HuskyLens.c:102:9:husky_lens_protocol_read_begin	16	static
HuskyLens.c:112:9:protocolAvailable	40	static
HuskyLens.c:125:9:validateCheckSum	16	static
HuskyLens.c:134:9:husky_lens_protocol_receive	16	static
HuskyLens.c:164:6:protocolWriteCommand	24	static
HuskyLens.c:171:9:protocolReadCommand	16	static
HuskyLens.c:184:6:protocolWrite	24	static
HuskyLens.c:188:5:husky_lens_protocol_write_end	16	static
HuskyLens.c:202:10:husky_lens_protocol_write_begin	16	static
HuskyLens.c:212:7:protocolWriteFiveInt16	24	static
HuskyLens.c:224:10:protocolReadFiveInt16	16	static
HuskyLens.c:242:10:husky_lens_protocol_read_end	4	static
HuskyLens.c:251:10:husky_lens_protocol_read_int16	16	static
HuskyLens.c:260:7:protocolWriteOneInt16	24	static
HuskyLens.c:268:7:husky_lens_protocol_write_int16	16	static
HuskyLens.c:275:10:protocolReadOneInt16	16	static
HuskyLens.c:289:7:protocolWriteBufferUint8	24	static
HuskyLens.c:297:7:husky_lens_protocol_write_buffer_uint8	16	static
HuskyLens.c:303:10:protocolReadBufferUint8	16	static
HuskyLens.c:317:11:husky_lens_protocol_read_buffer_uint8	16	static
HuskyLens.c:325:10:readLearnedIDCount	4	static
HuskyLens.c:330:10:writeOSD	72	static
HuskyLens.c:349:10:clearOSD	24	static
HuskyLens.c:356:9:isAppearDirect	16	static
HuskyLens.c:368:26:readBlockCenterParameterDirect	96	static
HuskyLens.c:391:6:readArrowCenterParameterDirect	64	static
HuskyLens.c:413:5:available	8	static
HuskyLens.c:418:17:blocksreadDirect	16	static
HuskyLens.c:422:17:readBlockDirect	32	static
HuskyLens.c:427:13:readBlockProtocol	24	static
HuskyLens.c:438:5:blocksavailable	8	static
HuskyLens.c:442:9:countBlocks	16	static
HuskyLens.c:452:9:isLearned	16	static
HuskyLens.c:457:9:countLearnedIDs	4	static
HuskyLens.c:463:9:isAppear	16	static
HuskyLens.c:474:9:countArrows	16	static
HuskyLens.c:485:20:readBlockParameter	64	static
HuskyLens.c:494:17:read	24	static
HuskyLens.c:498:17:readBlock	40	static
HuskyLens.c:503:13:readBlockByIDProtocol	24	static
HuskyLens.c:514:20:readArrowParameter	64	static
HuskyLens.c:524:17:arrowsread	40	static
HuskyLens.c:530:7:readALLCount	16	static
HuskyLens.c:542:26:readBlockParameterDirect	64	static
HuskyLens.c:553:17:readDirect	16	static
HuskyLens.c:558:7:readCount	16	static
HuskyLens.c:568:9:countIDBlocks	24	static
HuskyLens.c:577:9:countIDArrows	24	static
HuskyLens.c:588:9:forgetLearn	24	static
HuskyLens.c:595:9:learnOnece	40	static
HuskyLens.c:605:9:writeName	144	static
HuskyLens.c:618:9:takePhotoToSDCard	24	static
HuskyLens.c:625:9:saveModelToTFCard	40	static
HuskyLens.c:634:9:loadModelFromTFCard	40	static
HuskyLens.c:644:6:readreg	24	static
HuskyLens.c:650:6:writereg	296	static
