HuskyLens.c:13:1:protocolWriteRequest	16	static
HuskyLens.c:13:1:protocolReadRequest	16	static
HuskyLens.c:14:1:protocolWriteRequestBlocks	16	static
HuskyLens.c:14:1:protocolReadRequestBlocks	16	static
HuskyLens.c:15:1:protocolWriteRequestArrows	16	static
HuskyLens.c:15:1:protocolReadRequestArrows	16	static
HuskyLens.c:16:1:protocolWriteRequestLearned	16	static
HuskyLens.c:16:1:protocolReadRequestLearned	16	static
HuskyLens.c:17:1:protocolWriteRequestBlocksLearned	16	static
HuskyLens.c:17:1:protocolReadRequestBlocksLearned	16	static
HuskyLens.c:18:1:protocolWriteRequestArrowsLearned	16	static
HuskyLens.c:18:1:protocolReadRequestArrowsLearned	16	static
HuskyLens.c:19:1:protocolWriteRequestKnock	16	static
HuskyLens.c:19:1:protocolReadRequestKnock	16	static
HuskyLens.c:20:1:protocolWriteReturnOK	16	static
HuskyLens.c:20:1:protocolReadReturnOK	16	static
HuskyLens.c:21:1:protocolWriteRequestClearText	16	static
HuskyLens.c:21:1:protocolReadRequestClearText	16	static
HuskyLens.c:22:1:protocolWriteRequestTakePhotoToSDCard	16	static
HuskyLens.c:22:1:protocolReadRequestTakePhotoToSDCard	16	static
HuskyLens.c:23:1:protocolWriteRequestScreenshotToSDCard	16	static
HuskyLens.c:23:1:protocolReadRequestScreenshotToSDCard	16	static
HuskyLens.c:24:1:protocolWriteRequestForgetLearn	16	static
HuskyLens.c:24:1:protocolReadRequestForgetLearn	16	static
HuskyLens.c:25:1:protocolWriteRequestSaveModelToTFCard	16	static
HuskyLens.c:25:1:protocolReadRequestSaveModelToTFCard	16	static
HuskyLens.c:26:1:protocolWriteRequestLoadModelFromTFCard	16	static
HuskyLens.c:26:1:protocolReadRequestLoadModelFromTFCard	16	static
HuskyLens.c:28:1:protocolWriteRequestByID	16	static
HuskyLens.c:28:1:protocolReadRequestByID	16	static
HuskyLens.c:29:1:protocolWriteRequestBlocksByID	16	static
HuskyLens.c:29:1:protocolReadRequestBlocksByID	16	static
HuskyLens.c:30:1:protocolWriteRequestArrowsByID	16	static
HuskyLens.c:30:1:protocolReadRequestArrowsByID	16	static
HuskyLens.c:31:1:protocolWriteRequestAlgorithm	16	static
HuskyLens.c:31:1:protocolReadRequestAlgorithm	16	static
HuskyLens.c:33:1:protocolWriteReturnInfo	16	static
HuskyLens.c:33:1:protocolReadReturnInfo	16	static
HuskyLens.c:34:1:protocolWriteReturnBlock	16	static
HuskyLens.c:34:1:protocolReadReturnBlock	16	static
HuskyLens.c:35:1:protocolWriteReturnArrow	16	static
HuskyLens.c:35:1:protocolReadReturnArrow	16	static
HuskyLens.c:37:1:protocolWriteRequestCustomText	16	static
HuskyLens.c:37:1:protocolReadRequestCustomText	16	static
HuskyLens.c:38:1:protocolWriteRequestName	16	static
HuskyLens.c:38:1:protocolReadRequestName	16	static
HuskyLens.c:39:1:protocolWriteRequestLearnOnece	16	static
HuskyLens.c:39:1:protocolReadRequestLearnOnece	16	static
HuskyLens.c:40:1:protocolWriteRequestFirmwareVersion	16	static
HuskyLens.c:40:1:protocolReadRequestFirmwareVersion	16	static
HuskyLens.c:42:9:writeAlgorithm	32	static
HuskyLens.c:50:9:request	24	static
HuskyLens.c:57:9:processReturn	16	static
HuskyLens.c:75:9:wait	16	static
HuskyLens.c:90:9:husky_lens_protocol_read_begin	16	static
HuskyLens.c:100:9:protocolAvailable	40	static
HuskyLens.c:113:9:validateCheckSum	16	static
HuskyLens.c:122:9:husky_lens_protocol_receive	16	static
HuskyLens.c:152:6:protocolWriteCommand	24	static
HuskyLens.c:159:9:protocolReadCommand	16	static
HuskyLens.c:172:6:protocolWrite	24	static
HuskyLens.c:176:5:husky_lens_protocol_write_end	16	static
HuskyLens.c:190:10:husky_lens_protocol_write_begin	16	static
HuskyLens.c:200:7:protocolWriteFiveInt16	24	static
HuskyLens.c:212:10:protocolReadFiveInt16	16	static
HuskyLens.c:230:10:husky_lens_protocol_read_end	4	static
HuskyLens.c:239:10:husky_lens_protocol_read_int16	16	static
HuskyLens.c:248:7:protocolWriteOneInt16	24	static
HuskyLens.c:256:7:husky_lens_protocol_write_int16	24	static
HuskyLens.c:263:10:protocolReadOneInt16	16	static
HuskyLens.c:277:7:protocolWriteBufferUint8	24	static
HuskyLens.c:285:7:husky_lens_protocol_write_buffer_uint8	16	static
HuskyLens.c:291:10:protocolReadBufferUint8	16	static
HuskyLens.c:306:8:readLearnedIDCount	8	static
HuskyLens.c:311:10:writeOSD	72	static
HuskyLens.c:330:10:clearOSD	24	static
HuskyLens.c:337:9:isAppearDirect	16	static
HuskyLens.c:349:26:readBlockCenterParameterDirect	96	static
HuskyLens.c:372:26:readArrowCenterParameterDirect	96	static
HuskyLens.c:394:5:available	8	static
HuskyLens.c:399:17:blocksreadDirect	16	static
HuskyLens.c:403:17:readBlockDirect	32	static
HuskyLens.c:408:13:readBlockProtocol	24	static
HuskyLens.c:419:5:blocksavailable	8	static
HuskyLens.c:423:9:countBlocks	16	static
HuskyLens.c:433:9:isLearned	16	static
HuskyLens.c:438:9:countLearnedIDs	4	static
HuskyLens.c:444:9:isAppear	16	static
HuskyLens.c:455:9:countArrows	16	static
HuskyLens.c:466:20:readBlockParameter	64	static
HuskyLens.c:475:17:read	24	static
HuskyLens.c:479:17:readBlock	40	static
HuskyLens.c:484:13:readBlockByIDProtocol	24	static
HuskyLens.c:495:20:readArrowParameter	64	static
HuskyLens.c:505:17:arrowsread	40	static
HuskyLens.c:511:7:readALLCount	16	static
HuskyLens.c:523:26:readBlockParameterDirect	64	static
HuskyLens.c:534:17:readDirect	16	static
HuskyLens.c:539:7:readCount	16	static
HuskyLens.c:549:9:countIDBlocks	24	static
HuskyLens.c:558:9:countIDArrows	24	static
HuskyLens.c:569:9:forgetLearn	24	static
HuskyLens.c:576:9:learnOnece	40	static
HuskyLens.c:586:9:writeName	144	static
HuskyLens.c:599:9:takePhotoToSDCard	24	static
HuskyLens.c:606:9:saveModelToTFCard	40	static
HuskyLens.c:615:9:loadModelFromTFCard	16	static
HuskyLens.c:620:6:readreg	24	static
HuskyLens.c:626:6:writereg	296	static
