main.c:70:1:__io_putchar	16	static
main.c:126:6:HAL_GPIO_EXTI_Callback	16	static
main.c:249:6:reportAnalogstick	16	static
main.c:285:6:LED_test	8	static
main.c:294:6:user_pwm_setvalue	48	static
main.c:304:6:PWMtest	4	static
main.c:308:6:BMI160test	40	static
main.c:317:6:HUKSYLENS_test	4	static
main.c:320:6:M_TEST	8	static
main.c:332:6:HAL_ADC_ConvCpltCallback	24	static
main.c:338:6:HAL_TIM_PeriodElapsedCallback	16	static
main.c:353:5:main	8	static
main.c:409:6:SystemClock_Config	96	static
main.c:454:13:MX_ADC1_Init	24	static
main.c:507:13:MX_I2C2_Init	8	static
main.c:541:13:MX_TIM1_Init	32	static
main.c:587:13:MX_TIM3_Init	32	static
main.c:632:13:MX_USART1_UART_Init	8	static
main.c:663:13:MX_DMA_Init	16	static
main.c:681:13:MX_GPIO_Init	40	static
main.c:782:6:Error_Handler	4	static
