main.c:70:1:__io_putchar	16	static
main.c:126:6:HAL_GPIO_EXTI_Callback	16	static
main.c:249:6:reportAnalogstick	8	static
main.c:279:6:LED_test	8	static
main.c:288:6:user_pwm_setvalue	48	static
main.c:298:6:PWMtest	4	static
main.c:302:6:BMI160test	40	static
main.c:311:6:HUKSYLENS_test	4	static
main.c:315:6:M_TEST	8	static
main.c:327:6:HAL_ADC_ConvCpltCallback	24	static
main.c:333:6:HAL_TIM_PeriodElapsedCallback	16	static
main.c:348:5:main	8	static
main.c:412:6:SystemClock_Config	96	static
main.c:458:13:MX_ADC1_Init	24	static
main.c:511:13:MX_I2C2_Init	8	static
main.c:545:13:MX_TIM1_Init	32	static
main.c:591:13:MX_TIM3_Init	32	static
main.c:636:13:MX_USART1_UART_Init	8	static
main.c:667:13:MX_DMA_Init	16	static
main.c:685:13:MX_GPIO_Init	40	static
main.c:786:6:Error_Handler	4	static
