main.c:63:1:__io_putchar	16	static
main.c:103:6:userAppStart	16	static,ignoring_inline_asm
main.c:118:6:flashtest	40	static
main.c:151:6:writeFlashTest	40	static
main.c:173:6:printFlashTest	16	static
main.c:183:7:firmware_update	24	static
main.c:221:6:HAL_TIM_PeriodElapsedCallback	16	static
main.c:235:5:main	8	static
main.c:285:6:SystemClock_Config	96	static
main.c:330:13:MX_TIM1_Init	32	static
main.c:376:13:MX_USART1_UART_Init	8	static
main.c:409:13:MX_GPIO_Init	40	static
main.c:467:6:Error_Handler	4	static
