main.c:63:1:__io_putchar	16	static
main.c:112:6:userAppStart	24	static,ignoring_inline_asm
main.c:131:6:erasureflash	40	static
main.c:146:6:writeFlash	24	static
main.c:153:6:writeFlashTest	24	static
main.c:175:6:printFlashTest	16	static
main.c:186:7:firmware_update	8	static
main.c:238:6:HAL_TIM_PeriodElapsedCallback	16	static
main.c:253:5:main	8	static
main.c:304:6:SystemClock_Config	96	static
main.c:349:13:MX_TIM1_Init	32	static
main.c:395:13:MX_USART1_UART_Init	8	static
main.c:428:13:MX_GPIO_Init	40	static
main.c:496:6:Error_Handler	4	static
