Archive member included to satisfy reference by file (symbol)

h:/stm32cubeide_1.3.0/stm32cubeide/plugins/com.st.stm32cube.ide.mcu.externaltools.gnu-tools-for-stm32.7-2018-q2-update.win32_1.0.0.201904181610/tools/bin/../lib/gcc/arm-none-eabi/7.3.1/../../../../arm-none-eabi/lib/thumb/v7-m\libc_nano.a(lib_a-errno.o)
                              Core/Src/syscalls.o (__errno)
h:/stm32cubeide_1.3.0/stm32cubeide/plugins/com.st.stm32cube.ide.mcu.externaltools.gnu-tools-for-stm32.7-2018-q2-update.win32_1.0.0.201904181610/tools/bin/../lib/gcc/arm-none-eabi/7.3.1/../../../../arm-none-eabi/lib/thumb/v7-m\libc_nano.a(lib_a-exit.o)
                              h:/stm32cubeide_1.3.0/stm32cubeide/plugins/com.st.stm32cube.ide.mcu.externaltools.gnu-tools-for-stm32.7-2018-q2-update.win32_1.0.0.201904181610/tools/bin/../lib/gcc/arm-none-eabi/7.3.1/../../../../arm-none-eabi/lib/thumb/v7-m/crt0.o (exit)
h:/stm32cubeide_1.3.0/stm32cubeide/plugins/com.st.stm32cube.ide.mcu.externaltools.gnu-tools-for-stm32.7-2018-q2-update.win32_1.0.0.201904181610/tools/bin/../lib/gcc/arm-none-eabi/7.3.1/../../../../arm-none-eabi/lib/thumb/v7-m\libc_nano.a(lib_a-impure.o)
                              h:/stm32cubeide_1.3.0/stm32cubeide/plugins/com.st.stm32cube.ide.mcu.externaltools.gnu-tools-for-stm32.7-2018-q2-update.win32_1.0.0.201904181610/tools/bin/../lib/gcc/arm-none-eabi/7.3.1/../../../../arm-none-eabi/lib/thumb/v7-m\libc_nano.a(lib_a-exit.o) (_global_impure_ptr)
h:/stm32cubeide_1.3.0/stm32cubeide/plugins/com.st.stm32cube.ide.mcu.externaltools.gnu-tools-for-stm32.7-2018-q2-update.win32_1.0.0.201904181610/tools/bin/../lib/gcc/arm-none-eabi/7.3.1/../../../../arm-none-eabi/lib/thumb/v7-m\libc_nano.a(lib_a-init.o)
                              h:/stm32cubeide_1.3.0/stm32cubeide/plugins/com.st.stm32cube.ide.mcu.externaltools.gnu-tools-for-stm32.7-2018-q2-update.win32_1.0.0.201904181610/tools/bin/../lib/gcc/arm-none-eabi/7.3.1/../../../../arm-none-eabi/lib/thumb/v7-m/crt0.o (__libc_init_array)
h:/stm32cubeide_1.3.0/stm32cubeide/plugins/com.st.stm32cube.ide.mcu.externaltools.gnu-tools-for-stm32.7-2018-q2-update.win32_1.0.0.201904181610/tools/bin/../lib/gcc/arm-none-eabi/7.3.1/../../../../arm-none-eabi/lib/thumb/v7-m\libc_nano.a(lib_a-malloc.o)
                              Core/Src/BMI160.o (malloc)
h:/stm32cubeide_1.3.0/stm32cubeide/plugins/com.st.stm32cube.ide.mcu.externaltools.gnu-tools-for-stm32.7-2018-q2-update.win32_1.0.0.201904181610/tools/bin/../lib/gcc/arm-none-eabi/7.3.1/../../../../arm-none-eabi/lib/thumb/v7-m\libc_nano.a(lib_a-memcpy-stub.o)
                              Core/Src/DFRobot_usbd_cdc_if.o (memcpy)
h:/stm32cubeide_1.3.0/stm32cubeide/plugins/com.st.stm32cube.ide.mcu.externaltools.gnu-tools-for-stm32.7-2018-q2-update.win32_1.0.0.201904181610/tools/bin/../lib/gcc/arm-none-eabi/7.3.1/../../../../arm-none-eabi/lib/thumb/v7-m\libc_nano.a(lib_a-memset.o)
                              h:/stm32cubeide_1.3.0/stm32cubeide/plugins/com.st.stm32cube.ide.mcu.externaltools.gnu-tools-for-stm32.7-2018-q2-update.win32_1.0.0.201904181610/tools/bin/../lib/gcc/arm-none-eabi/7.3.1/../../../../arm-none-eabi/lib/thumb/v7-m/crt0.o (memset)
h:/stm32cubeide_1.3.0/stm32cubeide/plugins/com.st.stm32cube.ide.mcu.externaltools.gnu-tools-for-stm32.7-2018-q2-update.win32_1.0.0.201904181610/tools/bin/../lib/gcc/arm-none-eabi/7.3.1/../../../../arm-none-eabi/lib/thumb/v7-m\libc_nano.a(lib_a-nano-freer.o)
                              h:/stm32cubeide_1.3.0/stm32cubeide/plugins/com.st.stm32cube.ide.mcu.externaltools.gnu-tools-for-stm32.7-2018-q2-update.win32_1.0.0.201904181610/tools/bin/../lib/gcc/arm-none-eabi/7.3.1/../../../../arm-none-eabi/lib/thumb/v7-m\libc_nano.a(lib_a-malloc.o) (_free_r)
h:/stm32cubeide_1.3.0/stm32cubeide/plugins/com.st.stm32cube.ide.mcu.externaltools.gnu-tools-for-stm32.7-2018-q2-update.win32_1.0.0.201904181610/tools/bin/../lib/gcc/arm-none-eabi/7.3.1/../../../../arm-none-eabi/lib/thumb/v7-m\libc_nano.a(lib_a-nano-mallocr.o)
                              h:/stm32cubeide_1.3.0/stm32cubeide/plugins/com.st.stm32cube.ide.mcu.externaltools.gnu-tools-for-stm32.7-2018-q2-update.win32_1.0.0.201904181610/tools/bin/../lib/gcc/arm-none-eabi/7.3.1/../../../../arm-none-eabi/lib/thumb/v7-m\libc_nano.a(lib_a-malloc.o) (_malloc_r)
h:/stm32cubeide_1.3.0/stm32cubeide/plugins/com.st.stm32cube.ide.mcu.externaltools.gnu-tools-for-stm32.7-2018-q2-update.win32_1.0.0.201904181610/tools/bin/../lib/gcc/arm-none-eabi/7.3.1/../../../../arm-none-eabi/lib/thumb/v7-m\libc_nano.a(lib_a-nano-vfprintf_float.o)
                              (_printf_float)
h:/stm32cubeide_1.3.0/stm32cubeide/plugins/com.st.stm32cube.ide.mcu.externaltools.gnu-tools-for-stm32.7-2018-q2-update.win32_1.0.0.201904181610/tools/bin/../lib/gcc/arm-none-eabi/7.3.1/../../../../arm-none-eabi/lib/thumb/v7-m\libc_nano.a(lib_a-nano-vfprintf_i.o)
[...]
Memory Configuration

Name             Origin             Length             Attributes
RAM              0x0000000020000000 0x000000000000c000 xrw
FLASH            0x000000000800e000 0x0000000000040000 xr
*default*        0x0000000000000000 0xffffffffffffffff

Linker script and memory map

LOAD h:/stm32cubeide_1.3.0/stm32cubeide/plugins/com.st.stm32cube.ide.mcu.externaltools.gnu-tools-for-stm32.7-2018-q2-update.win32_1.0.0.201904181610/tools/bin/../lib/gcc/arm-none-eabi/7.3.1/thumb/v7-m/crti.o
LOAD h:/stm32cubeide_1.3.0/stm32cubeide/plugins/com.st.stm32cube.ide.mcu.externaltools.gnu-tools-for-stm32.7-2018-q2-update.win32_1.0.0.201904181610/tools/bin/../lib/gcc/arm-none-eabi/7.3.1/thumb/v7-m/crtbegin.o
LOAD h:/stm32cubeide_1.3.0/stm32cubeide/plugins/com.st.stm32cube.ide.mcu.externaltools.gnu-tools-for-stm32.7-2018-q2-update.win32_1.0.0.201904181610/tools/bin/../lib/gcc/arm-none-eabi/7.3.1/../../../../arm-none-eabi/lib/thumb/v7-m/crt0.o
LOAD Core/Src/BMI160.o
LOAD Core/Src/DFRobot_usbd_cdc.o
LOAD Core/Src/DFRobot_usbd_cdc_if.o
LOAD Core/Src/DFRobot_usbd_composite.o
LOAD Core/Src/DFRobot_usbd_keyboard_hid.o
LOAD Core/Src/DFRobot_usbd_keyboard_hid_if.o
LOAD Core/Src/HuskyLens.o
LOAD Core/Src/firmata.o
LOAD Core/Src/main.o
LOAD Core/Src/stm32f1xx_hal_msp.o
LOAD Core/Src/stm32f1xx_it.o
LOAD Core/Src/syscalls.o
LOAD Core/Src/sysmem.o
LOAD Core/Src/system_stm32f1xx.o
LOAD Core/Startup/startup_stm32f103rctx.o
LOAD Drivers/STM32F1xx_HAL_Driver/Src/stm32f1xx_hal.o
LOAD Drivers/STM32F1xx_HAL_Driver/Src/stm32f1xx_hal_adc.o
LOAD Drivers/STM32F1xx_HAL_Driver/Src/stm32f1xx_hal_adc_ex.o
LOAD Drivers/STM32F1xx_HAL_Driver/Src/stm32f1xx_hal_cortex.o
LOAD Drivers/STM32F1xx_HAL_Driver/Src/stm32f1xx_hal_dma.o
LOAD Drivers/STM32F1xx_HAL_Driver/Src/stm32f1xx_hal_exti.o
LOAD Drivers/STM32F1xx_HAL_Driver/Src/stm32f1xx_hal_flash.o
LOAD Drivers/STM32F1xx_HAL_Driver/Src/stm32f1xx_hal_flash_ex.o
LOAD Drivers/STM32F1xx_HAL_Driver/Src/stm32f1xx_hal_gpio.o
LOAD Drivers/STM32F1xx_HAL_Driver/Src/stm32f1xx_hal_gpio_ex.o
LOAD Drivers/STM32F1xx_HAL_Driver/Src/stm32f1xx_hal_i2c.o
LOAD Drivers/STM32F1xx_HAL_Driver/Src/stm32f1xx_hal_pcd.o
LOAD Drivers/STM32F1xx_HAL_Driver/Src/stm32f1xx_hal_pcd_ex.o
LOAD Drivers/STM32F1xx_HAL_Driver/Src/stm32f1xx_hal_pwr.o
LOAD Drivers/STM32F1xx_HAL_Driver/Src/stm32f1xx_hal_rcc.o
LOAD Drivers/STM32F1xx_HAL_Driver/Src/stm32f1xx_hal_rcc_ex.o
LOAD Drivers/STM32F1xx_HAL_Driver/Src/stm32f1xx_hal_tim.o
LOAD Drivers/STM32F1xx_HAL_Driver/Src/stm32f1xx_hal_tim_ex.o
LOAD Drivers/STM32F1xx_HAL_Driver/Src/stm32f1xx_hal_uart.o
LOAD Drivers/STM32F1xx_HAL_Driver/Src/stm32f1xx_ll_usb.o
LOAD Middlewares/ST/STM32_USB_Device_Library/Class/CDC/Src/usbd_cdc.o
LOAD Middlewares/ST/STM32_USB_Device_Library/Core/Src/usbd_core.o
LOAD Middlewares/ST/STM32_USB_Device_Library/Core/Src/usbd_ctlreq.o
LOAD Middlewares/ST/STM32_USB_Device_Library/Core/Src/usbd_ioreq.o
LOAD USB_DEVICE/App/usb_device.o
LOAD USB_DEVICE/App/usbd_cdc_if.o
LOAD USB_DEVICE/App/usbd_desc.o
LOAD USB_DEVICE/Target/usbd_conf.o
START GROUP
LOAD h:/stm32cubeide_1.3.0/stm32cubeide/plugins/com.st.stm32cube.ide.mcu.externaltools.gnu-tools-for-stm32.7-2018-q2-update.win32_1.0.0.201904181610/tools/bin/../lib/gcc/arm-none-eabi/7.3.1/../../../../arm-none-eabi/lib/thumb/v7-m\libc_nano.a
LOAD h:/stm32cubeide_1.3.0/stm32cubeide/plugins/com.st.stm32cube.ide.mcu.externaltools.gnu-tools-for-stm32.7-2018-q2-update.win32_1.0.0.201904181610/tools/bin/../lib/gcc/arm-none-eabi/7.3.1/../../../../arm-none-eabi/lib/thumb/v7-m\libm.a
END GROUP
START GROUP
LOAD h:/stm32cubeide_1.3.0/stm32cubeide/plugins/com.st.stm32cube.ide.mcu.externaltools.gnu-tools-for-stm32.7-2018-q2-update.win32_1.0.0.201904181610/tools/bin/../lib/gcc/arm-none-eabi/7.3.1/thumb/v7-m\libgcc.a
LOAD h:/stm32cubeide_1.3.0/stm32cubeide/plugins/com.st.stm32cube.ide.mcu.externaltools.gnu-tools-for-stm32.7-2018-q2-update.win32_1.0.0.201904181610/tools/bin/../lib/gcc/arm-none-eabi/7.3.1/../../../../arm-none-eabi/lib/thumb/v7-m\libc_nano.a
END GROUP
START GROUP
LOAD h:/stm32cubeide_1.3.0/stm32cubeide/plugins/com.st.stm32cube.ide.mcu.externaltools.gnu-tools-for-stm32.7-2018-q2-update.win32_1.0.0.201904181610/tools/bin/../lib/gcc/arm-none-eabi/7.3.1/thumb/v7-m\libgcc.a
LOAD h:/stm32cubeide_1.3.0/stm32cubeide/plugins/com.st.stm32cube.ide.mcu.externaltools.gnu-tools-for-stm32.7-2018-q2-update.win32_1.0.0.201904181610/tools/bin/../lib/gcc/arm-none-eabi/7.3.1/../../../../arm-none-eabi/lib/thumb/v7-m\libc_nano.a
LOAD h:/stm32cubeide_1.3.0/stm32cubeide/plugins/com.st.stm32cube.ide.mcu.externaltools.gnu-tools-for-stm32.7-2018-q2-update.win32_1.0.0.201904181610/tools/bin/../lib/gcc/arm-none-eabi/7.3.1/../../../../arm-none-eabi/lib/thumb/v7-m\libnosys.a
END GROUP
START GROUP
LOAD h:/stm32cubeide_1.3.0/stm32cubeide/plugins/com.st.stm32cube.ide.mcu.externaltools.gnu-tools-for-stm32.7-2018-q2-update.win32_1.0.0.201904181610/tools/bin/../lib/gcc/arm-none-eabi/7.3.1/thumb/v7-m\libgcc.a
LOAD h:/stm32cubeide_1.3.0/stm32cubeide/plugins/com.st.stm32cube.ide.mcu.externaltools.gnu-tools-for-stm32.7-2018-q2-update.win32_1.0.0.201904181610/tools/bin/../lib/gcc/arm-none-eabi/7.3.1/../../../../arm-none-eabi/lib/thumb/v7-m\libc_nano.a
LOAD h:/stm32cubeide_1.3.0/stm32cubeide/plugins/com.st.stm32cube.ide.mcu.externaltools.gnu-tools-for-stm32.7-2018-q2-update.win32_1.0.0.201904181610/tools/bin/../lib/gcc/arm-none-eabi/7.3.1/../../../../arm-none-eabi/lib/thumb/v7-m\libnosys.a
END GROUP
LOAD h:/stm32cubeide_1.3.0/stm32cubeide/plugins/com.st.stm32cube.ide.mcu.externaltools.gnu-tools-for-stm32.7-2018-q2-update.win32_1.0.0.201904181610/tools/bin/../lib/gcc/arm-none-eabi/7.3.1/thumb/v7-m/crtend.o
LOAD h:/stm32cubeide_1.3.0/stm32cubeide/plugins/com.st.stm32cube.ide.mcu.externaltools.gnu-tools-for-stm32.7-2018-q2-update.win32_1.0.0.201904181610/tools/bin/../lib/gcc/arm-none-eabi/7.3.1/thumb/v7-m/crtn.o
                0x000000002000c000                _estack = (ORIGIN (RAM) + LENGTH (RAM))
                0x0000000000000200                _Min_Heap_Size = 0x200
                0x0000000000000400                _Min_Stack_Size = 0x400

.isr_vector     0x000000000800e000      0x1e4
                0x000000000800e000                . = ALIGN (0x4)
 *(.isr_vector)
 .isr_vector    0x000000000800e000      0x1e4 Core/Startup/startup_stm32f103rctx.o
                0x000000000800e000                g_pfnVectors
                0x000000000800e1e4                . = ALIGN (0x4)

.text           0x000000000800e1e8    0x11254
                0x000000000800e1e8                . = ALIGN (0x4)
 *(.text)
 .text          0x000000000800e1e8       0x40 h:/stm32cubeide_1.3.0/stm32cubeide/plugins/com.st.stm32cube.ide.mcu.externaltools.gnu-tools-for-stm32.7-2018-q2-update.win32_1.0.0.201904181610/tools/bin/../lib/gcc/arm-none-eabi/7.3.1/thumb/v7-m/crtbegin.o
 .text          0x000000000800e228       0x10 h:/stm32cubeide_1.3.0/stm32cubeide/plugins/com.st.stm32cube.ide.mcu.externaltools.gnu-tools-for-stm32.7-2018-q2-update.win32_1.0.0.201904181610/tools/bin/../lib/gcc/arm-none-eabi/7.3.1/../../../../arm-none-eabi/lib/thumb/v7-m\libc_nano.a(lib_a-strlen.o)
                0x000000000800e228                strlen
 .text          0x000000000800e238      0x378 h:/stm32cubeide_1.3.0/stm32cubeide/plugins/com.st.stm32cube.ide.mcu.externaltools.gnu-tools-for-stm32.7-2018-q2-update.win32_1.0.0.201904181610/tools/bin/../lib/gcc/arm-none-eabi/7.3.1/thumb/v7-m\libgcc.a(_arm_addsubdf3.o)
                0x000000000800e238                __aeabi_drsub
                0x000000000800e240                __aeabi_dsub
                0x000000000800e240                __subdf3
                0x000000000800e244                __aeabi_dadd
                0x000000000800e244                __adddf3
                0x000000000800e4bc                __floatunsidf
                0x000000000800e4bc                __aeabi_ui2d
                0x000000000800e4dc                __floatsidf
                0x000000000800e4dc                __aeabi_i2d
                0x000000000800e500                __aeabi_f2d
                0x000000000800e500                __extendsfdf2
                0x000000000800e544                __floatundidf
                0x000000000800e544                __aeabi_ul2d
                0x000000000800e554                __floatdidf
                0x000000000800e554                __aeabi_l2d
 .text          0x000000000800e5b0      0x424 h:/stm32cubeide_1.3.0/stm32cubeide/plugins/com.st.stm32cube.ide.mcu.externaltools.gnu-tools-for-stm32.7-2018-q2-update.win32_1.0.0.201904181610/tools/bin/../lib/gcc/arm-none-eabi/7.3.1/thumb/v7-m\libgcc.a(_arm_muldivdf3.o)
                0x000000000800e5b0                __aeabi_dmul
                0x000000000800e5b0                __muldf3
                0x000000000800e804                __divdf3
                0x000000000800e804                __aeabi_ddiv
 .text          0x000000000800e9d4      0x110 h:/stm32cubeide_1.3.0/stm32cubeide/plugins/com.st.stm32cube.ide.mcu.externaltools.gnu-tools-for-stm32.7-2018-q2-update.win32_1.0.0.201904181610/tools/bin/../lib/gcc/arm-none-eabi/7.3.1/thumb/v7-m\libgcc.a(_arm_cmpdf2.o)
                0x000000000800e9d4                __gtdf2
                0x000000000800e9d4                __gedf2
                0x000000000800e9dc                __ltdf2
                0x000000000800e9dc                __ledf2
                0x000000000800e9e4                __nedf2
                0x000000000800e9e4                __eqdf2
                0x000000000800e9e4                __cmpdf2
                0x000000000800ea60                __aeabi_cdrcmple
                0x000000000800ea70                __aeabi_cdcmpeq
                0x000000000800ea70                __aeabi_cdcmple
                0x000000000800ea80                __aeabi_dcmpeq
                0x000000000800ea94                __aeabi_dcmplt
                0x000000000800eaa8                __aeabi_dcmple
                0x000000000800eabc                __aeabi_dcmpge
                0x000000000800ead0                __aeabi_dcmpgt
 .text          0x000000000800eae4       0x2c h:/stm32cubeide_1.3.0/stm32cubeide/plugins/com.st.stm32cube.ide.mcu.externaltools.gnu-tools-for-stm32.7-2018-q2-update.win32_1.0.0.201904181610/tools/bin/../lib/gcc/arm-none-eabi/7.3.1/thumb/v7-m\libgcc.a(_arm_unorddf2.o)
                0x000000000800eae4                __unorddf2
                0x000000000800eae4                __aeabi_dcmpun
 .text          0x000000000800eb10       0x50 h:/stm32cubeide_1.3.0/stm32cubeide/plugins/com.st.stm32cube.ide.mcu.externaltools.gnu-tools-for-stm32.7-2018-q2-update.win32_1.0.0.201904181610/tools/bin/../lib/gcc/arm-none-eabi/7.3.1/thumb/v7-m\libgcc.a(_arm_fixdfsi.o)
                0x000000000800eb10                __aeabi_d2iz
                0x000000000800eb10                __fixdfsi
 .text          0x000000000800eb60       0x40 h:/stm32cubeide_1.3.0/stm32cubeide/plugins/com.st.stm32cube.ide.mcu.externaltools.gnu-tools-for-stm32.7-2018-q2-update.win32_1.0.0.201904181610/tools/bin/../lib/gcc/arm-none-eabi/7.3.1/thumb/v7-m\libgcc.a(_arm_fixunsdfsi.o)
                0x000000000800eb60                __aeabi_d2uiz
                0x000000000800eb60                __fixunsdfsi
 .text          0x000000000800eba0       0xa0 h:/stm32cubeide_1.3.0/stm32cubeide/plugins/com.st.stm32cube.ide.mcu.externaltools.gnu-tools-for-stm32.7-2018-q2-update.win32_1.0.0.201904181610/tools/bin/../lib/gcc/arm-none-eabi/7.3.1/thumb/v7-m\libgcc.a(_arm_truncdfsf2.o)
                0x000000000800eba0                __truncdfsf2
                0x000000000800eba0                __aeabi_d2f
 .text          0x000000000800ec40      0x21c h:/stm32cubeide_1.3.0/stm32cubeide/plugins/com.st.stm32cube.ide.mcu.externaltools.gnu-tools-for-stm32.7-2018-q2-update.win32_1.0.0.201904181610/tools/bin/../lib/gcc/arm-none-eabi/7.3.1/thumb/v7-m\libgcc.a(_arm_addsubsf3.o)
                0x000000000800ec40                __aeabi_frsub
                0x000000000800ec48                __subsf3
                0x000000000800ec48                __aeabi_fsub
                0x000000000800ec4c                __aeabi_fadd
                0x000000000800ec4c                __addsf3
                0x000000000800edac                __aeabi_ui2f
                0x000000000800edac                __floatunsisf
                0x000000000800edb4                __aeabi_i2f
                0x000000000800edb4                __floatsisf
                0x000000000800edd0                __aeabi_ul2f
                0x000000000800edd0                __floatundisf
                0x000000000800ede0                __aeabi_l2f
                0x000000000800ede0                __floatdisf
 .text          0x000000000800ee5c      0x2a0 h:/stm32cubeide_1.3.0/stm32cubeide/plugins/com.st.stm32cube.ide.mcu.externaltools.gnu-tools-for-stm32.7-2018-q2-update.win32_1.0.0.201904181610/tools/bin/../lib/gcc/arm-none-eabi/7.3.1/thumb/v7-m\libgcc.a(_arm_muldivsf3.o)
                0x000000000800ee5c                __mulsf3
                0x000000000800ee5c                __aeabi_fmul
                0x000000000800efc4                __aeabi_fdiv
                0x000000000800efc4                __divsf3
 .text          0x000000000800f0fc       0xec h:/stm32cubeide_1.3.0/stm32cubeide/plugins/com.st.stm32cube.ide.mcu.externaltools.gnu-tools-for-stm32.7-2018-q2-update.win32_1.0.0.201904181610/tools/bin/../lib/gcc/arm-none-eabi/7.3.1/thumb/v7-m\libgcc.a(_arm_cmpsf2.o)
                0x000000000800f0fc                __gesf2
                0x000000000800f0fc                __gtsf2
                0x000000000800f104                __lesf2
                0x000000000800f104                __ltsf2
                0x000000000800f10c                __nesf2
                0x000000000800f10c                __eqsf2
                0x000000000800f10c                __cmpsf2
                0x000000000800f16c                __aeabi_cfrcmple
                0x000000000800f174                __aeabi_cfcmpeq
                0x000000000800f174                __aeabi_cfcmple
                0x000000000800f184                __aeabi_fcmpeq
                0x000000000800f198                __aeabi_fcmplt
                0x000000000800f1ac                __aeabi_fcmple
                0x000000000800f1c0                __aeabi_fcmpge
                0x000000000800f1d4                __aeabi_fcmpgt
 .text          0x000000000800f1e8       0x4c h:/stm32cubeide_1.3.0/stm32cubeide/plugins/com.st.stm32cube.ide.mcu.externaltools.gnu-tools-for-stm32.7-2018-q2-update.win32_1.0.0.201904181610/tools/bin/../lib/gcc/arm-none-eabi/7.3.1/thumb/v7-m\libgcc.a(_arm_fixsfsi.o)
                0x000000000800f1e8                __aeabi_f2iz
                0x000000000800f1e8                __fixsfsi
 .text          0x000000000800f234       0x40 h:/stm32cubeide_1.3.0/stm32cubeide/plugins/com.st.stm32cube.ide.mcu.externaltools.gnu-tools-for-stm32.7-2018-q2-update.win32_1.0.0.201904181610/tools/bin/../lib/gcc/arm-none-eabi/7.3.1/thumb/v7-m\libgcc.a(_arm_fixunssfsi.o)
                0x000000000800f234                __fixunssfsi
                0x000000000800f234                __aeabi_f2uiz
 *(.text*)
 .text.begin    0x000000000800f274       0x94 Core/Src/BMI160.o
                0x000000000800f274                begin
 .text.I2cInit  0x000000000800f308       0x9c Core/Src/BMI160.o
                0x000000000800f308                I2cInit
 .text.setSensConf
                0x000000000800f3a4       0x88 Core/Src/BMI160.o
                0x000000000800f3a4                setSensConf
 .text.softReset
                0x000000000800f42c       0x4c Core/Src/BMI160.o
                0x000000000800f42c                softReset
 .text.defaultParamSettg
                0x000000000800f478       0x52 Core/Src/BMI160.o
                0x000000000800f478                defaultParamSettg
 *fill*         0x000000000800f4ca        0x2 
 .text.setInt   0x000000000800f4cc       0x94 Core/Src/BMI160.o
                0x000000000800f4cc                setInt
 .text.setIntConfig
                0x000000000800f560       0x6c Core/Src/BMI160.o
                0x000000000800f560                setIntConfig
 .text.setAccelStepDetectInt
                0x000000000800f5cc       0x86 Core/Src/BMI160.o
                0x000000000800f5cc                setAccelStepDetectInt
 *fill*         0x000000000800f652        0x2 
 .text.mapFeatureInterrupt
                0x000000000800f654      0x124 Core/Src/BMI160.o
                0x000000000800f654                mapFeatureInterrupt
 .text.configStepDetect
                0x000000000800f778      0x114 Core/Src/BMI160.o
                0x000000000800f778                configStepDetect
 .text.setIntrPinConfig
                0x000000000800f88c       0x36 Core/Src/BMI160.o
                0x000000000800f88c                setIntrPinConfig
 .text.configIntLatch
                0x000000000800f8c2       0xd0 Core/Src/BMI160.o
                0x000000000800f8c2                configIntLatch
 .text.configIntOutCtrl
                0x000000000800f992      0x194 Core/Src/BMI160.o
                0x000000000800f992                configIntOutCtrl
 .text.enableStepDetectInt
                0x000000000800fb26       0x72 Core/Src/BMI160.o
                0x000000000800fb26                enableStepDetectInt
 .text.setStepCounter
                0x000000000800fb98       0x84 Core/Src/BMI160.o
                0x000000000800fb98                setStepCounter
 .text.setStepPowerMode
                0x000000000800fc1c       0xdc Core/Src/BMI160.o
                0x000000000800fc1c                setStepPowerMode
 .text.setGyroConf
                0x000000000800fcf8       0x84 Core/Src/BMI160.o
                0x000000000800fcf8                setGyroConf
 .text.checkGyroConfig
                0x000000000800fd7c       0x66 Core/Src/BMI160.o
                0x000000000800fd7c                checkGyroConfig
 .text.processGyroOdr
                0x000000000800fde2       0x66 Core/Src/BMI160.o
                0x000000000800fde2                processGyroOdr
 .text.processGyroRange
                0x000000000800fe48       0x66 Core/Src/BMI160.o
                0x000000000800fe48                processGyroRange
 .text.processGyroBw
                0x000000000800feae       0x5c Core/Src/BMI160.o
                0x000000000800feae                processGyroBw
 .text.checkInvalidSettg
                0x000000000800ff0a       0x6a Core/Src/BMI160.o
                0x000000000800ff0a                checkInvalidSettg
 .text.setAccelConf
                0x000000000800ff74       0x88 Core/Src/BMI160.o
                0x000000000800ff74                setAccelConf
 .text.checkAccelConfig
                0x000000000800fffc       0x66 Core/Src/BMI160.o
                0x000000000800fffc                checkAccelConfig
 .text.processAccelOdr
                0x0000000008010062       0x66 Core/Src/BMI160.o
                0x0000000008010062                processAccelOdr
 .text.processAccelBw
                0x00000000080100c8       0x54 Core/Src/BMI160.o
                0x00000000080100c8                processAccelBw
 .text.processAccelRange
                0x000000000801011c       0x66 Core/Src/BMI160.o
                0x000000000801011c                processAccelRange
 .text.setPowerMode
                0x0000000008010182       0x34 Core/Src/BMI160.o
                0x0000000008010182                setPowerMode
 .text.setAccelPwr
                0x00000000080101b6       0x82 Core/Src/BMI160.o
                0x00000000080101b6                setAccelPwr
 .text.processUnderSampling
                0x0000000008010238       0xaa Core/Src/BMI160.o
                0x0000000008010238                processUnderSampling
 .text.setGyroPwr
                0x00000000080102e2       0x84 Core/Src/BMI160.o
                0x00000000080102e2                setGyroPwr
 *fill*         0x0000000008010366        0x2 
 .text.getAccX  0x0000000008010368       0x50 Core/Src/BMI160.o
                0x0000000008010368                getAccX
 .text.getAccY  0x00000000080103b8       0x50 Core/Src/BMI160.o
                0x00000000080103b8                getAccY
 .text.getAccZ  0x0000000008010408       0x54 Core/Src/BMI160.o
                0x0000000008010408                getAccZ
 .text.getstep  0x000000000801045c       0x34 Core/Src/BMI160.o
                0x000000000801045c                getstep
 .text.readStepCounter
                0x0000000008010490       0x76 Core/Src/BMI160.o
                0x0000000008010490                readStepCounter
 *fill*         0x0000000008010506        0x2 
 .text.getAccelGyroData
                0x0000000008010508       0x94 Core/Src/BMI160.o
                0x0000000008010508                getAccelGyroData
 .text.getSensorData
                0x000000000801059c       0xca Core/Src/BMI160.o
                0x000000000801059c                getSensorData
 .text.getGyroData1
                0x0000000008010666      0x30a Core/Src/BMI160.o
                0x0000000008010666                getGyroData1
 .text.getAccelData
                0x0000000008010970      0x174 Core/Src/BMI160.o
                0x0000000008010970                getAccelData
 .text.getAccelGyroData1
                0x0000000008010ae4      0x26c Core/Src/BMI160.o
                0x0000000008010ae4                getAccelGyroData1
 .text.getRegs  0x0000000008010d50       0x4a Core/Src/BMI160.o
                0x0000000008010d50                getRegs
 *fill*         0x0000000008010d9a        0x2 
 .text.I2cGetRegs
                0x0000000008010d9c       0x60 Core/Src/BMI160.o
                0x0000000008010d9c                I2cGetRegs
 .text.setRegs  0x0000000008010dfc       0x54 Core/Src/BMI160.o
                0x0000000008010dfc                setRegs
 .text.I2cSetRegs
                0x0000000008010e50       0xb8 Core/Src/BMI160.o
                0x0000000008010e50                I2cSetRegs
 .text.DFR_USBD_CDC_Init
                0x0000000008010f08       0xf4 Core/Src/DFRobot_usbd_cdc.o
 .text.DFR_USBD_CDC_DeInit
                0x0000000008010ffc       0x6e Core/Src/DFRobot_usbd_cdc.o
 .text.DFR_USBD_CDC_Setup
                0x000000000801106a      0x140 Core/Src/DFRobot_usbd_cdc.o
 .text.DFR_USBD_CDC_DataIn
                0x00000000080111aa       0xa6 Core/Src/DFRobot_usbd_cdc.o
 .text.DFR_USBD_CDC_DataOut
                0x0000000008011250       0x56 Core/Src/DFRobot_usbd_cdc.o
 .text.DFR_USBD_CDC_EP0_RxReady
                0x00000000080112a6       0x50 Core/Src/DFRobot_usbd_cdc.o
 *fill*         0x00000000080112f6        0x2 
 .text.DFR_USBD_CDC_GetFSCfgDesc
                0x00000000080112f8       0x20 Core/Src/DFRobot_usbd_cdc.o
 .text.DFR_USBD_CDC_GetHSCfgDesc
                0x0000000008011318       0x20 Core/Src/DFRobot_usbd_cdc.o
 .text.DFR_USBD_CDC_GetOtherSpeedCfgDesc
                0x0000000008011338       0x20 Core/Src/DFRobot_usbd_cdc.o
 .text.DFR_USBD_CDC_GetDeviceQualifierDescriptor
                0x0000000008011358       0x20 Core/Src/DFRobot_usbd_cdc.o
                0x0000000008011358                DFR_USBD_CDC_GetDeviceQualifierDescriptor
 .text.DFR_USBD_CDC_SetTxBuffer
                0x0000000008011378       0x32 Core/Src/DFRobot_usbd_cdc.o
                0x0000000008011378                DFR_USBD_CDC_SetTxBuffer
 .text.DFR_USBD_CDC_SetRxBuffer
                0x00000000080113aa       0x26 Core/Src/DFRobot_usbd_cdc.o
                0x00000000080113aa                DFR_USBD_CDC_SetRxBuffer
 .text.DFR_USBD_CDC_TransmitPacket
                0x00000000080113d0       0x5e Core/Src/DFRobot_usbd_cdc.o
                0x00000000080113d0                DFR_USBD_CDC_TransmitPacket
 .text.DFR_USBD_CDC_ReceivePacket
                0x000000000801142e       0x54 Core/Src/DFRobot_usbd_cdc.o
                0x000000000801142e                DFR_USBD_CDC_ReceivePacket
 *fill*         0x0000000008011482        0x2 
 .text.__NVIC_SystemReset
                0x0000000008011484       0x28 Core/Src/DFRobot_usbd_cdc_if.o
 .text.DFR_CDC_Init_FS
                0x00000000080114ac       0x28 Core/Src/DFRobot_usbd_cdc_if.o
 .text.DFR_CDC_DeInit_FS
                0x00000000080114d4        0xe Core/Src/DFRobot_usbd_cdc_if.o
 *fill*         0x00000000080114e2        0x2 
 .text.DFR_CDC_Control_FS
                0x00000000080114e4       0xd8 Core/Src/DFRobot_usbd_cdc_if.o
 .text.DFR_CDC_Receive_FS
                0x00000000080115bc       0x50 Core/Src/DFRobot_usbd_cdc_if.o
 .text.DFR_CDC_Transmit_FS
                0x000000000801160c       0x4c Core/Src/DFRobot_usbd_cdc_if.o
                0x000000000801160c                DFR_CDC_Transmit_FS
 .text.DFR_USBD_Composite_Init
                0x0000000008011658       0x84 Core/Src/DFRobot_usbd_composite.o
 .text.DFR_USBD_Composite_DeInit
                0x00000000080116dc       0x84 Core/Src/DFRobot_usbd_composite.o
 .text.DFR_USBD_Composite_EP0_RxReady
                0x0000000008011760       0x2c Core/Src/DFRobot_usbd_composite.o
 .text.DFR_USBD_Composite_Setup
                0x000000000801178c       0xec Core/Src/DFRobot_usbd_composite.o
 .text.DFR_USBD_Composite_DataIn
                0x0000000008011878       0x84 Core/Src/DFRobot_usbd_composite.o
 .text.DFR_USBD_Composite_DataOut
                0x00000000080118fc       0x80 Core/Src/DFRobot_usbd_composite.o
 .text.DFR_USBD_Composite_GetFSCfgDesc
                0x000000000801197c       0x20 Core/Src/DFRobot_usbd_composite.o
 .text.DFR_USBD_Composite_GetDeviceQualifierDescriptor
                0x000000000801199c       0x20 Core/Src/DFRobot_usbd_composite.o
 .text.DFR_USBD_KEYBOARD_HID_Init
                0x00000000080119bc       0x82 Core/Src/DFRobot_usbd_keyboard_hid.o
 .text.DFR_USBD_KEYBOARD_HID_DeInit
                0x0000000008011a3e       0x5c Core/Src/DFRobot_usbd_keyboard_hid.o
 *fill*         0x0000000008011a9a        0x2 
 .text.DFR_USBD_KEYBOARD_HID_Setup
                0x0000000008011a9c      0x200 Core/Src/DFRobot_usbd_keyboard_hid.o
 .text.DFR_USBD_KEYBOARD_HID_SendReport
                0x0000000008011c9c       0x4a Core/Src/DFRobot_usbd_keyboard_hid.o
                0x0000000008011c9c                DFR_USBD_KEYBOARD_HID_SendReport
 *fill*         0x0000000008011ce6        0x2 
 .text.DFR_USBD_KEYBOARD_HID_GetFSCfgDesc
                0x0000000008011ce8       0x20 Core/Src/DFRobot_usbd_keyboard_hid.o
 .text.DFR_USBD_KEYBOARD_HID_GetHSCfgDesc
                0x0000000008011d08       0x20 Core/Src/DFRobot_usbd_keyboard_hid.o
 .text.DFR_USBD_KEYBOARD_HID_GetOtherSpeedCfgDesc
                0x0000000008011d28       0x20 Core/Src/DFRobot_usbd_keyboard_hid.o
 .text.DFR_USBD_KEYBOARD_HID_DataIn
                0x0000000008011d48       0x22 Core/Src/DFRobot_usbd_keyboard_hid.o
 .text.DFR_USBD_KEYBOARD_HID_DataOut
                0x0000000008011d6a       0x3e Core/Src/DFRobot_usbd_keyboard_hid.o
 .text.DFR_USBD_KEYBOARD_HID_EP0_RxReady
                0x0000000008011da8       0x3c Core/Src/DFRobot_usbd_keyboard_hid.o
 .text.DFR_USBD_KEYBOARD_HID_GetDeviceQualifierDesc
                0x0000000008011de4       0x20 Core/Src/DFRobot_usbd_keyboard_hid.o
 .text.DFR_KEYBOARD_HID_Init_FS
                0x0000000008011e04        0xe Core/Src/DFRobot_usbd_keyboard_hid_if.o
 .text.DFR_KEYBOARD_HID_DeInit_FS
                0x0000000008011e12        0xe Core/Src/DFRobot_usbd_keyboard_hid_if.o
 .text.DFR_KEYBOARD_HID_OutEvent_FS
                0x0000000008011e20       0x1c Core/Src/DFRobot_usbd_keyboard_hid_if.o
 .text.protocolWriteRequest
                0x0000000008011e3c       0x18 Core/Src/HuskyLens.o
                0x0000000008011e3c                protocolWriteRequest
 .text.protocolWriteRequestClearText
                0x0000000008011e54       0x18 Core/Src/HuskyLens.o
                0x0000000008011e54                protocolWriteRequestClearText
 .text.protocolWriteRequestTakePhotoToSDCard
                0x0000000008011e6c       0x18 Core/Src/HuskyLens.o
                0x0000000008011e6c                protocolWriteRequestTakePhotoToSDCard
 .text.protocolWriteRequestForgetLearn
                0x0000000008011e84       0x18 Core/Src/HuskyLens.o
                0x0000000008011e84                protocolWriteRequestForgetLearn
 .text.protocolWriteRequestSaveModelToTFCard
                0x0000000008011e9c       0x18 Core/Src/HuskyLens.o
                0x0000000008011e9c                protocolWriteRequestSaveModelToTFCard
 .text.protocolWriteRequestAlgorithm
                0x0000000008011eb4       0x18 Core/Src/HuskyLens.o
                0x0000000008011eb4                protocolWriteRequestAlgorithm
 .text.protocolReadReturnInfo
                0x0000000008011ecc       0x1a Core/Src/HuskyLens.o
                0x0000000008011ecc                protocolReadReturnInfo
 .text.protocolReadReturnBlock
                0x0000000008011ee6       0x1a Core/Src/HuskyLens.o
                0x0000000008011ee6                protocolReadReturnBlock
 .text.protocolReadReturnArrow
                0x0000000008011f00       0x1a Core/Src/HuskyLens.o
                0x0000000008011f00                protocolReadReturnArrow
 .text.protocolWriteRequestCustomText
                0x0000000008011f1a       0x18 Core/Src/HuskyLens.o
                0x0000000008011f1a                protocolWriteRequestCustomText
 .text.protocolWriteRequestName
                0x0000000008011f32       0x18 Core/Src/HuskyLens.o
                0x0000000008011f32                protocolWriteRequestName
 .text.protocolWriteRequestLearnOnece
                0x0000000008011f4a       0x18 Core/Src/HuskyLens.o
                0x0000000008011f4a                protocolWriteRequestLearnOnece
 .text.writeAlgorithm
                0x0000000008011f62       0x24 Core/Src/HuskyLens.o
                0x0000000008011f62                writeAlgorithm
 .text.request  0x0000000008011f86       0x22 Core/Src/HuskyLens.o
                0x0000000008011f86                request
 .text.processReturn
                0x0000000008011fa8       0xb0 Core/Src/HuskyLens.o
                0x0000000008011fa8                processReturn
 .text.wait     0x0000000008012058       0x36 Core/Src/HuskyLens.o
                0x0000000008012058                wait
 *fill*         0x000000000801208e        0x2 
 .text.husky_lens_protocol_read_begin
                0x0000000008012090       0x48 Core/Src/HuskyLens.o
                0x0000000008012090                husky_lens_protocol_read_begin
 .text.protocolAvailable
                0x00000000080120d8       0x54 Core/Src/HuskyLens.o
                0x00000000080120d8                protocolAvailable
 .text.validateCheckSum
                0x000000000801212c       0x54 Core/Src/HuskyLens.o
                0x000000000801212c                validateCheckSum
 .text.husky_lens_protocol_receive
                0x0000000008012180       0xe0 Core/Src/HuskyLens.o
                0x0000000008012180                husky_lens_protocol_receive
 .text.protocolWriteCommand
                0x0000000008012260       0x34 Core/Src/HuskyLens.o
                0x0000000008012260                protocolWriteCommand
 .text.protocolWrite
                0x0000000008012294       0x2c Core/Src/HuskyLens.o
                0x0000000008012294                protocolWrite
 .text.husky_lens_protocol_write_end
                0x00000000080122c0       0x9c Core/Src/HuskyLens.o
                0x00000000080122c0                husky_lens_protocol_write_end
 .text.husky_lens_protocol_write_begin
                0x000000000801235c       0x48 Core/Src/HuskyLens.o
                0x000000000801235c                husky_lens_protocol_write_begin
 .text.protocolReadFiveInt16
                0x00000000080123a4       0x6e Core/Src/HuskyLens.o
                0x00000000080123a4                protocolReadFiveInt16
 *fill*         0x0000000008012412        0x2 
 .text.husky_lens_protocol_read_end
                0x0000000008012414       0x40 Core/Src/HuskyLens.o
                0x0000000008012414                husky_lens_protocol_read_end
 .text.husky_lens_protocol_read_int16
                0x0000000008012454       0x78 Core/Src/HuskyLens.o
                0x0000000008012454                husky_lens_protocol_read_int16
 .text.protocolWriteOneInt16
                0x00000000080124cc       0x40 Core/Src/HuskyLens.o
                0x00000000080124cc                protocolWriteOneInt16
 .text.husky_lens_protocol_write_int16
                0x000000000801250c       0x60 Core/Src/HuskyLens.o
                0x000000000801250c                husky_lens_protocol_write_int16
 .text.protocolWriteBufferUint8
                0x000000000801256c       0x46 Core/Src/HuskyLens.o
                0x000000000801256c                protocolWriteBufferUint8
 *fill*         0x00000000080125b2        0x2 
 .text.husky_lens_protocol_write_buffer_uint8
                0x00000000080125b4       0x60 Core/Src/HuskyLens.o
                0x00000000080125b4                husky_lens_protocol_write_buffer_uint8
 .text.readLearnedIDCount
                0x0000000008012614       0x1c Core/Src/HuskyLens.o
                0x0000000008012614                readLearnedIDCount
 .text.writeOSD
                0x0000000008012630       0xb0 Core/Src/HuskyLens.o
                0x0000000008012630                writeOSD
 .text.clearOSD
                0x00000000080126e0       0x1e Core/Src/HuskyLens.o
                0x00000000080126e0                clearOSD
 .text.isAppearDirect
                0x00000000080126fe       0x34 Core/Src/HuskyLens.o
                0x00000000080126fe                isAppearDirect
 .text.readBlockCenterParameterDirect
                0x0000000008012732       0xb6 Core/Src/HuskyLens.o
                0x0000000008012732                readBlockCenterParameterDirect
 .text.blocksreadDirect
                0x00000000080127e8       0x1c Core/Src/HuskyLens.o
                0x00000000080127e8                blocksreadDirect
 .text.readBlockDirect
                0x0000000008012804       0x44 Core/Src/HuskyLens.o
                0x0000000008012804                readBlockDirect
 .text.readBlockProtocol
                0x0000000008012848       0x6c Core/Src/HuskyLens.o
                0x0000000008012848                readBlockProtocol
 .text.blocksavailable
                0x00000000080128b4        0xe Core/Src/HuskyLens.o
                0x00000000080128b4                blocksavailable
 *fill*         0x00000000080128c2        0x2 
 .text.countBlocks
                0x00000000080128c4       0x58 Core/Src/HuskyLens.o
                0x00000000080128c4                countBlocks
 .text.isLearned
                0x000000000801291c       0x2c Core/Src/HuskyLens.o
                0x000000000801291c                isLearned
 .text.countLearnedIDs
                0x0000000008012948       0x18 Core/Src/HuskyLens.o
                0x0000000008012948                countLearnedIDs
 .text.isAppear
                0x0000000008012960       0x42 Core/Src/HuskyLens.o
                0x0000000008012960                isAppear
 *fill*         0x00000000080129a2        0x2 
 .text.countArrows
                0x00000000080129a4       0x58 Core/Src/HuskyLens.o
                0x00000000080129a4                countArrows
 .text.readBlockParameter
                0x00000000080129fc       0x4a Core/Src/HuskyLens.o
                0x00000000080129fc                readBlockParameter
 .text.read     0x0000000008012a46       0x20 Core/Src/HuskyLens.o
                0x0000000008012a46                read
 *fill*         0x0000000008012a66        0x2 
 .text.readBlock
                0x0000000008012a68       0x4c Core/Src/HuskyLens.o
                0x0000000008012a68                readBlock
 .text.readBlockByIDProtocol
                0x0000000008012ab4       0x88 Core/Src/HuskyLens.o
                0x0000000008012ab4                readBlockByIDProtocol
 .text.readArrowParameter
                0x0000000008012b3c       0x4a Core/Src/HuskyLens.o
                0x0000000008012b3c                readArrowParameter
 *fill*         0x0000000008012b86        0x2 
 .text.arrowsread
                0x0000000008012b88       0x4c Core/Src/HuskyLens.o
                0x0000000008012b88                arrowsread
 .text.readALLCount
                0x0000000008012bd4       0x44 Core/Src/HuskyLens.o
                0x0000000008012bd4                readALLCount
 .text.countIDBlocks
                0x0000000008012c18       0x70 Core/Src/HuskyLens.o
                0x0000000008012c18                countIDBlocks
 .text.countIDArrows
                0x0000000008012c88       0x70 Core/Src/HuskyLens.o
                0x0000000008012c88                countIDArrows
 .text.forgetLearn
                0x0000000008012cf8       0x1e Core/Src/HuskyLens.o
                0x0000000008012cf8                forgetLearn
 .text.learnOnece
                0x0000000008012d16       0x3e Core/Src/HuskyLens.o
                0x0000000008012d16                learnOnece
 .text.writeName
                0x0000000008012d54       0xa0 Core/Src/HuskyLens.o
                0x0000000008012d54                writeName
 .text.takePhotoToSDCard
                0x0000000008012df4       0x1e Core/Src/HuskyLens.o
                0x0000000008012df4                takePhotoToSDCard
 .text.saveModelToTFCard
                0x0000000008012e12       0x3e Core/Src/HuskyLens.o
                0x0000000008012e12                saveModelToTFCard
 .text.loadModelFromTFCard
                0x0000000008012e50       0x16 Core/Src/HuskyLens.o
                0x0000000008012e50                loadModelFromTFCard
 *fill*         0x0000000008012e66        0x2 
 .text.reoprt_sysex
                0x0000000008012e68      0xc7c Core/Src/firmata.o
 .text.sendFirmwareVersion
                0x0000000008013ae4       0x3a Core/Src/firmata.o
 *fill*         0x0000000008013b1e        0x2 
 .text.reoprt_firmware
                0x0000000008013b20       0x44 Core/Src/firmata.o
 .text.getPinMode
                0x0000000008013b64       0x30 Core/Src/firmata.o
                0x0000000008013b64                getPinMode
 .text.firmata_setPinMode
                0x0000000008013b94       0x44 Core/Src/firmata.o
 .text.firmata_setDigitalPinValue
                0x0000000008013bd8       0x54 Core/Src/firmata.o
 .text.firmata_processSysexMessage
                0x0000000008013c2c       0x40 Core/Src/firmata.o
                0x0000000008013c2c                firmata_processSysexMessage
 .text.firmata_parse
                0x0000000008013c6c       0xf8 Core/Src/firmata.o
                0x0000000008013c6c                firmata_parse
 .text.HAL_GPIO_EXTI_Callback
                0x0000000008013d64      0x314 Core/Src/main.o
                0x0000000008013d64                HAL_GPIO_EXTI_Callback
 .text.reportAnalogstick
                0x0000000008014078      0x16c Core/Src/main.o
                0x0000000008014078                reportAnalogstick
 *fill*         0x00000000080141e4        0x4 
 .text.HAL_ADC_ConvCpltCallback
                0x00000000080141e8       0x9c Core/Src/main.o
                0x00000000080141e8                HAL_ADC_ConvCpltCallback
 .text.HAL_TIM_PeriodElapsedCallback
                0x0000000008014284       0x12 Core/Src/main.o
                0x0000000008014284                HAL_TIM_PeriodElapsedCallback
 *fill*         0x0000000008014296        0x2 
 .text.main     0x0000000008014298       0xe0 Core/Src/main.o
                0x0000000008014298                main
 .text.SystemClock_Config
                0x0000000008014378       0xc0 Core/Src/main.o
                0x0000000008014378                SystemClock_Config
 .text.MX_ADC1_Init
                0x0000000008014438       0x9c Core/Src/main.o
 .text.MX_I2C2_Init
                0x00000000080144d4       0x5c Core/Src/main.o
 .text.MX_TIM1_Init
                0x0000000008014530       0xa4 Core/Src/main.o
 .text.MX_TIM3_Init
                0x00000000080145d4       0x9c Core/Src/main.o
 .text.MX_USART1_UART_Init
                0x0000000008014670       0x54 Core/Src/main.o
 .text.MX_DMA_Init
                0x00000000080146c4       0x3c Core/Src/main.o
 .text.MX_GPIO_Init
                0x0000000008014700      0x1e8 Core/Src/main.o
 .text.Error_Handler
                0x00000000080148e8        0xc Core/Src/main.o
                0x00000000080148e8                Error_Handler
 .text.HAL_MspInit
                0x00000000080148f4       0x64 Core/Src/stm32f1xx_hal_msp.o
                0x00000000080148f4                HAL_MspInit
 .text.HAL_ADC_MspInit
                0x0000000008014958       0xd4 Core/Src/stm32f1xx_hal_msp.o
                0x0000000008014958                HAL_ADC_MspInit
 .text.HAL_I2C_MspInit
                0x0000000008014a2c       0x80 Core/Src/stm32f1xx_hal_msp.o
                0x0000000008014a2c                HAL_I2C_MspInit
 .text.HAL_TIM_Base_MspInit
                0x0000000008014aac       0x94 Core/Src/stm32f1xx_hal_msp.o
                0x0000000008014aac                HAL_TIM_Base_MspInit
 .text.HAL_UART_MspInit
                0x0000000008014b40       0x98 Core/Src/stm32f1xx_hal_msp.o
                0x0000000008014b40                HAL_UART_MspInit
 .text.NMI_Handler
                0x0000000008014bd8        0xc Core/Src/stm32f1xx_it.o
                0x0000000008014bd8                NMI_Handler
 .text.HardFault_Handler
                0x0000000008014be4        0x6 Core/Src/stm32f1xx_it.o
                0x0000000008014be4                HardFault_Handler
 .text.MemManage_Handler
                0x0000000008014bea        0x6 Core/Src/stm32f1xx_it.o
                0x0000000008014bea                MemManage_Handler
 .text.BusFault_Handler
                0x0000000008014bf0        0x6 Core/Src/stm32f1xx_it.o
                0x0000000008014bf0                BusFault_Handler
 .text.UsageFault_Handler
                0x0000000008014bf6        0x6 Core/Src/stm32f1xx_it.o
                0x0000000008014bf6                UsageFault_Handler
 .text.SVC_Handler
                0x0000000008014bfc        0xc Core/Src/stm32f1xx_it.o
                0x0000000008014bfc                SVC_Handler
 .text.DebugMon_Handler
                0x0000000008014c08        0xc Core/Src/stm32f1xx_it.o
                0x0000000008014c08                DebugMon_Handler
 .text.PendSV_Handler
                0x0000000008014c14        0xc Core/Src/stm32f1xx_it.o
                0x0000000008014c14                PendSV_Handler
 .text.SysTick_Handler
                0x0000000008014c20        0xc Core/Src/stm32f1xx_it.o
                0x0000000008014c20                SysTick_Handler
 .text.EXTI0_IRQHandler
                0x0000000008014c2c        0xe Core/Src/stm32f1xx_it.o
                0x0000000008014c2c                EXTI0_IRQHandler
 .text.EXTI1_IRQHandler
                0x0000000008014c3a        0xe Core/Src/stm32f1xx_it.o
                0x0000000008014c3a                EXTI1_IRQHandler
 .text.EXTI2_IRQHandler
                0x0000000008014c48        0xe Core/Src/stm32f1xx_it.o
                0x0000000008014c48                EXTI2_IRQHandler
 .text.EXTI3_IRQHandler
                0x0000000008014c56        0xe Core/Src/stm32f1xx_it.o
                0x0000000008014c56                EXTI3_IRQHandler
 .text.EXTI4_IRQHandler
                0x0000000008014c64        0xe Core/Src/stm32f1xx_it.o
                0x0000000008014c64                EXTI4_IRQHandler
 *fill*         0x0000000008014c72        0x2 
 .text.DMA1_Channel1_IRQHandler
                0x0000000008014c74       0x14 Core/Src/stm32f1xx_it.o
                0x0000000008014c74                DMA1_Channel1_IRQHandler
 .text.USB_LP_CAN1_RX0_IRQHandler
                0x0000000008014c88       0x14 Core/Src/stm32f1xx_it.o
                0x0000000008014c88                USB_LP_CAN1_RX0_IRQHandler
 .text.EXTI9_5_IRQHandler
                0x0000000008014c9c       0x2a Core/Src/stm32f1xx_it.o
                0x0000000008014c9c                EXTI9_5_IRQHandler
 *fill*         0x0000000008014cc6        0x2 
 .text.TIM1_BRK_IRQHandler
                0x0000000008014cc8       0x14 Core/Src/stm32f1xx_it.o
                0x0000000008014cc8                TIM1_BRK_IRQHandler
 .text.TIM1_UP_IRQHandler
                0x0000000008014cdc       0x14 Core/Src/stm32f1xx_it.o
                0x0000000008014cdc                TIM1_UP_IRQHandler
 .text.TIM3_IRQHandler
                0x0000000008014cf0       0x14 Core/Src/stm32f1xx_it.o
                0x0000000008014cf0                TIM3_IRQHandler
 .text._sbrk    0x0000000008014d04       0x58 Core/Src/sysmem.o
                0x0000000008014d04                _sbrk
 .text.SystemInit
                0x0000000008014d5c        0xc Core/Src/system_stm32f1xx.o
                0x0000000008014d5c                SystemInit
 .text.Reset_Handler
                0x0000000008014d68       0x48 Core/Startup/startup_stm32f103rctx.o
                0x0000000008014d68                Reset_Handler
 .text.Default_Handler
                0x0000000008014db0        0x2 Core/Startup/startup_stm32f103rctx.o
                0x0000000008014db0                RTC_Alarm_IRQHandler
                0x0000000008014db0                TIM8_TRG_COM_IRQHandler
                0x0000000008014db0                TIM8_CC_IRQHandler
                0x0000000008014db0                TIM1_CC_IRQHandler
                0x0000000008014db0                TIM6_IRQHandler
                0x0000000008014db0                PVD_IRQHandler
                0x0000000008014db0                SDIO_IRQHandler
                0x0000000008014db0                I2C2_EV_IRQHandler
                0x0000000008014db0                ADC1_2_IRQHandler
                0x0000000008014db0                SPI1_IRQHandler
                0x0000000008014db0                TAMPER_IRQHandler
                0x0000000008014db0                TIM8_UP_IRQHandler
                0x0000000008014db0                DMA2_Channel2_IRQHandler
                0x0000000008014db0                DMA1_Channel4_IRQHandler
                0x0000000008014db0                USART3_IRQHandler
                0x0000000008014db0                RTC_IRQHandler
                0x0000000008014db0                DMA1_Channel7_IRQHandler
                0x0000000008014db0                CAN1_RX1_IRQHandler
                0x0000000008014db0                UART5_IRQHandler
                0x0000000008014db0                ADC3_IRQHandler
                0x0000000008014db0                TIM4_IRQHandler
                0x0000000008014db0                DMA2_Channel1_IRQHandler
                0x0000000008014db0                I2C1_EV_IRQHandler
                0x0000000008014db0                DMA1_Channel6_IRQHandler
                0x0000000008014db0                UART4_IRQHandler
                0x0000000008014db0                RCC_IRQHandler
                0x0000000008014db0                TIM1_TRG_COM_IRQHandler
                0x0000000008014db0                Default_Handler
                0x0000000008014db0                EXTI15_10_IRQHandler
                0x0000000008014db0                TIM7_IRQHandler
                0x0000000008014db0                TIM5_IRQHandler
                0x0000000008014db0                SPI2_IRQHandler
                0x0000000008014db0                DMA1_Channel5_IRQHandler
                0x0000000008014db0                USB_HP_CAN1_TX_IRQHandler
                0x0000000008014db0                DMA1_Channel3_IRQHandler
                0x0000000008014db0                FSMC_IRQHandler
                0x0000000008014db0                WWDG_IRQHandler
                0x0000000008014db0                TIM2_IRQHandler
                0x0000000008014db0                DMA2_Channel4_5_IRQHandler
                0x0000000008014db0                USART2_IRQHandler
                0x0000000008014db0                I2C2_ER_IRQHandler
                0x0000000008014db0                DMA1_Channel2_IRQHandler
                0x0000000008014db0                TIM8_BRK_IRQHandler
                0x0000000008014db0                CAN1_SCE_IRQHandler
                0x0000000008014db0                FLASH_IRQHandler
                0x0000000008014db0                USART1_IRQHandler
                0x0000000008014db0                SPI3_IRQHandler
                0x0000000008014db0                I2C1_ER_IRQHandler
                0x0000000008014db0                USBWakeUp_IRQHandler
                0x0000000008014db0                DMA2_Channel3_IRQHandler
 *fill*         0x0000000008014db2        0x2 
 .text.HAL_Init
                0x0000000008014db4       0x2c Drivers/STM32F1xx_HAL_Driver/Src/stm32f1xx_hal.o
                0x0000000008014db4                HAL_Init
 .text.HAL_InitTick
                0x0000000008014de0       0x60 Drivers/STM32F1xx_HAL_Driver/Src/stm32f1xx_hal.o
                0x0000000008014de0                HAL_InitTick
 .text.HAL_IncTick
                0x0000000008014e40       0x24 Drivers/STM32F1xx_HAL_Driver/Src/stm32f1xx_hal.o
                0x0000000008014e40                HAL_IncTick
 .text.HAL_GetTick
                0x0000000008014e64       0x14 Drivers/STM32F1xx_HAL_Driver/Src/stm32f1xx_hal.o
                0x0000000008014e64                HAL_GetTick
 .text.HAL_Delay
                0x0000000008014e78       0x44 Drivers/STM32F1xx_HAL_Driver/Src/stm32f1xx_hal.o
                0x0000000008014e78                HAL_Delay
 .text.HAL_ADC_Init
                0x0000000008014ebc      0x1d4 Drivers/STM32F1xx_HAL_Driver/Src/stm32f1xx_hal_adc.o
                0x0000000008014ebc                HAL_ADC_Init
 .text.HAL_ADC_Start_DMA
                0x0000000008015090      0x1bc Drivers/STM32F1xx_HAL_Driver/Src/stm32f1xx_hal_adc.o
                0x0000000008015090                HAL_ADC_Start_DMA
 .text.HAL_ADC_ConvHalfCpltCallback
                0x000000000801524c       0x12 Drivers/STM32F1xx_HAL_Driver/Src/stm32f1xx_hal_adc.o
                0x000000000801524c                HAL_ADC_ConvHalfCpltCallback
 .text.HAL_ADC_ErrorCallback
                0x000000000801525e       0x12 Drivers/STM32F1xx_HAL_Driver/Src/stm32f1xx_hal_adc.o
                0x000000000801525e                HAL_ADC_ErrorCallback
 .text.HAL_ADC_ConfigChannel
                0x0000000008015270      0x1f0 Drivers/STM32F1xx_HAL_Driver/Src/stm32f1xx_hal_adc.o
                0x0000000008015270                HAL_ADC_ConfigChannel
 .text.ADC_Enable
                0x0000000008015460       0xa4 Drivers/STM32F1xx_HAL_Driver/Src/stm32f1xx_hal_adc.o
                0x0000000008015460                ADC_Enable
 .text.ADC_ConversionStop_Disable
                0x0000000008015504       0x74 Drivers/STM32F1xx_HAL_Driver/Src/stm32f1xx_hal_adc.o
                0x0000000008015504                ADC_ConversionStop_Disable
 .text.ADC_DMAConvCplt
                0x0000000008015578       0x7c Drivers/STM32F1xx_HAL_Driver/Src/stm32f1xx_hal_adc.o
                0x0000000008015578                ADC_DMAConvCplt
 .text.ADC_DMAHalfConvCplt
                0x00000000080155f4       0x1c Drivers/STM32F1xx_HAL_Driver/Src/stm32f1xx_hal_adc.o
                0x00000000080155f4                ADC_DMAHalfConvCplt
 .text.ADC_DMAError
                0x0000000008015610       0x34 Drivers/STM32F1xx_HAL_Driver/Src/stm32f1xx_hal_adc.o
                0x0000000008015610                ADC_DMAError
 .text.__NVIC_SetPriorityGrouping
                0x0000000008015644       0x48 Drivers/STM32F1xx_HAL_Driver/Src/stm32f1xx_hal_cortex.o
 .text.__NVIC_GetPriorityGrouping
                0x000000000801568c       0x1c Drivers/STM32F1xx_HAL_Driver/Src/stm32f1xx_hal_cortex.o
 .text.__NVIC_EnableIRQ
                0x00000000080156a8       0x38 Drivers/STM32F1xx_HAL_Driver/Src/stm32f1xx_hal_cortex.o
 .text.__NVIC_SetPriority
                0x00000000080156e0       0x54 Drivers/STM32F1xx_HAL_Driver/Src/stm32f1xx_hal_cortex.o
 .text.NVIC_EncodePriority
                0x0000000008015734       0x64 Drivers/STM32F1xx_HAL_Driver/Src/stm32f1xx_hal_cortex.o
 .text.SysTick_Config
                0x0000000008015798       0x44 Drivers/STM32F1xx_HAL_Driver/Src/stm32f1xx_hal_cortex.o
 .text.HAL_NVIC_SetPriorityGrouping
                0x00000000080157dc       0x16 Drivers/STM32F1xx_HAL_Driver/Src/stm32f1xx_hal_cortex.o
                0x00000000080157dc                HAL_NVIC_SetPriorityGrouping
 .text.HAL_NVIC_SetPriority
                0x00000000080157f2       0x38 Drivers/STM32F1xx_HAL_Driver/Src/stm32f1xx_hal_cortex.o
                0x00000000080157f2                HAL_NVIC_SetPriority
 .text.HAL_NVIC_EnableIRQ
                0x000000000801582a       0x1c Drivers/STM32F1xx_HAL_Driver/Src/stm32f1xx_hal_cortex.o
                0x000000000801582a                HAL_NVIC_EnableIRQ
 .text.HAL_SYSTICK_Config
                0x0000000008015846       0x18 Drivers/STM32F1xx_HAL_Driver/Src/stm32f1xx_hal_cortex.o
                0x0000000008015846                HAL_SYSTICK_Config
 *fill*         0x000000000801585e        0x2 
 .text.HAL_DMA_Init
                0x0000000008015860       0xec Drivers/STM32F1xx_HAL_Driver/Src/stm32f1xx_hal_dma.o
                0x0000000008015860                HAL_DMA_Init
 .text.HAL_DMA_Start_IT
                0x000000000801594c       0xbe Drivers/STM32F1xx_HAL_Driver/Src/stm32f1xx_hal_dma.o
                0x000000000801594c                HAL_DMA_Start_IT
 *fill*         0x0000000008015a0a        0x2 
 .text.HAL_DMA_IRQHandler
                0x0000000008015a0c      0x478 Drivers/STM32F1xx_HAL_Driver/Src/stm32f1xx_hal_dma.o
                0x0000000008015a0c                HAL_DMA_IRQHandler
 .text.DMA_SetConfig
                0x0000000008015e84       0x5a Drivers/STM32F1xx_HAL_Driver/Src/stm32f1xx_hal_dma.o
 *fill*         0x0000000008015ede        0x2 
 .text.HAL_GPIO_Init
                0x0000000008015ee0      0x2d4 Drivers/STM32F1xx_HAL_Driver/Src/stm32f1xx_hal_gpio.o
                0x0000000008015ee0                HAL_GPIO_Init
 .text.HAL_GPIO_ReadPin
                0x00000000080161b4       0x2e Drivers/STM32F1xx_HAL_Driver/Src/stm32f1xx_hal_gpio.o
                0x00000000080161b4                HAL_GPIO_ReadPin
 .text.HAL_GPIO_WritePin
                0x00000000080161e2       0x30 Drivers/STM32F1xx_HAL_Driver/Src/stm32f1xx_hal_gpio.o
                0x00000000080161e2                HAL_GPIO_WritePin
 *fill*         0x0000000008016212        0x2 
 .text.HAL_GPIO_EXTI_IRQHandler
                0x0000000008016214       0x30 Drivers/STM32F1xx_HAL_Driver/Src/stm32f1xx_hal_gpio.o
                0x0000000008016214                HAL_GPIO_EXTI_IRQHandler
 .text.HAL_I2C_Init
                0x0000000008016244      0x270 Drivers/STM32F1xx_HAL_Driver/Src/stm32f1xx_hal_i2c.o
                0x0000000008016244                HAL_I2C_Init
 .text.HAL_I2C_Master_Transmit
                0x00000000080164b4      0x1fc Drivers/STM32F1xx_HAL_Driver/Src/stm32f1xx_hal_i2c.o
                0x00000000080164b4                HAL_I2C_Master_Transmit
 .text.HAL_I2C_Master_Receive
                0x00000000080166b0      0x4b4 Drivers/STM32F1xx_HAL_Driver/Src/stm32f1xx_hal_i2c.o
                0x00000000080166b0                HAL_I2C_Master_Receive
 .text.I2C_MasterRequestWrite
                0x0000000008016b64      0x104 Drivers/STM32F1xx_HAL_Driver/Src/stm32f1xx_hal_i2c.o
 .text.I2C_MasterRequestRead
                0x0000000008016c68      0x19c Drivers/STM32F1xx_HAL_Driver/Src/stm32f1xx_hal_i2c.o
 .text.I2C_WaitOnFlagUntilTimeout
                0x0000000008016e04       0xae Drivers/STM32F1xx_HAL_Driver/Src/stm32f1xx_hal_i2c.o
 .text.I2C_WaitOnMasterAddressFlagUntilTimeout
                0x0000000008016eb2       0xfe Drivers/STM32F1xx_HAL_Driver/Src/stm32f1xx_hal_i2c.o
 .text.I2C_WaitOnTXEFlagUntilTimeout
                0x0000000008016fb0       0x82 Drivers/STM32F1xx_HAL_Driver/Src/stm32f1xx_hal_i2c.o
 .text.I2C_WaitOnBTFFlagUntilTimeout
                0x0000000008017032       0x82 Drivers/STM32F1xx_HAL_Driver/Src/stm32f1xx_hal_i2c.o
 .text.I2C_WaitOnRXNEFlagUntilTimeout
                0x00000000080170b4       0xac Drivers/STM32F1xx_HAL_Driver/Src/stm32f1xx_hal_i2c.o
 .text.I2C_IsAcknowledgeFailed
                0x0000000008017160       0x5c Drivers/STM32F1xx_HAL_Driver/Src/stm32f1xx_hal_i2c.o
 .text.HAL_PCD_Init
                0x00000000080171bc      0x216 Drivers/STM32F1xx_HAL_Driver/Src/stm32f1xx_hal_pcd.o
                0x00000000080171bc                HAL_PCD_Init
 .text.HAL_PCD_Start
                0x00000000080173d2       0x4c Drivers/STM32F1xx_HAL_Driver/Src/stm32f1xx_hal_pcd.o
                0x00000000080173d2                HAL_PCD_Start
 .text.HAL_PCD_IRQHandler
                0x000000000801741e      0x2aa Drivers/STM32F1xx_HAL_Driver/Src/stm32f1xx_hal_pcd.o
                0x000000000801741e                HAL_PCD_IRQHandler
 .text.HAL_PCD_SetAddress
                0x00000000080176c8       0x4a Drivers/STM32F1xx_HAL_Driver/Src/stm32f1xx_hal_pcd.o
                0x00000000080176c8                HAL_PCD_SetAddress
 .text.HAL_PCD_EP_Open
                0x0000000008017712       0xcc Drivers/STM32F1xx_HAL_Driver/Src/stm32f1xx_hal_pcd.o
                0x0000000008017712                HAL_PCD_EP_Open
 .text.HAL_PCD_EP_Close
                0x00000000080177de       0x90 Drivers/STM32F1xx_HAL_Driver/Src/stm32f1xx_hal_pcd.o
                0x00000000080177de                HAL_PCD_EP_Close
 .text.HAL_PCD_EP_Receive
                0x000000000801786e       0x7a Drivers/STM32F1xx_HAL_Driver/Src/stm32f1xx_hal_pcd.o
                0x000000000801786e                HAL_PCD_EP_Receive
 .text.HAL_PCD_EP_GetRxCount
                0x00000000080178e8       0x2e Drivers/STM32F1xx_HAL_Driver/Src/stm32f1xx_hal_pcd.o
                0x00000000080178e8                HAL_PCD_EP_GetRxCount
 .text.HAL_PCD_EP_Transmit
                0x0000000008017916       0x86 Drivers/STM32F1xx_HAL_Driver/Src/stm32f1xx_hal_pcd.o
                0x0000000008017916                HAL_PCD_EP_Transmit
 .text.HAL_PCD_EP_SetStall
                0x000000000801799c       0xc0 Drivers/STM32F1xx_HAL_Driver/Src/stm32f1xx_hal_pcd.o
                0x000000000801799c                HAL_PCD_EP_SetStall
 .text.HAL_PCD_EP_ClrStall
                0x0000000008017a5c       0xa8 Drivers/STM32F1xx_HAL_Driver/Src/stm32f1xx_hal_pcd.o
                0x0000000008017a5c                HAL_PCD_EP_ClrStall
 .text.PCD_EP_ISR_Handler
                0x0000000008017b04      0x5e6 Drivers/STM32F1xx_HAL_Driver/Src/stm32f1xx_hal_pcd.o
 .text.HAL_PCD_EP_DB_Receive
                0x00000000080180ea      0x21a Drivers/STM32F1xx_HAL_Driver/Src/stm32f1xx_hal_pcd.o
 .text.HAL_PCD_EP_DB_Transmit
                0x0000000008018304      0x53a Drivers/STM32F1xx_HAL_Driver/Src/stm32f1xx_hal_pcd.o
 .text.HAL_PCDEx_PMAConfig
                0x000000000801883e       0x84 Drivers/STM32F1xx_HAL_Driver/Src/stm32f1xx_hal_pcd_ex.o
                0x000000000801883e                HAL_PCDEx_PMAConfig
 *fill*         0x00000000080188c2        0x2 
 .text.HAL_RCC_OscConfig
                0x00000000080188c4      0x500 Drivers/STM32F1xx_HAL_Driver/Src/stm32f1xx_hal_rcc.o
                0x00000000080188c4                HAL_RCC_OscConfig
 .text.HAL_RCC_ClockConfig
                0x0000000008018dc4      0x1d4 Drivers/STM32F1xx_HAL_Driver/Src/stm32f1xx_hal_rcc.o
                0x0000000008018dc4                HAL_RCC_ClockConfig
 .text.HAL_RCC_GetSysClockFreq
                0x0000000008018f98       0xc4 Drivers/STM32F1xx_HAL_Driver/Src/stm32f1xx_hal_rcc.o
                0x0000000008018f98                HAL_RCC_GetSysClockFreq
 .text.HAL_RCC_GetHCLKFreq
                0x000000000801905c       0x14 Drivers/STM32F1xx_HAL_Driver/Src/stm32f1xx_hal_rcc.o
                0x000000000801905c                HAL_RCC_GetHCLKFreq
 .text.HAL_RCC_GetPCLK1Freq
                0x0000000008019070       0x28 Drivers/STM32F1xx_HAL_Driver/Src/stm32f1xx_hal_rcc.o
                0x0000000008019070                HAL_RCC_GetPCLK1Freq
 .text.HAL_RCC_GetPCLK2Freq
                0x0000000008019098       0x28 Drivers/STM32F1xx_HAL_Driver/Src/stm32f1xx_hal_rcc.o
                0x0000000008019098                HAL_RCC_GetPCLK2Freq
 .text.RCC_Delay
                0x00000000080190c0       0x3c Drivers/STM32F1xx_HAL_Driver/Src/stm32f1xx_hal_rcc.o
 .text.HAL_RCCEx_PeriphCLKConfig
                0x00000000080190fc      0x16c Drivers/STM32F1xx_HAL_Driver/Src/stm32f1xx_hal_rcc_ex.o
                0x00000000080190fc                HAL_RCCEx_PeriphCLKConfig
 .text.HAL_TIM_Base_Init
                0x0000000008019268       0x9e Drivers/STM32F1xx_HAL_Driver/Src/stm32f1xx_hal_tim.o
                0x0000000008019268                HAL_TIM_Base_Init
 *fill*         0x0000000008019306        0x2 
 .text.HAL_TIM_Base_Start_IT
                0x0000000008019308       0xc0 Drivers/STM32F1xx_HAL_Driver/Src/stm32f1xx_hal_tim.o
                0x0000000008019308                HAL_TIM_Base_Start_IT
 .text.HAL_TIM_PWM_Start
                0x00000000080193c8      0x174 Drivers/STM32F1xx_HAL_Driver/Src/stm32f1xx_hal_tim.o
                0x00000000080193c8                HAL_TIM_PWM_Start
 .text.HAL_TIM_IRQHandler
                0x000000000801953c      0x210 Drivers/STM32F1xx_HAL_Driver/Src/stm32f1xx_hal_tim.o
                0x000000000801953c                HAL_TIM_IRQHandler
 .text.HAL_TIM_ConfigClockSource
                0x000000000801974c      0x16e Drivers/STM32F1xx_HAL_Driver/Src/stm32f1xx_hal_tim.o
                0x000000000801974c                HAL_TIM_ConfigClockSource
 .text.HAL_TIM_OC_DelayElapsedCallback
                0x00000000080198ba       0x12 Drivers/STM32F1xx_HAL_Driver/Src/stm32f1xx_hal_tim.o
                0x00000000080198ba                HAL_TIM_OC_DelayElapsedCallback
 .text.HAL_TIM_IC_CaptureCallback
                0x00000000080198cc       0x12 Drivers/STM32F1xx_HAL_Driver/Src/stm32f1xx_hal_tim.o
                0x00000000080198cc                HAL_TIM_IC_CaptureCallback
 .text.HAL_TIM_PWM_PulseFinishedCallback
                0x00000000080198de       0x12 Drivers/STM32F1xx_HAL_Driver/Src/stm32f1xx_hal_tim.o
                0x00000000080198de                HAL_TIM_PWM_PulseFinishedCallback
 .text.HAL_TIM_TriggerCallback
                0x00000000080198f0       0x12 Drivers/STM32F1xx_HAL_Driver/Src/stm32f1xx_hal_tim.o
                0x00000000080198f0                HAL_TIM_TriggerCallback
 *fill*         0x0000000008019902        0x2 
 .text.TIM_Base_SetConfig
                0x0000000008019904       0xf4 Drivers/STM32F1xx_HAL_Driver/Src/stm32f1xx_hal_tim.o
                0x0000000008019904                TIM_Base_SetConfig
 .text.TIM_TI1_ConfigInputStage
                0x00000000080199f8       0x5c Drivers/STM32F1xx_HAL_Driver/Src/stm32f1xx_hal_tim.o
 .text.TIM_TI2_ConfigInputStage
                0x0000000008019a54       0x5e Drivers/STM32F1xx_HAL_Driver/Src/stm32f1xx_hal_tim.o
 .text.TIM_ITRx_SetConfig
                0x0000000008019ab2       0x34 Drivers/STM32F1xx_HAL_Driver/Src/stm32f1xx_hal_tim.o
 .text.TIM_ETR_SetConfig
                0x0000000008019ae6       0x3e Drivers/STM32F1xx_HAL_Driver/Src/stm32f1xx_hal_tim.o
                0x0000000008019ae6                TIM_ETR_SetConfig
 .text.TIM_CCxChannelCmd
                0x0000000008019b24       0x48 Drivers/STM32F1xx_HAL_Driver/Src/stm32f1xx_hal_tim.o
                0x0000000008019b24                TIM_CCxChannelCmd
 .text.HAL_TIMEx_MasterConfigSynchronization
                0x0000000008019b6c       0xd8 Drivers/STM32F1xx_HAL_Driver/Src/stm32f1xx_hal_tim_ex.o
                0x0000000008019b6c                HAL_TIMEx_MasterConfigSynchronization
 .text.HAL_TIMEx_CommutCallback
                0x0000000008019c44       0x12 Drivers/STM32F1xx_HAL_Driver/Src/stm32f1xx_hal_tim_ex.o
                0x0000000008019c44                HAL_TIMEx_CommutCallback
 .text.HAL_TIMEx_BreakCallback
                0x0000000008019c56       0x12 Drivers/STM32F1xx_HAL_Driver/Src/stm32f1xx_hal_tim_ex.o
                0x0000000008019c56                HAL_TIMEx_BreakCallback
 .text.HAL_UART_Init
                0x0000000008019c68       0x9a Drivers/STM32F1xx_HAL_Driver/Src/stm32f1xx_hal_uart.o
                0x0000000008019c68                HAL_UART_Init
 *fill*         0x0000000008019d02        0x2 
 .text.UART_SetConfig
                0x0000000008019d04      0x11c Drivers/STM32F1xx_HAL_Driver/Src/stm32f1xx_hal_uart.o
 .text.USB_CoreInit
                0x0000000008019e20       0x20 Drivers/STM32F1xx_HAL_Driver/Src/stm32f1xx_ll_usb.o
                0x0000000008019e20                USB_CoreInit
 .text.USB_EnableGlobalInt
                0x0000000008019e40       0x2c Drivers/STM32F1xx_HAL_Driver/Src/stm32f1xx_ll_usb.o
                0x0000000008019e40                USB_EnableGlobalInt
 .text.USB_DisableGlobalInt
                0x0000000008019e6c       0x34 Drivers/STM32F1xx_HAL_Driver/Src/stm32f1xx_ll_usb.o
                0x0000000008019e6c                USB_DisableGlobalInt
 .text.USB_SetCurrentMode
                0x0000000008019ea0       0x18 Drivers/STM32F1xx_HAL_Driver/Src/stm32f1xx_ll_usb.o
                0x0000000008019ea0                USB_SetCurrentMode
 .text.USB_DevInit
                0x0000000008019eb8       0x40 Drivers/STM32F1xx_HAL_Driver/Src/stm32f1xx_ll_usb.o
                0x0000000008019eb8                USB_DevInit
 .text.USB_ActivateEndpoint
                0x0000000008019ef8      0x6d4 Drivers/STM32F1xx_HAL_Driver/Src/stm32f1xx_ll_usb.o
                0x0000000008019ef8                USB_ActivateEndpoint
 .text.USB_DeactivateEndpoint
                0x000000000801a5cc      0x3d8 Drivers/STM32F1xx_HAL_Driver/Src/stm32f1xx_ll_usb.o
                0x000000000801a5cc                USB_DeactivateEndpoint
 .text.USB_EPStartXfer
                0x000000000801a9a4     0x124e Drivers/STM32F1xx_HAL_Driver/Src/stm32f1xx_ll_usb.o
                0x000000000801a9a4                USB_EPStartXfer
 .text.USB_EPSetStall
                0x000000000801bbf2       0xa0 Drivers/STM32F1xx_HAL_Driver/Src/stm32f1xx_ll_usb.o
                0x000000000801bbf2                USB_EPSetStall
 .text.USB_EPClearStall
                0x000000000801bc92      0x15a Drivers/STM32F1xx_HAL_Driver/Src/stm32f1xx_ll_usb.o
                0x000000000801bc92                USB_EPClearStall
 .text.USB_SetDevAddress
                0x000000000801bdec       0x26 Drivers/STM32F1xx_HAL_Driver/Src/stm32f1xx_ll_usb.o
                0x000000000801bdec                USB_SetDevAddress
 .text.USB_DevConnect
                0x000000000801be12       0x14 Drivers/STM32F1xx_HAL_Driver/Src/stm32f1xx_ll_usb.o
                0x000000000801be12                USB_DevConnect
 .text.USB_DevDisconnect
                0x000000000801be26       0x14 Drivers/STM32F1xx_HAL_Driver/Src/stm32f1xx_ll_usb.o
                0x000000000801be26                USB_DevDisconnect
 .text.USB_ReadInterrupts
                0x000000000801be3a       0x1e Drivers/STM32F1xx_HAL_Driver/Src/stm32f1xx_ll_usb.o
                0x000000000801be3a                USB_ReadInterrupts
 .text.USB_EP0_OutStart
                0x000000000801be58       0x16 Drivers/STM32F1xx_HAL_Driver/Src/stm32f1xx_ll_usb.o
                0x000000000801be58                USB_EP0_OutStart
 .text.USB_WritePMA
                0x000000000801be6e       0x88 Drivers/STM32F1xx_HAL_Driver/Src/stm32f1xx_ll_usb.o
                0x000000000801be6e                USB_WritePMA
 .text.USB_ReadPMA
                0x000000000801bef6       0x9e Drivers/STM32F1xx_HAL_Driver/Src/stm32f1xx_ll_usb.o
                0x000000000801bef6                USB_ReadPMA
 .text.USBD_Init
                0x000000000801bf94       0x56 Middlewares/ST/STM32_USB_Device_Library/Core/Src/usbd_core.o
                0x000000000801bf94                USBD_Init
 .text.USBD_RegisterClass
                0x000000000801bfea       0x32 Middlewares/ST/STM32_USB_Device_Library/Core/Src/usbd_core.o
                0x000000000801bfea                USBD_RegisterClass
 .text.USBD_Start
                0x000000000801c01c       0x18 Middlewares/ST/STM32_USB_Device_Library/Core/Src/usbd_core.o
                0x000000000801c01c                USBD_Start
 .text.USBD_RunTestMode
                0x000000000801c034       0x14 Middlewares/ST/STM32_USB_Device_Library/Core/Src/usbd_core.o
                0x000000000801c034                USBD_RunTestMode
 .text.USBD_SetClassConfig
                0x000000000801c048       0x3e Middlewares/ST/STM32_USB_Device_Library/Core/Src/usbd_core.o
                0x000000000801c048                USBD_SetClassConfig
 .text.USBD_ClrClassConfig
                0x000000000801c086       0x26 Middlewares/ST/STM32_USB_Device_Library/Core/Src/usbd_core.o
                0x000000000801c086                USBD_ClrClassConfig
 .text.USBD_LL_SetupStage
                0x000000000801c0ac       0x96 Middlewares/ST/STM32_USB_Device_Library/Core/Src/usbd_core.o
                0x000000000801c0ac                USBD_LL_SetupStage
 .text.USBD_LL_DataOutStage
                0x000000000801c142       0xe2 Middlewares/ST/STM32_USB_Device_Library/Core/Src/usbd_core.o
                0x000000000801c142                USBD_LL_DataOutStage
 .text.USBD_LL_DataInStage
                0x000000000801c224      0x14a Middlewares/ST/STM32_USB_Device_Library/Core/Src/usbd_core.o
                0x000000000801c224                USBD_LL_DataInStage
 .text.USBD_LL_Reset
                0x000000000801c36e       0x82 Middlewares/ST/STM32_USB_Device_Library/Core/Src/usbd_core.o
                0x000000000801c36e                USBD_LL_Reset
 .text.USBD_LL_SetSpeed
                0x000000000801c3f0       0x1e Middlewares/ST/STM32_USB_Device_Library/Core/Src/usbd_core.o
                0x000000000801c3f0                USBD_LL_SetSpeed
 .text.USBD_LL_Suspend
                0x000000000801c40e       0x28 Middlewares/ST/STM32_USB_Device_Library/Core/Src/usbd_core.o
                0x000000000801c40e                USBD_LL_Suspend
 .text.USBD_LL_Resume
                0x000000000801c436       0x2a Middlewares/ST/STM32_USB_Device_Library/Core/Src/usbd_core.o
                0x000000000801c436                USBD_LL_Resume
 .text.USBD_LL_SOF
                0x000000000801c460       0x34 Middlewares/ST/STM32_USB_Device_Library/Core/Src/usbd_core.o
                0x000000000801c460                USBD_LL_SOF
 .text.USBD_StdDevReq
                0x000000000801c494       0xd4 Middlewares/ST/STM32_USB_Device_Library/Core/Src/usbd_ctlreq.o
                0x000000000801c494                USBD_StdDevReq
 .text.USBD_StdItfReq
                0x000000000801c568       0x8c Middlewares/ST/STM32_USB_Device_Library/Core/Src/usbd_ctlreq.o
                0x000000000801c568                USBD_StdItfReq
 .text.USBD_StdEPReq
                0x000000000801c5f4      0x2ba Middlewares/ST/STM32_USB_Device_Library/Core/Src/usbd_ctlreq.o
                0x000000000801c5f4                USBD_StdEPReq
 *fill*         0x000000000801c8ae        0x2 
 .text.USBD_GetDescriptor
                0x000000000801c8b0      0x2d0 Middlewares/ST/STM32_USB_Device_Library/Core/Src/usbd_ctlreq.o
 .text.USBD_SetAddress
                0x000000000801cb80       0x84 Middlewares/ST/STM32_USB_Device_Library/Core/Src/usbd_ctlreq.o
 .text.USBD_SetConfig
                0x000000000801cc04      0x11c Middlewares/ST/STM32_USB_Device_Library/Core/Src/usbd_ctlreq.o
 .text.USBD_GetConfig
                0x000000000801cd20       0x68 Middlewares/ST/STM32_USB_Device_Library/Core/Src/usbd_ctlreq.o
 .text.USBD_GetStatus
                0x000000000801cd88       0x66 Middlewares/ST/STM32_USB_Device_Library/Core/Src/usbd_ctlreq.o
 .text.USBD_SetFeature
                0x000000000801cdee       0x28 Middlewares/ST/STM32_USB_Device_Library/Core/Src/usbd_ctlreq.o
 .text.USBD_ClrFeature
                0x000000000801ce16       0x42 Middlewares/ST/STM32_USB_Device_Library/Core/Src/usbd_ctlreq.o
 .text.USBD_ParseSetupRequest
                0x000000000801ce58       0x78 Middlewares/ST/STM32_USB_Device_Library/Core/Src/usbd_ctlreq.o
                0x000000000801ce58                USBD_ParseSetupRequest
 .text.USBD_CtlError
                0x000000000801ced0       0x22 Middlewares/ST/STM32_USB_Device_Library/Core/Src/usbd_ctlreq.o
                0x000000000801ced0                USBD_CtlError
 .text.USBD_GetString
                0x000000000801cef2       0x84 Middlewares/ST/STM32_USB_Device_Library/Core/Src/usbd_ctlreq.o
                0x000000000801cef2                USBD_GetString
 .text.USBD_GetLen
                0x000000000801cf76       0x2e Middlewares/ST/STM32_USB_Device_Library/Core/Src/usbd_ctlreq.o
 .text.USBD_CtlSendData
                0x000000000801cfa4       0x38 Middlewares/ST/STM32_USB_Device_Library/Core/Src/usbd_ioreq.o
                0x000000000801cfa4                USBD_CtlSendData
 .text.USBD_CtlContinueSendData
                0x000000000801cfdc       0x24 Middlewares/ST/STM32_USB_Device_Library/Core/Src/usbd_ioreq.o
                0x000000000801cfdc                USBD_CtlContinueSendData
 .text.USBD_CtlPrepareRx
                0x000000000801d000       0x3c Middlewares/ST/STM32_USB_Device_Library/Core/Src/usbd_ioreq.o
                0x000000000801d000                USBD_CtlPrepareRx
 .text.USBD_CtlContinueRx
                0x000000000801d03c       0x24 Middlewares/ST/STM32_USB_Device_Library/Core/Src/usbd_ioreq.o
                0x000000000801d03c                USBD_CtlContinueRx
 .text.USBD_CtlSendStatus
                0x000000000801d060       0x26 Middlewares/ST/STM32_USB_Device_Library/Core/Src/usbd_ioreq.o
                0x000000000801d060                USBD_CtlSendStatus
 .text.USBD_CtlReceiveStatus
                0x000000000801d086       0x26 Middlewares/ST/STM32_USB_Device_Library/Core/Src/usbd_ioreq.o
                0x000000000801d086                USBD_CtlReceiveStatus
 .text.MX_USB_DEVICE_Init
                0x000000000801d0ac       0x4c USB_DEVICE/App/usb_device.o
                0x000000000801d0ac                MX_USB_DEVICE_Init
 .text.USBD_FS_DeviceDescriptor
                0x000000000801d0f8       0x24 USB_DEVICE/App/usbd_desc.o
                0x000000000801d0f8                USBD_FS_DeviceDescriptor
 .text.USBD_FS_LangIDStrDescriptor
                0x000000000801d11c       0x24 USB_DEVICE/App/usbd_desc.o
                0x000000000801d11c                USBD_FS_LangIDStrDescriptor
 .text.USBD_FS_ProductStrDescriptor
                0x000000000801d140       0x3c USB_DEVICE/App/usbd_desc.o
                0x000000000801d140                USBD_FS_ProductStrDescriptor
 .text.USBD_FS_ManufacturerStrDescriptor
                0x000000000801d17c       0x28 USB_DEVICE/App/usbd_desc.o
                0x000000000801d17c                USBD_FS_ManufacturerStrDescriptor
 .text.USBD_FS_SerialStrDescriptor
                0x000000000801d1a4       0x24 USB_DEVICE/App/usbd_desc.o
                0x000000000801d1a4                USBD_FS_SerialStrDescriptor
 .text.USBD_FS_ConfigStrDescriptor
                0x000000000801d1c8       0x3c USB_DEVICE/App/usbd_desc.o
                0x000000000801d1c8                USBD_FS_ConfigStrDescriptor
 .text.USBD_FS_InterfaceStrDescriptor
                0x000000000801d204       0x3c USB_DEVICE/App/usbd_desc.o
                0x000000000801d204                USBD_FS_InterfaceStrDescriptor
 .text.Get_SerialNum
                0x000000000801d240       0x58 USB_DEVICE/App/usbd_desc.o
 .text.IntToUnicode
                0x000000000801d298       0x7a USB_DEVICE/App/usbd_desc.o
 *fill*         0x000000000801d312        0x2 
 .text.HAL_PCD_MspInit
                0x000000000801d314       0x4c USB_DEVICE/Target/usbd_conf.o
                0x000000000801d314                HAL_PCD_MspInit
 .text.HAL_PCD_SetupStageCallback
                0x000000000801d360       0x24 USB_DEVICE/Target/usbd_conf.o
                0x000000000801d360                HAL_PCD_SetupStageCallback
 .text.HAL_PCD_DataOutStageCallback
                0x000000000801d384       0x36 USB_DEVICE/Target/usbd_conf.o
                0x000000000801d384                HAL_PCD_DataOutStageCallback
 .text.HAL_PCD_DataInStageCallback
                0x000000000801d3ba       0x34 USB_DEVICE/Target/usbd_conf.o
                0x000000000801d3ba                HAL_PCD_DataInStageCallback
 .text.HAL_PCD_SOFCallback
                0x000000000801d3ee       0x1c USB_DEVICE/Target/usbd_conf.o
                0x000000000801d3ee                HAL_PCD_SOFCallback
 .text.HAL_PCD_ResetCallback
                0x000000000801d40a       0x3c USB_DEVICE/Target/usbd_conf.o
                0x000000000801d40a                HAL_PCD_ResetCallback
 *fill*         0x000000000801d446        0x2 
 .text.HAL_PCD_SuspendCallback
                0x000000000801d448       0x34 USB_DEVICE/Target/usbd_conf.o
                0x000000000801d448                HAL_PCD_SuspendCallback
 .text.HAL_PCD_ResumeCallback
                0x000000000801d47c       0x1c USB_DEVICE/Target/usbd_conf.o
                0x000000000801d47c                HAL_PCD_ResumeCallback
 .text.USBD_LL_Init
                0x000000000801d498       0xd8 USB_DEVICE/Target/usbd_conf.o
                0x000000000801d498                USBD_LL_Init
 .text.USBD_LL_Start
                0x000000000801d570       0x36 USB_DEVICE/Target/usbd_conf.o
                0x000000000801d570                USBD_LL_Start
 .text.USBD_LL_OpenEP
                0x000000000801d5a6       0x4c USB_DEVICE/Target/usbd_conf.o
                0x000000000801d5a6                USBD_LL_OpenEP
 .text.USBD_LL_CloseEP
                0x000000000801d5f2       0x3e USB_DEVICE/Target/usbd_conf.o
                0x000000000801d5f2                USBD_LL_CloseEP
 .text.USBD_LL_StallEP
                0x000000000801d630       0x3e USB_DEVICE/Target/usbd_conf.o
                0x000000000801d630                USBD_LL_StallEP
 .text.USBD_LL_ClearStallEP
                0x000000000801d66e       0x3e USB_DEVICE/Target/usbd_conf.o
                0x000000000801d66e                USBD_LL_ClearStallEP
 .text.USBD_LL_IsStallEP
                0x000000000801d6ac       0x58 USB_DEVICE/Target/usbd_conf.o
                0x000000000801d6ac                USBD_LL_IsStallEP
 .text.USBD_LL_SetUSBAddress
                0x000000000801d704       0x3e USB_DEVICE/Target/usbd_conf.o
                0x000000000801d704                USBD_LL_SetUSBAddress
 .text.USBD_LL_Transmit
                0x000000000801d742       0x46 USB_DEVICE/Target/usbd_conf.o
                0x000000000801d742                USBD_LL_Transmit
 .text.USBD_LL_PrepareReceive
                0x000000000801d788       0x46 USB_DEVICE/Target/usbd_conf.o
                0x000000000801d788                USBD_LL_PrepareReceive
 .text.USBD_LL_GetRxDataSize
                0x000000000801d7ce       0x26 USB_DEVICE/Target/usbd_conf.o
                0x000000000801d7ce                USBD_LL_GetRxDataSize
 .text.USBD_static_malloc
                0x000000000801d7f4       0x18 USB_DEVICE/Target/usbd_conf.o
                0x000000000801d7f4                USBD_static_malloc
 .text.USBD_static_free
                0x000000000801d80c       0x12 USB_DEVICE/Target/usbd_conf.o
                0x000000000801d80c                USBD_static_free
 .text.HAL_PCDEx_SetConnectionState
                0x000000000801d81e       0x16 USB_DEVICE/Target/usbd_conf.o
                0x000000000801d81e                HAL_PCDEx_SetConnectionState
 .text.USBD_Get_USB_Status
                0x000000000801d834       0x58 USB_DEVICE/Target/usbd_conf.o
 .text.__errno  0x000000000801d88c        0xc h:/stm32cubeide_1.3.0/stm32cubeide/plugins/com.st.stm32cube.ide.mcu.externaltools.gnu-tools-for-stm32.7-2018-q2-update.win32_1.0.0.201904181610/tools/bin/../lib/gcc/arm-none-eabi/7.3.1/../../../../arm-none-eabi/lib/thumb/v7-m\libc_nano.a(lib_a-errno.o)
                0x000000000801d88c                __errno
 .text.__libc_init_array
                0x000000000801d898       0x48 h:/stm32cubeide_1.3.0/stm32cubeide/plugins/com.st.stm32cube.ide.mcu.externaltools.gnu-tools-for-stm32.7-2018-q2-update.win32_1.0.0.201904181610/tools/bin/../lib/gcc/arm-none-eabi/7.3.1/../../../../arm-none-eabi/lib/thumb/v7-m\libc_nano.a(lib_a-init.o)
                0x000000000801d898                __libc_init_array
 .text.malloc   0x000000000801d8e0       0x10 h:/stm32cubeide_1.3.0/stm32cubeide/plugins/com.st.stm32cube.ide.mcu.externaltools.gnu-tools-for-stm32.7-2018-q2-update.win32_1.0.0.201904181610/tools/bin/../lib/gcc/arm-none-eabi/7.3.1/../../../../arm-none-eabi/lib/thumb/v7-m\libc_nano.a(lib_a-malloc.o)
                0x000000000801d8e0                malloc
 .text.memcpy   0x000000000801d8f0       0x16 h:/stm32cubeide_1.3.0/stm32cubeide/plugins/com.st.stm32cube.ide.mcu.externaltools.gnu-tools-for-stm32.7-2018-q2-update.win32_1.0.0.201904181610/tools/bin/../lib/gcc/arm-none-eabi/7.3.1/../../../../arm-none-eabi/lib/thumb/v7-m\libc_nano.a(lib_a-memcpy-stub.o)
                0x000000000801d8f0                memcpy
 .text.memset   0x000000000801d906       0x10 h:/stm32cubeide_1.3.0/stm32cubeide/plugins/com.st.stm32cube.ide.mcu.externaltools.gnu-tools-for-stm32.7-2018-q2-update.win32_1.0.0.201904181610/tools/bin/../lib/gcc/arm-none-eabi/7.3.1/../../../../arm-none-eabi/lib/thumb/v7-m\libc_nano.a(lib_a-memset.o)
                0x000000000801d906                memset
 *fill*         0x000000000801d916        0x2 
 .text._free_r  0x000000000801d918       0x98 h:/stm32cubeide_1.3.0/stm32cubeide/plugins/com.st.stm32cube.ide.mcu.externaltools.gnu-tools-for-stm32.7-2018-q2-update.win32_1.0.0.201904181610/tools/bin/../lib/gcc/arm-none-eabi/7.3.1/../../../../arm-none-eabi/lib/thumb/v7-m\libc_nano.a(lib_a-nano-freer.o)
                0x000000000801d918                _free_r
 .text._malloc_r
                0x000000000801d9b0       0xb4 h:/stm32cubeide_1.3.0/stm32cubeide/plugins/com.st.stm32cube.ide.mcu.externaltools.gnu-tools-for-stm32.7-2018-q2-update.win32_1.0.0.201904181610/tools/bin/../lib/gcc/arm-none-eabi/7.3.1/../../../../arm-none-eabi/lib/thumb/v7-m\libc_nano.a(lib_a-nano-mallocr.o)
                0x000000000801d9b0                _malloc_r
 .text.__cvt    0x000000000801da64       0xb8 h:/stm32cubeide_1.3.0/stm32cubeide/plugins/com.st.stm32cube.ide.mcu.externaltools.gnu-tools-for-stm32.7-2018-q2-update.win32_1.0.0.201904181610/tools/bin/../lib/gcc/arm-none-eabi/7.3.1/../../../../arm-none-eabi/lib/thumb/v7-m\libc_nano.a(lib_a-nano-vfprintf_float.o)
                0x000000000801da64                __cvt
 .text.__exponent
                0x000000000801db1c       0x6a h:/stm32cubeide_1.3.0/stm32cubeide/plugins/com.st.stm32cube.ide.mcu.externaltools.gnu-tools-for-stm32.7-2018-q2-update.win32_1.0.0.201904181610/tools/bin/../lib/gcc/arm-none-eabi/7.3.1/../../../../arm-none-eabi/lib/thumb/v7-m\libc_nano.a(lib_a-nano-vfprintf_float.o)
                0x000000000801db1c                __exponent
 *fill*         0x000000000801db86        0x2 
 .text._printf_float
                0x000000000801db88      0x46c h:/stm32cubeide_1.3.0/stm32cubeide/plugins/com.st.stm32cube.ide.mcu.externaltools.gnu-tools-for-stm32.7-2018-q2-update.win32_1.0.0.201904181610/tools/bin/../lib/gcc/arm-none-eabi/7.3.1/../../../../arm-none-eabi/lib/thumb/v7-m\libc_nano.a(lib_a-nano-vfprintf_float.o)
                0x000000000801db88                _printf_float
 .text._printf_common
                0x000000000801dff4       0xec h:/stm32cubeide_1.3.0/stm32cubeide/plugins/com.st.stm32cube.ide.mcu.externaltools.gnu-tools-for-stm32.7-2018-q2-update.win32_1.0.0.201904181610/tools/bin/../lib/gcc/arm-none-eabi/7.3.1/../../../../arm-none-eabi/lib/thumb/v7-m\libc_nano.a(lib_a-nano-vfprintf_i.o)
                0x000000000801dff4                _printf_common
 .text.realloc  0x000000000801e0e0       0x10 h:/stm32cubeide_1.3.0/stm32cubeide/plugins/com.st.stm32cube.ide.mcu.externaltools.gnu-tools-for-stm32.7-2018-q2-update.win32_1.0.0.201904181610/tools/bin/../lib/gcc/arm-none-eabi/7.3.1/../../../../arm-none-eabi/lib/thumb/v7-m\libc_nano.a(lib_a-realloc.o)
                0x000000000801e0e0                realloc
 .text._sbrk_r  0x000000000801e0f0       0x20 h:/stm32cubeide_1.3.0/stm32cubeide/plugins/com.st.stm32cube.ide.mcu.externaltools.gnu-tools-for-stm32.7-2018-q2-update.win32_1.0.0.201904181610/tools/bin/../lib/gcc/arm-none-eabi/7.3.1/../../../../arm-none-eabi/lib/thumb/v7-m\libc_nano.a(lib_a-sbrkr.o)
                0x000000000801e0f0                _sbrk_r
 .text.quorem   0x000000000801e110      0x11c h:/stm32cubeide_1.3.0/stm32cubeide/plugins/com.st.stm32cube.ide.mcu.externaltools.gnu-tools-for-stm32.7-2018-q2-update.win32_1.0.0.201904181610/tools/bin/../lib/gcc/arm-none-eabi/7.3.1/../../../../arm-none-eabi/lib/thumb/v7-m\libc_nano.a(lib_a-dtoa.o)
 *fill*         0x000000000801e22c        0x4 
 .text._dtoa_r  0x000000000801e230      0xb68 h:/stm32cubeide_1.3.0/stm32cubeide/plugins/com.st.stm32cube.ide.mcu.externaltools.gnu-tools-for-stm32.7-2018-q2-update.win32_1.0.0.201904181610/tools/bin/../lib/gcc/arm-none-eabi/7.3.1/../../../../arm-none-eabi/lib/thumb/v7-m\libc_nano.a(lib_a-dtoa.o)
                0x000000000801e230                _dtoa_r
 .text._localeconv_r
                0x000000000801ed98       0x1c h:/stm32cubeide_1.3.0/stm32cubeide/plugins/com.st.stm32cube.ide.mcu.externaltools.gnu-tools-for-stm32.7-2018-q2-update.win32_1.0.0.201904181610/tools/bin/../lib/gcc/arm-none-eabi/7.3.1/../../../../arm-none-eabi/lib/thumb/v7-m\libc_nano.a(lib_a-localeconv.o)
                0x000000000801ed98                _localeconv_r
 .text.__malloc_lock
                0x000000000801edb4        0x2 h:/stm32cubeide_1.3.0/stm32cubeide/plugins/com.st.stm32cube.ide.mcu.externaltools.gnu-tools-for-stm32.7-2018-q2-update.win32_1.0.0.201904181610/tools/bin/../lib/gcc/arm-none-eabi/7.3.1/../../../../arm-none-eabi/lib/thumb/v7-m\libc_nano.a(lib_a-mlock.o)
                0x000000000801edb4                __malloc_lock
 .text.__malloc_unlock
                0x000000000801edb6        0x2 h:/stm32cubeide_1.3.0/stm32cubeide/plugins/com.st.stm32cube.ide.mcu.externaltools.gnu-tools-for-stm32.7-2018-q2-update.win32_1.0.0.201904181610/tools/bin/../lib/gcc/arm-none-eabi/7.3.1/../../../../arm-none-eabi/lib/thumb/v7-m\libc_nano.a(lib_a-mlock.o)
                0x000000000801edb6                __malloc_unlock
 .text._Balloc  0x000000000801edb8       0x68 h:/stm32cubeide_1.3.0/stm32cubeide/plugins/com.st.stm32cube.ide.mcu.externaltools.gnu-tools-for-stm32.7-2018-q2-update.win32_1.0.0.201904181610/tools/bin/../lib/gcc/arm-none-eabi/7.3.1/../../../../arm-none-eabi/lib/thumb/v7-m\libc_nano.a(lib_a-mprec.o)
                0x000000000801edb8                _Balloc
 .text._Bfree   0x000000000801ee20       0x2e h:/stm32cubeide_1.3.0/stm32cubeide/plugins/com.st.stm32cube.ide.mcu.externaltools.gnu-tools-for-stm32.7-2018-q2-update.win32_1.0.0.201904181610/tools/bin/../lib/gcc/arm-none-eabi/7.3.1/../../../../arm-none-eabi/lib/thumb/v7-m\libc_nano.a(lib_a-mprec.o)
                0x000000000801ee20                _Bfree
 .text.__multadd
                0x000000000801ee4e       0x76 h:/stm32cubeide_1.3.0/stm32cubeide/plugins/com.st.stm32cube.ide.mcu.externaltools.gnu-tools-for-stm32.7-2018-q2-update.win32_1.0.0.201904181610/tools/bin/../lib/gcc/arm-none-eabi/7.3.1/../../../../arm-none-eabi/lib/thumb/v7-m\libc_nano.a(lib_a-mprec.o)
                0x000000000801ee4e                __multadd
 .text.__hi0bits
                0x000000000801eec4       0x3e h:/stm32cubeide_1.3.0/stm32cubeide/plugins/com.st.stm32cube.ide.mcu.externaltools.gnu-tools-for-stm32.7-2018-q2-update.win32_1.0.0.201904181610/tools/bin/../lib/gcc/arm-none-eabi/7.3.1/../../../../arm-none-eabi/lib/thumb/v7-m\libc_nano.a(lib_a-mprec.o)
                0x000000000801eec4                __hi0bits
 .text.__lo0bits
                0x000000000801ef02       0x5e h:/stm32cubeide_1.3.0/stm32cubeide/plugins/com.st.stm32cube.ide.mcu.externaltools.gnu-tools-for-stm32.7-2018-q2-update.win32_1.0.0.201904181610/tools/bin/../lib/gcc/arm-none-eabi/7.3.1/../../../../arm-none-eabi/lib/thumb/v7-m\libc_nano.a(lib_a-mprec.o)
                0x000000000801ef02                __lo0bits
 .text.__i2b    0x000000000801ef60       0x12 h:/stm32cubeide_1.3.0/stm32cubeide/plugins/com.st.stm32cube.ide.mcu.externaltools.gnu-tools-for-stm32.7-2018-q2-update.win32_1.0.0.201904181610/tools/bin/../lib/gcc/arm-none-eabi/7.3.1/../../../../arm-none-eabi/lib/thumb/v7-m\libc_nano.a(lib_a-mprec.o)
                0x000000000801ef60                __i2b
 .text.__multiply
                0x000000000801ef72      0x12a h:/stm32cubeide_1.3.0/stm32cubeide/plugins/com.st.stm32cube.ide.mcu.externaltools.gnu-tools-for-stm32.7-2018-q2-update.win32_1.0.0.201904181610/tools/bin/../lib/gcc/arm-none-eabi/7.3.1/../../../../arm-none-eabi/lib/thumb/v7-m\libc_nano.a(lib_a-mprec.o)
                0x000000000801ef72                __multiply
 .text.__pow5mult
                0x000000000801f09c       0x9c h:/stm32cubeide_1.3.0/stm32cubeide/plugins/com.st.stm32cube.ide.mcu.externaltools.gnu-tools-for-stm32.7-2018-q2-update.win32_1.0.0.201904181610/tools/bin/../lib/gcc/arm-none-eabi/7.3.1/../../../../arm-none-eabi/lib/thumb/v7-m\libc_nano.a(lib_a-mprec.o)
                0x000000000801f09c                __pow5mult
 .text.__lshift
                0x000000000801f138       0xa8 h:/stm32cubeide_1.3.0/stm32cubeide/plugins/com.st.stm32cube.ide.mcu.externaltools.gnu-tools-for-stm32.7-2018-q2-update.win32_1.0.0.201904181610/tools/bin/../lib/gcc/arm-none-eabi/7.3.1/../../../../arm-none-eabi/lib/thumb/v7-m\libc_nano.a(lib_a-mprec.o)
                0x000000000801f138                __lshift
 .text.__mcmp   0x000000000801f1e0       0x34 h:/stm32cubeide_1.3.0/stm32cubeide/plugins/com.st.stm32cube.ide.mcu.externaltools.gnu-tools-for-stm32.7-2018-q2-update.win32_1.0.0.201904181610/tools/bin/../lib/gcc/arm-none-eabi/7.3.1/../../../../arm-none-eabi/lib/thumb/v7-m\libc_nano.a(lib_a-mprec.o)
                0x000000000801f1e0                __mcmp
 .text.__mdiff  0x000000000801f214       0xbc h:/stm32cubeide_1.3.0/stm32cubeide/plugins/com.st.stm32cube.ide.mcu.externaltools.gnu-tools-for-stm32.7-2018-q2-update.win32_1.0.0.201904181610/tools/bin/../lib/gcc/arm-none-eabi/7.3.1/../../../../arm-none-eabi/lib/thumb/v7-m\libc_nano.a(lib_a-mprec.o)
                0x000000000801f214                __mdiff
 .text.__d2b    0x000000000801f2d0       0x9e h:/stm32cubeide_1.3.0/stm32cubeide/plugins/com.st.stm32cube.ide.mcu.externaltools.gnu-tools-for-stm32.7-2018-q2-update.win32_1.0.0.201904181610/tools/bin/../lib/gcc/arm-none-eabi/7.3.1/../../../../arm-none-eabi/lib/thumb/v7-m\libc_nano.a(lib_a-mprec.o)
                0x000000000801f2d0                __d2b
 .text._calloc_r
                0x000000000801f36e       0x1c h:/stm32cubeide_1.3.0/stm32cubeide/plugins/com.st.stm32cube.ide.mcu.externaltools.gnu-tools-for-stm32.7-2018-q2-update.win32_1.0.0.201904181610/tools/bin/../lib/gcc/arm-none-eabi/7.3.1/../../../../arm-none-eabi/lib/thumb/v7-m\libc_nano.a(lib_a-nano-callocr.o)
                0x000000000801f36e                _calloc_r
 .text._realloc_r
                0x000000000801f38a       0x4c h:/stm32cubeide_1.3.0/stm32cubeide/plugins/com.st.stm32cube.ide.mcu.externaltools.gnu-tools-for-stm32.7-2018-q2-update.win32_1.0.0.201904181610/tools/bin/../lib/gcc/arm-none-eabi/7.3.1/../../../../arm-none-eabi/lib/thumb/v7-m\libc_nano.a(lib_a-nano-reallocr.o)
                0x000000000801f38a                _realloc_r
 .text.__ascii_mbtowc
                0x000000000801f3d6       0x24 h:/stm32cubeide_1.3.0/stm32cubeide/plugins/com.st.stm32cube.ide.mcu.externaltools.gnu-tools-for-stm32.7-2018-q2-update.win32_1.0.0.201904181610/tools/bin/../lib/gcc/arm-none-eabi/7.3.1/../../../../arm-none-eabi/lib/thumb/v7-m\libc_nano.a(lib_a-mbtowc_r.o)
                0x000000000801f3d6                __ascii_mbtowc
 .text._malloc_usable_size_r
                0x000000000801f3fa       0x10 h:/stm32cubeide_1.3.0/stm32cubeide/plugins/com.st.stm32cube.ide.mcu.externaltools.gnu-tools-for-stm32.7-2018-q2-update.win32_1.0.0.201904181610/tools/bin/../lib/gcc/arm-none-eabi/7.3.1/../../../../arm-none-eabi/lib/thumb/v7-m\libc_nano.a(lib_a-nano-msizer.o)
                0x000000000801f3fa                _malloc_usable_size_r
 .text.__ascii_wctomb
                0x000000000801f40a       0x1a h:/stm32cubeide_1.3.0/stm32cubeide/plugins/com.st.stm32cube.ide.mcu.externaltools.gnu-tools-for-stm32.7-2018-q2-update.win32_1.0.0.201904181610/tools/bin/../lib/gcc/arm-none-eabi/7.3.1/../../../../arm-none-eabi/lib/thumb/v7-m\libc_nano.a(lib_a-wctomb_r.o)
                0x000000000801f40a                __ascii_wctomb
 *(.glue_7)
 .glue_7        0x000000000801f424        0x0 linker stubs
 *(.glue_7t)
 .glue_7t       0x000000000801f424        0x0 linker stubs
 *(.eh_frame)
 .eh_frame      0x000000000801f424        0x0 h:/stm32cubeide_1.3.0/stm32cubeide/plugins/com.st.stm32cube.ide.mcu.externaltools.gnu-tools-for-stm32.7-2018-q2-update.win32_1.0.0.201904181610/tools/bin/../lib/gcc/arm-none-eabi/7.3.1/thumb/v7-m/crtbegin.o
 *(.init)
 .init          0x000000000801f424        0x4 h:/stm32cubeide_1.3.0/stm32cubeide/plugins/com.st.stm32cube.ide.mcu.externaltools.gnu-tools-for-stm32.7-2018-q2-update.win32_1.0.0.201904181610/tools/bin/../lib/gcc/arm-none-eabi/7.3.1/thumb/v7-m/crti.o
                0x000000000801f424                _init
 .init          0x000000000801f428        0x8 h:/stm32cubeide_1.3.0/stm32cubeide/plugins/com.st.stm32cube.ide.mcu.externaltools.gnu-tools-for-stm32.7-2018-q2-update.win32_1.0.0.201904181610/tools/bin/../lib/gcc/arm-none-eabi/7.3.1/thumb/v7-m/crtn.o
 *(.fini)
 .fini          0x000000000801f430        0x4 h:/stm32cubeide_1.3.0/stm32cubeide/plugins/com.st.stm32cube.ide.mcu.externaltools.gnu-tools-for-stm32.7-2018-q2-update.win32_1.0.0.201904181610/tools/bin/../lib/gcc/arm-none-eabi/7.3.1/thumb/v7-m/crti.o
                0x000000000801f430                _fini
 .fini          0x000000000801f434        0x8 h:/stm32cubeide_1.3.0/stm32cubeide/plugins/com.st.stm32cube.ide.mcu.externaltools.gnu-tools-for-stm32.7-2018-q2-update.win32_1.0.0.201904181610/tools/bin/../lib/gcc/arm-none-eabi/7.3.1/thumb/v7-m/crtn.o
                0x000000000801f43c                . = ALIGN (0x4)
                0x000000000801f43c                _etext = .

.vfp11_veneer   0x000000000801f43c        0x0
 .vfp11_veneer  0x000000000801f43c        0x0 linker stubs

.v4_bx          0x000000000801f43c        0x0
 .v4_bx         0x000000000801f43c        0x0 linker stubs

.iplt           0x000000000801f43c        0x0