Archive member included to satisfy reference by file (symbol)

c:/users/administrator/desktop/stm32cubeide_1.4.0/stm32cubeide/plugins/com.st.stm32cube.ide.mcu.externaltools.gnu-tools-for-stm32.7-2018-q2-update.win32_1.4.0.202007081208/tools/bin/../lib/gcc/arm-none-eabi/7.3.1/../../../../arm-none-eabi/lib/thumb/v7-m\libc_nano.a(lib_a-errno.o)
                              Core/Src/syscalls.o (__errno)
c:/users/administrator/desktop/stm32cubeide_1.4.0/stm32cubeide/plugins/com.st.stm32cube.ide.mcu.externaltools.gnu-tools-for-stm32.7-2018-q2-update.win32_1.4.0.202007081208/tools/bin/../lib/gcc/arm-none-eabi/7.3.1/../../../../arm-none-eabi/lib/thumb/v7-m\libc_nano.a(lib_a-exit.o)
                              c:/users/administrator/desktop/stm32cubeide_1.4.0/stm32cubeide/plugins/com.st.stm32cube.ide.mcu.externaltools.gnu-tools-for-stm32.7-2018-q2-update.win32_1.4.0.202007081208/tools/bin/../lib/gcc/arm-none-eabi/7.3.1/../../../../arm-none-eabi/lib/thumb/v7-m/crt0.o (exit)
c:/users/administrator/desktop/stm32cubeide_1.4.0/stm32cubeide/plugins/com.st.stm32cube.ide.mcu.externaltools.gnu-tools-for-stm32.7-2018-q2-update.win32_1.4.0.202007081208/tools/bin/../lib/gcc/arm-none-eabi/7.3.1/../../../../arm-none-eabi/lib/thumb/v7-m\libc_nano.a(lib_a-impure.o)
                              c:/users/administrator/desktop/stm32cubeide_1.4.0/stm32cubeide/plugins/com.st.stm32cube.ide.mcu.externaltools.gnu-tools-for-stm32.7-2018-q2-update.win32_1.4.0.202007081208/tools/bin/../lib/gcc/arm-none-eabi/7.3.1/../../../../arm-none-eabi/lib/thumb/v7-m\libc_nano.a(lib_a-exit.o) (_global_impure_ptr)
c:/users/administrator/desktop/stm32cubeide_1.4.0/stm32cubeide/plugins/com.st.stm32cube.ide.mcu.externaltools.gnu-tools-for-stm32.7-2018-q2-update.win32_1.4.0.202007081208/tools/bin/../lib/gcc/arm-none-eabi/7.3.1/../../../../arm-none-eabi/lib/thumb/v7-m\libc_nano.a(lib_a-init.o)
                              c:/users/administrator/desktop/stm32cubeide_1.4.0/stm32cubeide/plugins/com.st.stm32cube.ide.mcu.externaltools.gnu-tools-for-stm32.7-2018-q2-update.win32_1.4.0.202007081208/tools/bin/../lib/gcc/arm-none-eabi/7.3.1/../../../../arm-none-eabi/lib/thumb/v7-m/crt0.o (__libc_init_array)
c:/users/administrator/desktop/stm32cubeide_1.4.0/stm32cubeide/plugins/com.st.stm32cube.ide.mcu.externaltools.gnu-tools-for-stm32.7-2018-q2-update.win32_1.4.0.202007081208/tools/bin/../lib/gcc/arm-none-eabi/7.3.1/../../../../arm-none-eabi/lib/thumb/v7-m\libc_nano.a(lib_a-malloc.o)
                              Core/Src/BMI160.o (malloc)
c:/users/administrator/desktop/stm32cubeide_1.4.0/stm32cubeide/plugins/com.st.stm32cube.ide.mcu.externaltools.gnu-tools-for-stm32.7-2018-q2-update.win32_1.4.0.202007081208/tools/bin/../lib/gcc/arm-none-eabi/7.3.1/../../../../arm-none-eabi/lib/thumb/v7-m\libc_nano.a(lib_a-memcpy-stub.o)
                              Core/Src/DFRobot_usbd_cdc_if.o (memcpy)
c:/users/administrator/desktop/stm32cubeide_1.4.0/stm32cubeide/plugins/com.st.stm32cube.ide.mcu.externaltools.gnu-tools-for-stm32.7-2018-q2-update.win32_1.4.0.202007081208/tools/bin/../lib/gcc/arm-none-eabi/7.3.1/../../../../arm-none-eabi/lib/thumb/v7-m\libc_nano.a(lib_a-memset.o)
                              c:/users/administrator/desktop/stm32cubeide_1.4.0/stm32cubeide/plugins/com.st.stm32cube.ide.mcu.externaltools.gnu-tools-for-stm32.7-2018-q2-update.win32_1.4.0.202007081208/tools/bin/../lib/gcc/arm-none-eabi/7.3.1/../../../../arm-none-eabi/lib/thumb/v7-m/crt0.o (memset)
c:/users/administrator/desktop/stm32cubeide_1.4.0/stm32cubeide/plugins/com.st.stm32cube.ide.mcu.externaltools.gnu-tools-for-stm32.7-2018-q2-update.win32_1.4.0.202007081208/tools/bin/../lib/gcc/arm-none-eabi/7.3.1/../../../../arm-none-eabi/lib/thumb/v7-m\libc_nano.a(lib_a-nano-freer.o)
                              c:/users/administrator/desktop/stm32cubeide_1.4.0/stm32cubeide/plugins/com.st.stm32cube.ide.mcu.externaltools.gnu-tools-for-stm32.7-2018-q2-update.win32_1.4.0.202007081208/tools/bin/../lib/gcc/arm-none-eabi/7.3.1/../../../../arm-none-eabi/lib/thumb/v7-m\libc_nano.a(lib_a-malloc.o) (_free_r)
c:/users/administrator/desktop/stm32cubeide_1.4.0/stm32cubeide/plugins/com.st.stm32cube.ide.mcu.externaltools.gnu-tools-for-stm32.7-2018-q2-update.win32_1.4.0.202007081208/tools/bin/../lib/gcc/arm-none-eabi/7.3.1/../../../../arm-none-eabi/lib/thumb/v7-m\libc_nano.a(lib_a-nano-mallocr.o)
                              c:/users/administrator/desktop/stm32cubeide_1.4.0/stm32cubeide/plugins/com.st.stm32cube.ide.mcu.externaltools.gnu-tools-for-stm32.7-2018-q2-update.win32_1.4.0.202007081208/tools/bin/../lib/gcc/arm-none-eabi/7.3.1/../../../../arm-none-eabi/lib/thumb/v7-m\libc_nano.a(lib_a-malloc.o) (_malloc_r)
c:/users/administrator/desktop/stm32cubeide_1.4.0/stm32cubeide/plugins/com.st.stm32cube.ide.mcu.externaltools.gnu-tools-for-stm32.7-2018-q2-update.win32_1.4.0.202007081208/tools/bin/../lib/gcc/arm-none-eabi/7.3.1/../../../../arm-none-eabi/lib/thumb/v7-m\libc_nano.a(lib_a-nano-vfprintf_float.o)
[...]
Memory Configuration

Name             Origin             Length             Attributes
RAM              0x0000000020000000 0x000000000000c000 xrw
FLASH            0x000000000800e000 0x0000000000040000 xr
*default*        0x0000000000000000 0xffffffffffffffff

Linker script and memory map

LOAD c:/users/administrator/desktop/stm32cubeide_1.4.0/stm32cubeide/plugins/com.st.stm32cube.ide.mcu.externaltools.gnu-tools-for-stm32.7-2018-q2-update.win32_1.4.0.202007081208/tools/bin/../lib/gcc/arm-none-eabi/7.3.1/thumb/v7-m/crti.o
LOAD c:/users/administrator/desktop/stm32cubeide_1.4.0/stm32cubeide/plugins/com.st.stm32cube.ide.mcu.externaltools.gnu-tools-for-stm32.7-2018-q2-update.win32_1.4.0.202007081208/tools/bin/../lib/gcc/arm-none-eabi/7.3.1/thumb/v7-m/crtbegin.o
LOAD c:/users/administrator/desktop/stm32cubeide_1.4.0/stm32cubeide/plugins/com.st.stm32cube.ide.mcu.externaltools.gnu-tools-for-stm32.7-2018-q2-update.win32_1.4.0.202007081208/tools/bin/../lib/gcc/arm-none-eabi/7.3.1/../../../../arm-none-eabi/lib/thumb/v7-m/crt0.o
LOAD Core/Src/BMI160.o
LOAD Core/Src/DFRobot_usbd_cdc.o
LOAD Core/Src/DFRobot_usbd_cdc_if.o
LOAD Core/Src/DFRobot_usbd_composite.o
LOAD Core/Src/DFRobot_usbd_keyboard_hid.o
LOAD Core/Src/DFRobot_usbd_keyboard_hid_if.o
LOAD Core/Src/HuskyLens.o
LOAD Core/Src/firmata.o
LOAD Core/Src/main.o
LOAD Core/Src/stm32f1xx_hal_msp.o
LOAD Core/Src/stm32f1xx_it.o
LOAD Core/Src/syscalls.o
LOAD Core/Src/sysmem.o
LOAD Core/Src/system_stm32f1xx.o
LOAD Core/Startup/startup_stm32f103rctx.o
LOAD Drivers/STM32F1xx_HAL_Driver/Src/stm32f1xx_hal.o
LOAD Drivers/STM32F1xx_HAL_Driver/Src/stm32f1xx_hal_adc.o
LOAD Drivers/STM32F1xx_HAL_Driver/Src/stm32f1xx_hal_adc_ex.o
LOAD Drivers/STM32F1xx_HAL_Driver/Src/stm32f1xx_hal_cortex.o
LOAD Drivers/STM32F1xx_HAL_Driver/Src/stm32f1xx_hal_dma.o
LOAD Drivers/STM32F1xx_HAL_Driver/Src/stm32f1xx_hal_exti.o
LOAD Drivers/STM32F1xx_HAL_Driver/Src/stm32f1xx_hal_flash.o
LOAD Drivers/STM32F1xx_HAL_Driver/Src/stm32f1xx_hal_flash_ex.o
LOAD Drivers/STM32F1xx_HAL_Driver/Src/stm32f1xx_hal_gpio.o
LOAD Drivers/STM32F1xx_HAL_Driver/Src/stm32f1xx_hal_gpio_ex.o
LOAD Drivers/STM32F1xx_HAL_Driver/Src/stm32f1xx_hal_i2c.o
LOAD Drivers/STM32F1xx_HAL_Driver/Src/stm32f1xx_hal_pcd.o
LOAD Drivers/STM32F1xx_HAL_Driver/Src/stm32f1xx_hal_pcd_ex.o
LOAD Drivers/STM32F1xx_HAL_Driver/Src/stm32f1xx_hal_pwr.o
LOAD Drivers/STM32F1xx_HAL_Driver/Src/stm32f1xx_hal_rcc.o
LOAD Drivers/STM32F1xx_HAL_Driver/Src/stm32f1xx_hal_rcc_ex.o
LOAD Drivers/STM32F1xx_HAL_Driver/Src/stm32f1xx_hal_tim.o
LOAD Drivers/STM32F1xx_HAL_Driver/Src/stm32f1xx_hal_tim_ex.o
LOAD Drivers/STM32F1xx_HAL_Driver/Src/stm32f1xx_hal_uart.o
LOAD Drivers/STM32F1xx_HAL_Driver/Src/stm32f1xx_ll_usb.o
LOAD Middlewares/ST/STM32_USB_Device_Library/Class/CDC/Src/usbd_cdc.o
LOAD Middlewares/ST/STM32_USB_Device_Library/Core/Src/usbd_core.o
LOAD Middlewares/ST/STM32_USB_Device_Library/Core/Src/usbd_ctlreq.o
LOAD Middlewares/ST/STM32_USB_Device_Library/Core/Src/usbd_ioreq.o
LOAD USB_DEVICE/App/usb_device.o
LOAD USB_DEVICE/App/usbd_cdc_if.o
LOAD USB_DEVICE/App/usbd_desc.o
LOAD USB_DEVICE/Target/usbd_conf.o
START GROUP
LOAD c:/users/administrator/desktop/stm32cubeide_1.4.0/stm32cubeide/plugins/com.st.stm32cube.ide.mcu.externaltools.gnu-tools-for-stm32.7-2018-q2-update.win32_1.4.0.202007081208/tools/bin/../lib/gcc/arm-none-eabi/7.3.1/../../../../arm-none-eabi/lib/thumb/v7-m\libc_nano.a
LOAD c:/users/administrator/desktop/stm32cubeide_1.4.0/stm32cubeide/plugins/com.st.stm32cube.ide.mcu.externaltools.gnu-tools-for-stm32.7-2018-q2-update.win32_1.4.0.202007081208/tools/bin/../lib/gcc/arm-none-eabi/7.3.1/../../../../arm-none-eabi/lib/thumb/v7-m\libm.a
END GROUP
START GROUP
LOAD c:/users/administrator/desktop/stm32cubeide_1.4.0/stm32cubeide/plugins/com.st.stm32cube.ide.mcu.externaltools.gnu-tools-for-stm32.7-2018-q2-update.win32_1.4.0.202007081208/tools/bin/../lib/gcc/arm-none-eabi/7.3.1/thumb/v7-m\libgcc.a
LOAD c:/users/administrator/desktop/stm32cubeide_1.4.0/stm32cubeide/plugins/com.st.stm32cube.ide.mcu.externaltools.gnu-tools-for-stm32.7-2018-q2-update.win32_1.4.0.202007081208/tools/bin/../lib/gcc/arm-none-eabi/7.3.1/../../../../arm-none-eabi/lib/thumb/v7-m\libc_nano.a
END GROUP
START GROUP
LOAD c:/users/administrator/desktop/stm32cubeide_1.4.0/stm32cubeide/plugins/com.st.stm32cube.ide.mcu.externaltools.gnu-tools-for-stm32.7-2018-q2-update.win32_1.4.0.202007081208/tools/bin/../lib/gcc/arm-none-eabi/7.3.1/thumb/v7-m\libgcc.a
LOAD c:/users/administrator/desktop/stm32cubeide_1.4.0/stm32cubeide/plugins/com.st.stm32cube.ide.mcu.externaltools.gnu-tools-for-stm32.7-2018-q2-update.win32_1.4.0.202007081208/tools/bin/../lib/gcc/arm-none-eabi/7.3.1/../../../../arm-none-eabi/lib/thumb/v7-m\libc_nano.a
LOAD c:/users/administrator/desktop/stm32cubeide_1.4.0/stm32cubeide/plugins/com.st.stm32cube.ide.mcu.externaltools.gnu-tools-for-stm32.7-2018-q2-update.win32_1.4.0.202007081208/tools/bin/../lib/gcc/arm-none-eabi/7.3.1/../../../../arm-none-eabi/lib/thumb/v7-m\libnosys.a
END GROUP
START GROUP
LOAD c:/users/administrator/desktop/stm32cubeide_1.4.0/stm32cubeide/plugins/com.st.stm32cube.ide.mcu.externaltools.gnu-tools-for-stm32.7-2018-q2-update.win32_1.4.0.202007081208/tools/bin/../lib/gcc/arm-none-eabi/7.3.1/thumb/v7-m\libgcc.a
LOAD c:/users/administrator/desktop/stm32cubeide_1.4.0/stm32cubeide/plugins/com.st.stm32cube.ide.mcu.externaltools.gnu-tools-for-stm32.7-2018-q2-update.win32_1.4.0.202007081208/tools/bin/../lib/gcc/arm-none-eabi/7.3.1/../../../../arm-none-eabi/lib/thumb/v7-m\libc_nano.a
LOAD c:/users/administrator/desktop/stm32cubeide_1.4.0/stm32cubeide/plugins/com.st.stm32cube.ide.mcu.externaltools.gnu-tools-for-stm32.7-2018-q2-update.win32_1.4.0.202007081208/tools/bin/../lib/gcc/arm-none-eabi/7.3.1/../../../../arm-none-eabi/lib/thumb/v7-m\libnosys.a
END GROUP
LOAD c:/users/administrator/desktop/stm32cubeide_1.4.0/stm32cubeide/plugins/com.st.stm32cube.ide.mcu.externaltools.gnu-tools-for-stm32.7-2018-q2-update.win32_1.4.0.202007081208/tools/bin/../lib/gcc/arm-none-eabi/7.3.1/thumb/v7-m/crtend.o
LOAD c:/users/administrator/desktop/stm32cubeide_1.4.0/stm32cubeide/plugins/com.st.stm32cube.ide.mcu.externaltools.gnu-tools-for-stm32.7-2018-q2-update.win32_1.4.0.202007081208/tools/bin/../lib/gcc/arm-none-eabi/7.3.1/thumb/v7-m/crtn.o
                0x000000002000c000                _estack = (ORIGIN (RAM) + LENGTH (RAM))
                0x0000000000000200                _Min_Heap_Size = 0x200
                0x0000000000000400                _Min_Stack_Size = 0x400

.isr_vector     0x000000000800e000      0x1e4
                0x000000000800e000                . = ALIGN (0x4)
 *(.isr_vector)
 .isr_vector    0x000000000800e000      0x1e4 Core/Startup/startup_stm32f103rctx.o
                0x000000000800e000                g_pfnVectors
                0x000000000800e1e4                . = ALIGN (0x4)

.text           0x000000000800e1e8    0x12220
                0x000000000800e1e8                . = ALIGN (0x4)
 *(.text)
 .text          0x000000000800e1e8       0x40 c:/users/administrator/desktop/stm32cubeide_1.4.0/stm32cubeide/plugins/com.st.stm32cube.ide.mcu.externaltools.gnu-tools-for-stm32.7-2018-q2-update.win32_1.4.0.202007081208/tools/bin/../lib/gcc/arm-none-eabi/7.3.1/thumb/v7-m/crtbegin.o
 .text          0x000000000800e228       0x10 c:/users/administrator/desktop/stm32cubeide_1.4.0/stm32cubeide/plugins/com.st.stm32cube.ide.mcu.externaltools.gnu-tools-for-stm32.7-2018-q2-update.win32_1.4.0.202007081208/tools/bin/../lib/gcc/arm-none-eabi/7.3.1/../../../../arm-none-eabi/lib/thumb/v7-m\libc_nano.a(lib_a-strlen.o)
                0x000000000800e228                strlen
 .text          0x000000000800e238      0x378 c:/users/administrator/desktop/stm32cubeide_1.4.0/stm32cubeide/plugins/com.st.stm32cube.ide.mcu.externaltools.gnu-tools-for-stm32.7-2018-q2-update.win32_1.4.0.202007081208/tools/bin/../lib/gcc/arm-none-eabi/7.3.1/thumb/v7-m\libgcc.a(_arm_addsubdf3.o)
                0x000000000800e238                __aeabi_drsub
                0x000000000800e240                __aeabi_dsub
                0x000000000800e240                __subdf3
                0x000000000800e244                __aeabi_dadd
                0x000000000800e244                __adddf3
                0x000000000800e4bc                __floatunsidf
                0x000000000800e4bc                __aeabi_ui2d
                0x000000000800e4dc                __floatsidf
                0x000000000800e4dc                __aeabi_i2d
                0x000000000800e500                __aeabi_f2d
                0x000000000800e500                __extendsfdf2
                0x000000000800e544                __floatundidf
                0x000000000800e544                __aeabi_ul2d
                0x000000000800e554                __floatdidf
                0x000000000800e554                __aeabi_l2d
 .text          0x000000000800e5b0      0x424 c:/users/administrator/desktop/stm32cubeide_1.4.0/stm32cubeide/plugins/com.st.stm32cube.ide.mcu.externaltools.gnu-tools-for-stm32.7-2018-q2-update.win32_1.4.0.202007081208/tools/bin/../lib/gcc/arm-none-eabi/7.3.1/thumb/v7-m\libgcc.a(_arm_muldivdf3.o)
                0x000000000800e5b0                __aeabi_dmul
                0x000000000800e5b0                __muldf3
                0x000000000800e804                __divdf3
                0x000000000800e804                __aeabi_ddiv
 .text          0x000000000800e9d4      0x110 c:/users/administrator/desktop/stm32cubeide_1.4.0/stm32cubeide/plugins/com.st.stm32cube.ide.mcu.externaltools.gnu-tools-for-stm32.7-2018-q2-update.win32_1.4.0.202007081208/tools/bin/../lib/gcc/arm-none-eabi/7.3.1/thumb/v7-m\libgcc.a(_arm_cmpdf2.o)
                0x000000000800e9d4                __gtdf2
                0x000000000800e9d4                __gedf2
                0x000000000800e9dc                __ltdf2
                0x000000000800e9dc                __ledf2
                0x000000000800e9e4                __nedf2
                0x000000000800e9e4                __eqdf2
                0x000000000800e9e4                __cmpdf2
                0x000000000800ea60                __aeabi_cdrcmple
                0x000000000800ea70                __aeabi_cdcmpeq
                0x000000000800ea70                __aeabi_cdcmple
                0x000000000800ea80                __aeabi_dcmpeq
                0x000000000800ea94                __aeabi_dcmplt
                0x000000000800eaa8                __aeabi_dcmple
                0x000000000800eabc                __aeabi_dcmpge
                0x000000000800ead0                __aeabi_dcmpgt
 .text          0x000000000800eae4       0x2c c:/users/administrator/desktop/stm32cubeide_1.4.0/stm32cubeide/plugins/com.st.stm32cube.ide.mcu.externaltools.gnu-tools-for-stm32.7-2018-q2-update.win32_1.4.0.202007081208/tools/bin/../lib/gcc/arm-none-eabi/7.3.1/thumb/v7-m\libgcc.a(_arm_unorddf2.o)
                0x000000000800eae4                __unorddf2
                0x000000000800eae4                __aeabi_dcmpun
 .text          0x000000000800eb10       0x50 c:/users/administrator/desktop/stm32cubeide_1.4.0/stm32cubeide/plugins/com.st.stm32cube.ide.mcu.externaltools.gnu-tools-for-stm32.7-2018-q2-update.win32_1.4.0.202007081208/tools/bin/../lib/gcc/arm-none-eabi/7.3.1/thumb/v7-m\libgcc.a(_arm_fixdfsi.o)
                0x000000000800eb10                __aeabi_d2iz
                0x000000000800eb10                __fixdfsi
 .text          0x000000000800eb60       0x40 c:/users/administrator/desktop/stm32cubeide_1.4.0/stm32cubeide/plugins/com.st.stm32cube.ide.mcu.externaltools.gnu-tools-for-stm32.7-2018-q2-update.win32_1.4.0.202007081208/tools/bin/../lib/gcc/arm-none-eabi/7.3.1/thumb/v7-m\libgcc.a(_arm_fixunsdfsi.o)
                0x000000000800eb60                __aeabi_d2uiz
                0x000000000800eb60                __fixunsdfsi
 .text          0x000000000800eba0       0xa0 c:/users/administrator/desktop/stm32cubeide_1.4.0/stm32cubeide/plugins/com.st.stm32cube.ide.mcu.externaltools.gnu-tools-for-stm32.7-2018-q2-update.win32_1.4.0.202007081208/tools/bin/../lib/gcc/arm-none-eabi/7.3.1/thumb/v7-m\libgcc.a(_arm_truncdfsf2.o)
                0x000000000800eba0                __truncdfsf2
                0x000000000800eba0                __aeabi_d2f
 .text          0x000000000800ec40      0x21c c:/users/administrator/desktop/stm32cubeide_1.4.0/stm32cubeide/plugins/com.st.stm32cube.ide.mcu.externaltools.gnu-tools-for-stm32.7-2018-q2-update.win32_1.4.0.202007081208/tools/bin/../lib/gcc/arm-none-eabi/7.3.1/thumb/v7-m\libgcc.a(_arm_addsubsf3.o)
                0x000000000800ec40                __aeabi_frsub
                0x000000000800ec48                __subsf3
                0x000000000800ec48                __aeabi_fsub
                0x000000000800ec4c                __aeabi_fadd
                0x000000000800ec4c                __addsf3
                0x000000000800edac                __aeabi_ui2f
                0x000000000800edac                __floatunsisf
                0x000000000800edb4                __aeabi_i2f
                0x000000000800edb4                __floatsisf
                0x000000000800edd0                __aeabi_ul2f
                0x000000000800edd0                __floatundisf
                0x000000000800ede0                __aeabi_l2f
                0x000000000800ede0                __floatdisf
 .text          0x000000000800ee5c      0x2a0 c:/users/administrator/desktop/stm32cubeide_1.4.0/stm32cubeide/plugins/com.st.stm32cube.ide.mcu.externaltools.gnu-tools-for-stm32.7-2018-q2-update.win32_1.4.0.202007081208/tools/bin/../lib/gcc/arm-none-eabi/7.3.1/thumb/v7-m\libgcc.a(_arm_muldivsf3.o)
                0x000000000800ee5c                __mulsf3
                0x000000000800ee5c                __aeabi_fmul
                0x000000000800efc4                __aeabi_fdiv
                0x000000000800efc4                __divsf3
 .text          0x000000000800f0fc       0xec c:/users/administrator/desktop/stm32cubeide_1.4.0/stm32cubeide/plugins/com.st.stm32cube.ide.mcu.externaltools.gnu-tools-for-stm32.7-2018-q2-update.win32_1.4.0.202007081208/tools/bin/../lib/gcc/arm-none-eabi/7.3.1/thumb/v7-m\libgcc.a(_arm_cmpsf2.o)
                0x000000000800f0fc                __gesf2
                0x000000000800f0fc                __gtsf2
                0x000000000800f104                __lesf2
                0x000000000800f104                __ltsf2
                0x000000000800f10c                __nesf2
                0x000000000800f10c                __eqsf2
                0x000000000800f10c                __cmpsf2
                0x000000000800f16c                __aeabi_cfrcmple
                0x000000000800f174                __aeabi_cfcmpeq
                0x000000000800f174                __aeabi_cfcmple
                0x000000000800f184                __aeabi_fcmpeq
                0x000000000800f198                __aeabi_fcmplt
                0x000000000800f1ac                __aeabi_fcmple
                0x000000000800f1c0                __aeabi_fcmpge
                0x000000000800f1d4                __aeabi_fcmpgt
 .text          0x000000000800f1e8       0x4c c:/users/administrator/desktop/stm32cubeide_1.4.0/stm32cubeide/plugins/com.st.stm32cube.ide.mcu.externaltools.gnu-tools-for-stm32.7-2018-q2-update.win32_1.4.0.202007081208/tools/bin/../lib/gcc/arm-none-eabi/7.3.1/thumb/v7-m\libgcc.a(_arm_fixsfsi.o)
                0x000000000800f1e8                __aeabi_f2iz
                0x000000000800f1e8                __fixsfsi
 .text          0x000000000800f234       0x40 c:/users/administrator/desktop/stm32cubeide_1.4.0/stm32cubeide/plugins/com.st.stm32cube.ide.mcu.externaltools.gnu-tools-for-stm32.7-2018-q2-update.win32_1.4.0.202007081208/tools/bin/../lib/gcc/arm-none-eabi/7.3.1/thumb/v7-m\libgcc.a(_arm_fixunssfsi.o)
                0x000000000800f234                __fixunssfsi
                0x000000000800f234                __aeabi_f2uiz
 *(.text*)
 .text.begin    0x000000000800f274       0x94 Core/Src/BMI160.o
                0x000000000800f274                begin
 .text.I2cInit  0x000000000800f308       0x9c Core/Src/BMI160.o
                0x000000000800f308                I2cInit
 .text.setSensConf
                0x000000000800f3a4       0x88 Core/Src/BMI160.o
                0x000000000800f3a4                setSensConf
 .text.softReset
                0x000000000800f42c       0x4c Core/Src/BMI160.o
                0x000000000800f42c                softReset
 .text.defaultParamSettg
                0x000000000800f478       0x52 Core/Src/BMI160.o
                0x000000000800f478                defaultParamSettg
 *fill*         0x000000000800f4ca        0x2 
 .text.setInt   0x000000000800f4cc       0x94 Core/Src/BMI160.o
                0x000000000800f4cc                setInt
 .text.setIntConfig
                0x000000000800f560       0x6c Core/Src/BMI160.o
                0x000000000800f560                setIntConfig
 .text.setAccelStepDetectInt
                0x000000000800f5cc       0x86 Core/Src/BMI160.o
                0x000000000800f5cc                setAccelStepDetectInt
 *fill*         0x000000000800f652        0x2 
 .text.mapFeatureInterrupt
                0x000000000800f654      0x124 Core/Src/BMI160.o
                0x000000000800f654                mapFeatureInterrupt
 .text.configStepDetect
                0x000000000800f778      0x114 Core/Src/BMI160.o
                0x000000000800f778                configStepDetect
 .text.setIntrPinConfig
                0x000000000800f88c       0x36 Core/Src/BMI160.o
                0x000000000800f88c                setIntrPinConfig
 .text.configIntLatch
                0x000000000800f8c2       0xd0 Core/Src/BMI160.o
                0x000000000800f8c2                configIntLatch
 .text.configIntOutCtrl
                0x000000000800f992      0x194 Core/Src/BMI160.o
                0x000000000800f992                configIntOutCtrl
 .text.enableStepDetectInt
                0x000000000800fb26       0x72 Core/Src/BMI160.o
                0x000000000800fb26                enableStepDetectInt
 .text.setStepCounter
                0x000000000800fb98       0x84 Core/Src/BMI160.o
                0x000000000800fb98                setStepCounter
 .text.setStepPowerMode
                0x000000000800fc1c       0xdc Core/Src/BMI160.o
                0x000000000800fc1c                setStepPowerMode
 .text.setGyroConf
                0x000000000800fcf8       0x84 Core/Src/BMI160.o
                0x000000000800fcf8                setGyroConf
 .text.checkGyroConfig
                0x000000000800fd7c       0x66 Core/Src/BMI160.o
                0x000000000800fd7c                checkGyroConfig
 .text.processGyroOdr
                0x000000000800fde2       0x66 Core/Src/BMI160.o
                0x000000000800fde2                processGyroOdr
 .text.processGyroRange
                0x000000000800fe48       0x66 Core/Src/BMI160.o
                0x000000000800fe48                processGyroRange
 .text.processGyroBw
                0x000000000800feae       0x5c Core/Src/BMI160.o
                0x000000000800feae                processGyroBw
 .text.checkInvalidSettg
                0x000000000800ff0a       0x6a Core/Src/BMI160.o
                0x000000000800ff0a                checkInvalidSettg
 .text.setAccelConf
                0x000000000800ff74       0x88 Core/Src/BMI160.o
                0x000000000800ff74                setAccelConf
 .text.checkAccelConfig
                0x000000000800fffc       0x66 Core/Src/BMI160.o
                0x000000000800fffc                checkAccelConfig
 .text.processAccelOdr
                0x0000000008010062       0x66 Core/Src/BMI160.o
                0x0000000008010062                processAccelOdr
 .text.processAccelBw
                0x00000000080100c8       0x54 Core/Src/BMI160.o
                0x00000000080100c8                processAccelBw
 .text.processAccelRange
                0x000000000801011c       0x66 Core/Src/BMI160.o
                0x000000000801011c                processAccelRange
 .text.setPowerMode
                0x0000000008010182       0x34 Core/Src/BMI160.o
                0x0000000008010182                setPowerMode
 .text.setAccelPwr
                0x00000000080101b6       0x82 Core/Src/BMI160.o
                0x00000000080101b6                setAccelPwr
 .text.processUnderSampling
                0x0000000008010238       0xaa Core/Src/BMI160.o
                0x0000000008010238                processUnderSampling
 .text.setGyroPwr
                0x00000000080102e2       0x84 Core/Src/BMI160.o
                0x00000000080102e2                setGyroPwr
 *fill*         0x0000000008010366        0x2 
 .text.getAccX  0x0000000008010368       0x50 Core/Src/BMI160.o
                0x0000000008010368                getAccX
 .text.getAccY  0x00000000080103b8       0x50 Core/Src/BMI160.o
                0x00000000080103b8                getAccY
 .text.getAccZ  0x0000000008010408       0x54 Core/Src/BMI160.o
                0x0000000008010408                getAccZ
 .text.getstep  0x000000000801045c       0x34 Core/Src/BMI160.o
                0x000000000801045c                getstep
 .text.readStepCounter
                0x0000000008010490       0x76 Core/Src/BMI160.o
                0x0000000008010490                readStepCounter
 *fill*         0x0000000008010506        0x2 
 .text.getAccelGyroData
                0x0000000008010508       0x94 Core/Src/BMI160.o
                0x0000000008010508                getAccelGyroData
 .text.getSensorData
                0x000000000801059c       0xca Core/Src/BMI160.o
                0x000000000801059c                getSensorData
 .text.getGyroData1
                0x0000000008010666      0x30a Core/Src/BMI160.o
                0x0000000008010666                getGyroData1
 .text.getAccelData
                0x0000000008010970      0x174 Core/Src/BMI160.o
                0x0000000008010970                getAccelData
 .text.getAccelGyroData1
                0x0000000008010ae4      0x26c Core/Src/BMI160.o
                0x0000000008010ae4                getAccelGyroData1
 .text.getRegs  0x0000000008010d50       0x4a Core/Src/BMI160.o
                0x0000000008010d50                getRegs
 *fill*         0x0000000008010d9a        0x2 
 .text.I2cGetRegs
                0x0000000008010d9c       0x60 Core/Src/BMI160.o
                0x0000000008010d9c                I2cGetRegs
 .text.setRegs  0x0000000008010dfc       0x54 Core/Src/BMI160.o
                0x0000000008010dfc                setRegs
 .text.I2cSetRegs
                0x0000000008010e50       0xb8 Core/Src/BMI160.o
                0x0000000008010e50                I2cSetRegs
 .text.DFR_USBD_CDC_Init
                0x0000000008010f08       0xf4 Core/Src/DFRobot_usbd_cdc.o
 .text.DFR_USBD_CDC_DeInit
                0x0000000008010ffc       0x6e Core/Src/DFRobot_usbd_cdc.o
 .text.DFR_USBD_CDC_Setup
                0x000000000801106a      0x140 Core/Src/DFRobot_usbd_cdc.o
 .text.DFR_USBD_CDC_DataIn
                0x00000000080111aa       0xa6 Core/Src/DFRobot_usbd_cdc.o
 .text.DFR_USBD_CDC_DataOut
                0x0000000008011250       0x56 Core/Src/DFRobot_usbd_cdc.o
 .text.DFR_USBD_CDC_EP0_RxReady
                0x00000000080112a6       0x50 Core/Src/DFRobot_usbd_cdc.o
 *fill*         0x00000000080112f6        0x2 
 .text.DFR_USBD_CDC_GetFSCfgDesc
                0x00000000080112f8       0x20 Core/Src/DFRobot_usbd_cdc.o
 .text.DFR_USBD_CDC_GetHSCfgDesc
                0x0000000008011318       0x20 Core/Src/DFRobot_usbd_cdc.o
 .text.DFR_USBD_CDC_GetOtherSpeedCfgDesc
                0x0000000008011338       0x20 Core/Src/DFRobot_usbd_cdc.o
 .text.DFR_USBD_CDC_GetDeviceQualifierDescriptor
                0x0000000008011358       0x20 Core/Src/DFRobot_usbd_cdc.o
                0x0000000008011358                DFR_USBD_CDC_GetDeviceQualifierDescriptor
 .text.DFR_USBD_CDC_SetTxBuffer
                0x0000000008011378       0x32 Core/Src/DFRobot_usbd_cdc.o
                0x0000000008011378                DFR_USBD_CDC_SetTxBuffer
 .text.DFR_USBD_CDC_SetRxBuffer
                0x00000000080113aa       0x26 Core/Src/DFRobot_usbd_cdc.o
                0x00000000080113aa                DFR_USBD_CDC_SetRxBuffer
 .text.DFR_USBD_CDC_TransmitPacket
                0x00000000080113d0       0x5e Core/Src/DFRobot_usbd_cdc.o
                0x00000000080113d0                DFR_USBD_CDC_TransmitPacket
 .text.DFR_USBD_CDC_ReceivePacket
                0x000000000801142e       0x54 Core/Src/DFRobot_usbd_cdc.o
                0x000000000801142e                DFR_USBD_CDC_ReceivePacket
 *fill*         0x0000000008011482        0x2 
 .text.__NVIC_SystemReset
                0x0000000008011484       0x28 Core/Src/DFRobot_usbd_cdc_if.o
 .text.DFR_CDC_Init_FS
                0x00000000080114ac       0x28 Core/Src/DFRobot_usbd_cdc_if.o
 .text.DFR_CDC_DeInit_FS
                0x00000000080114d4        0xe Core/Src/DFRobot_usbd_cdc_if.o
 *fill*         0x00000000080114e2        0x2 
 .text.DFR_CDC_Control_FS
                0x00000000080114e4       0xf0 Core/Src/DFRobot_usbd_cdc_if.o
 .text.DFR_CDC_Receive_FS
                0x00000000080115d4       0x50 Core/Src/DFRobot_usbd_cdc_if.o
 .text.DFR_CDC_Transmit_FS
                0x0000000008011624       0x4c Core/Src/DFRobot_usbd_cdc_if.o
                0x0000000008011624                DFR_CDC_Transmit_FS
 .text.DFR_USBD_Composite_Init
                0x0000000008011670       0x84 Core/Src/DFRobot_usbd_composite.o
 .text.DFR_USBD_Composite_DeInit
                0x00000000080116f4       0x84 Core/Src/DFRobot_usbd_composite.o
 .text.DFR_USBD_Composite_EP0_RxReady
                0x0000000008011778       0x2c Core/Src/DFRobot_usbd_composite.o
 .text.DFR_USBD_Composite_Setup
                0x00000000080117a4       0xec Core/Src/DFRobot_usbd_composite.o
 .text.DFR_USBD_Composite_DataIn
                0x0000000008011890       0x84 Core/Src/DFRobot_usbd_composite.o
 .text.DFR_USBD_Composite_DataOut
                0x0000000008011914       0x80 Core/Src/DFRobot_usbd_composite.o
 .text.DFR_USBD_Composite_GetFSCfgDesc
                0x0000000008011994       0x20 Core/Src/DFRobot_usbd_composite.o
 .text.DFR_USBD_Composite_GetDeviceQualifierDescriptor
                0x00000000080119b4       0x20 Core/Src/DFRobot_usbd_composite.o
 .text.DFR_USBD_KEYBOARD_HID_Init
                0x00000000080119d4       0x82 Core/Src/DFRobot_usbd_keyboard_hid.o
 .text.DFR_USBD_KEYBOARD_HID_DeInit
                0x0000000008011a56       0x5c Core/Src/DFRobot_usbd_keyboard_hid.o
 *fill*         0x0000000008011ab2        0x2 
 .text.DFR_USBD_KEYBOARD_HID_Setup
                0x0000000008011ab4      0x200 Core/Src/DFRobot_usbd_keyboard_hid.o
 .text.DFR_USBD_KEYBOARD_HID_SendReport
                0x0000000008011cb4       0x4a Core/Src/DFRobot_usbd_keyboard_hid.o
                0x0000000008011cb4                DFR_USBD_KEYBOARD_HID_SendReport
 *fill*         0x0000000008011cfe        0x2 
 .text.DFR_USBD_KEYBOARD_HID_GetFSCfgDesc
                0x0000000008011d00       0x20 Core/Src/DFRobot_usbd_keyboard_hid.o
 .text.DFR_USBD_KEYBOARD_HID_GetHSCfgDesc
                0x0000000008011d20       0x20 Core/Src/DFRobot_usbd_keyboard_hid.o
 .text.DFR_USBD_KEYBOARD_HID_GetOtherSpeedCfgDesc
                0x0000000008011d40       0x20 Core/Src/DFRobot_usbd_keyboard_hid.o
 .text.DFR_USBD_KEYBOARD_HID_DataIn
                0x0000000008011d60       0x22 Core/Src/DFRobot_usbd_keyboard_hid.o
 .text.DFR_USBD_KEYBOARD_HID_DataOut
                0x0000000008011d82       0x3e Core/Src/DFRobot_usbd_keyboard_hid.o
 .text.DFR_USBD_KEYBOARD_HID_EP0_RxReady
                0x0000000008011dc0       0x3c Core/Src/DFRobot_usbd_keyboard_hid.o
 .text.DFR_USBD_KEYBOARD_HID_GetDeviceQualifierDesc
                0x0000000008011dfc       0x20 Core/Src/DFRobot_usbd_keyboard_hid.o
 .text.DFR_KEYBOARD_HID_Init_FS
                0x0000000008011e1c        0xe Core/Src/DFRobot_usbd_keyboard_hid_if.o
 .text.DFR_KEYBOARD_HID_DeInit_FS
                0x0000000008011e2a        0xe Core/Src/DFRobot_usbd_keyboard_hid_if.o
 .text.DFR_KEYBOARD_HID_OutEvent_FS
                0x0000000008011e38       0x1c Core/Src/DFRobot_usbd_keyboard_hid_if.o
 .text.protocolWriteRequest
                0x0000000008011e54       0x18 Core/Src/HuskyLens.o
                0x0000000008011e54                protocolWriteRequest
 .text.protocolWriteRequestClearText
                0x0000000008011e6c       0x18 Core/Src/HuskyLens.o
                0x0000000008011e6c                protocolWriteRequestClearText
 .text.protocolWriteRequestTakePhotoToSDCard
                0x0000000008011e84       0x18 Core/Src/HuskyLens.o
                0x0000000008011e84                protocolWriteRequestTakePhotoToSDCard
 .text.protocolWriteRequestForgetLearn
                0x0000000008011e9c       0x18 Core/Src/HuskyLens.o
                0x0000000008011e9c                protocolWriteRequestForgetLearn
 .text.protocolWriteRequestSaveModelToTFCard
                0x0000000008011eb4       0x18 Core/Src/HuskyLens.o
                0x0000000008011eb4                protocolWriteRequestSaveModelToTFCard
 .text.protocolWriteRequestLoadModelFromTFCard
                0x0000000008011ecc       0x18 Core/Src/HuskyLens.o
                0x0000000008011ecc                protocolWriteRequestLoadModelFromTFCard
 .text.protocolWriteRequestAlgorithm
                0x0000000008011ee4       0x18 Core/Src/HuskyLens.o
                0x0000000008011ee4                protocolWriteRequestAlgorithm
 .text.protocolReadReturnInfo
                0x0000000008011efc       0x1a Core/Src/HuskyLens.o
                0x0000000008011efc                protocolReadReturnInfo
 .text.protocolReadReturnBlock
                0x0000000008011f16       0x1a Core/Src/HuskyLens.o
                0x0000000008011f16                protocolReadReturnBlock
 .text.protocolReadReturnArrow
                0x0000000008011f30       0x1a Core/Src/HuskyLens.o
                0x0000000008011f30                protocolReadReturnArrow
 .text.protocolWriteRequestCustomText
                0x0000000008011f4a       0x18 Core/Src/HuskyLens.o
                0x0000000008011f4a                protocolWriteRequestCustomText
 .text.protocolWriteRequestName
                0x0000000008011f62       0x18 Core/Src/HuskyLens.o
                0x0000000008011f62                protocolWriteRequestName
 .text.protocolWriteRequestLearnOnece
                0x0000000008011f7a       0x18 Core/Src/HuskyLens.o
                0x0000000008011f7a                protocolWriteRequestLearnOnece
 .text.writeAlgorithm
                0x0000000008011f92       0x24 Core/Src/HuskyLens.o
                0x0000000008011f92                writeAlgorithm
 .text.request  0x0000000008011fb6       0x22 Core/Src/HuskyLens.o
                0x0000000008011fb6                request
 .text.processReturn
                0x0000000008011fd8       0xb0 Core/Src/HuskyLens.o
                0x0000000008011fd8                processReturn
 .text.wait     0x0000000008012088       0x36 Core/Src/HuskyLens.o
                0x0000000008012088                wait
 *fill*         0x00000000080120be        0x2 
 .text.husky_lens_protocol_read_begin
                0x00000000080120c0       0x48 Core/Src/HuskyLens.o
                0x00000000080120c0                husky_lens_protocol_read_begin
 .text.protocolAvailable
                0x0000000008012108       0x54 Core/Src/HuskyLens.o
                0x0000000008012108                protocolAvailable
 .text.validateCheckSum
                0x000000000801215c       0x54 Core/Src/HuskyLens.o
                0x000000000801215c                validateCheckSum
 .text.husky_lens_protocol_receive
                0x00000000080121b0       0xe0 Core/Src/HuskyLens.o
                0x00000000080121b0                husky_lens_protocol_receive
 .text.protocolWriteCommand
                0x0000000008012290       0x34 Core/Src/HuskyLens.o
                0x0000000008012290                protocolWriteCommand
 .text.protocolWrite
                0x00000000080122c4       0x2c Core/Src/HuskyLens.o
                0x00000000080122c4                protocolWrite
 .text.husky_lens_protocol_write_end
                0x00000000080122f0       0x9c Core/Src/HuskyLens.o
                0x00000000080122f0                husky_lens_protocol_write_end
 .text.husky_lens_protocol_write_begin
                0x000000000801238c       0x48 Core/Src/HuskyLens.o
                0x000000000801238c                husky_lens_protocol_write_begin
 .text.protocolReadFiveInt16
                0x00000000080123d4       0x6e Core/Src/HuskyLens.o
                0x00000000080123d4                protocolReadFiveInt16
 *fill*         0x0000000008012442        0x2 
 .text.husky_lens_protocol_read_end
                0x0000000008012444       0x40 Core/Src/HuskyLens.o
                0x0000000008012444                husky_lens_protocol_read_end
 .text.husky_lens_protocol_read_int16
                0x0000000008012484       0x70 Core/Src/HuskyLens.o
                0x0000000008012484                husky_lens_protocol_read_int16
 .text.protocolWriteOneInt16
                0x00000000080124f4       0x40 Core/Src/HuskyLens.o
                0x00000000080124f4                protocolWriteOneInt16
 .text.husky_lens_protocol_write_int16
                0x0000000008012534       0x54 Core/Src/HuskyLens.o
                0x0000000008012534                husky_lens_protocol_write_int16
 .text.protocolWriteBufferUint8
                0x0000000008012588       0x46 Core/Src/HuskyLens.o
                0x0000000008012588                protocolWriteBufferUint8
 *fill*         0x00000000080125ce        0x2 
 .text.husky_lens_protocol_write_buffer_uint8
                0x00000000080125d0       0x60 Core/Src/HuskyLens.o
                0x00000000080125d0                husky_lens_protocol_write_buffer_uint8
 .text.readLearnedIDCount
                0x0000000008012630       0x18 Core/Src/HuskyLens.o
                0x0000000008012630                readLearnedIDCount
 .text.writeOSD
                0x0000000008012648       0xb0 Core/Src/HuskyLens.o
                0x0000000008012648                writeOSD
 .text.clearOSD
                0x00000000080126f8       0x1e Core/Src/HuskyLens.o
                0x00000000080126f8                clearOSD
 .text.isAppearDirect
                0x0000000008012716       0x34 Core/Src/HuskyLens.o
                0x0000000008012716                isAppearDirect
 .text.readBlockCenterParameterDirect
                0x000000000801274a       0xb6 Core/Src/HuskyLens.o
                0x000000000801274a                readBlockCenterParameterDirect
 .text.readArrowCenterParameterDirect
                0x0000000008012800       0xf2 Core/Src/HuskyLens.o
                0x0000000008012800                readArrowCenterParameterDirect
 .text.available
                0x00000000080128f2        0xe Core/Src/HuskyLens.o
                0x00000000080128f2                available
 .text.blocksreadDirect
                0x0000000008012900       0x1c Core/Src/HuskyLens.o
                0x0000000008012900                blocksreadDirect
 .text.readBlockDirect
                0x000000000801291c       0x44 Core/Src/HuskyLens.o
                0x000000000801291c                readBlockDirect
 .text.readBlockProtocol
                0x0000000008012960       0x6c Core/Src/HuskyLens.o
                0x0000000008012960                readBlockProtocol
 .text.blocksavailable
                0x00000000080129cc        0xe Core/Src/HuskyLens.o
                0x00000000080129cc                blocksavailable
 *fill*         0x00000000080129da        0x2 
 .text.countBlocks
                0x00000000080129dc       0x58 Core/Src/HuskyLens.o
                0x00000000080129dc                countBlocks
 .text.isLearned
                0x0000000008012a34       0x2c Core/Src/HuskyLens.o
                0x0000000008012a34                isLearned
 .text.countLearnedIDs
                0x0000000008012a60       0x18 Core/Src/HuskyLens.o
                0x0000000008012a60                countLearnedIDs
 .text.isAppear
                0x0000000008012a78       0x42 Core/Src/HuskyLens.o
                0x0000000008012a78                isAppear
 *fill*         0x0000000008012aba        0x2 
 .text.countArrows
                0x0000000008012abc       0x58 Core/Src/HuskyLens.o
                0x0000000008012abc                countArrows
 .text.readBlockParameter
                0x0000000008012b14       0x4a Core/Src/HuskyLens.o
                0x0000000008012b14                readBlockParameter
 .text.read     0x0000000008012b5e       0x20 Core/Src/HuskyLens.o
                0x0000000008012b5e                read
 *fill*         0x0000000008012b7e        0x2 
 .text.readBlock
                0x0000000008012b80       0x4c Core/Src/HuskyLens.o
                0x0000000008012b80                readBlock
 .text.readBlockByIDProtocol
                0x0000000008012bcc       0x88 Core/Src/HuskyLens.o
                0x0000000008012bcc                readBlockByIDProtocol
 .text.readArrowParameter
                0x0000000008012c54       0x4a Core/Src/HuskyLens.o
                0x0000000008012c54                readArrowParameter
 *fill*         0x0000000008012c9e        0x2 
 .text.arrowsread
                0x0000000008012ca0       0x4c Core/Src/HuskyLens.o
                0x0000000008012ca0                arrowsread
 .text.readALLCount
                0x0000000008012cec       0x44 Core/Src/HuskyLens.o
                0x0000000008012cec                readALLCount
 .text.readDirect
                0x0000000008012d30       0x1c Core/Src/HuskyLens.o
                0x0000000008012d30                readDirect
 .text.countIDBlocks
                0x0000000008012d4c       0x70 Core/Src/HuskyLens.o
                0x0000000008012d4c                countIDBlocks
 .text.countIDArrows
                0x0000000008012dbc       0x70 Core/Src/HuskyLens.o
                0x0000000008012dbc                countIDArrows
 .text.forgetLearn
                0x0000000008012e2c       0x1e Core/Src/HuskyLens.o
                0x0000000008012e2c                forgetLearn
 .text.learnOnece
                0x0000000008012e4a       0x3e Core/Src/HuskyLens.o
                0x0000000008012e4a                learnOnece
 .text.writeName
                0x0000000008012e88       0xa0 Core/Src/HuskyLens.o
                0x0000000008012e88                writeName
 .text.takePhotoToSDCard
                0x0000000008012f28       0x1e Core/Src/HuskyLens.o
                0x0000000008012f28                takePhotoToSDCard
 .text.saveModelToTFCard
                0x0000000008012f46       0x3e Core/Src/HuskyLens.o
                0x0000000008012f46                saveModelToTFCard
 .text.loadModelFromTFCard
                0x0000000008012f84       0x38 Core/Src/HuskyLens.o
                0x0000000008012f84                loadModelFromTFCard
 .text.reoprt_sysex
                0x0000000008012fbc      0xc9c Core/Src/firmata.o
 .text.sendFirmwareVersion
                0x0000000008013c58       0x3a Core/Src/firmata.o
                0x0000000008013c58                sendFirmwareVersion
 *fill*         0x0000000008013c92        0x2 
 .text.reoprt_firmware
                0x0000000008013c94       0x30 Core/Src/firmata.o
 .text.getPinMode
                0x0000000008013cc4       0x30 Core/Src/firmata.o
                0x0000000008013cc4                getPinMode
 .text.firmata_setPinMode
                0x0000000008013cf4       0x44 Core/Src/firmata.o
 .text.firmata_setDigitalPinValue
                0x0000000008013d38       0x54 Core/Src/firmata.o
 .text.firmata_processSysexMessage
                0x0000000008013d8c       0x40 Core/Src/firmata.o
                0x0000000008013d8c                firmata_processSysexMessage
 .text.firmata_parse
                0x0000000008013dcc       0xf8 Core/Src/firmata.o
                0x0000000008013dcc                firmata_parse
 .text.__io_putchar
                0x0000000008013ec4       0x24 Core/Src/main.o
                0x0000000008013ec4                __io_putchar
 .text.HAL_GPIO_EXTI_Callback
                0x0000000008013ee8      0x314 Core/Src/main.o
                0x0000000008013ee8                HAL_GPIO_EXTI_Callback
 *fill*         0x00000000080141fc        0x4 
 .text.reportAnalogstick
                0x0000000008014200      0x1dc Core/Src/main.o
                0x0000000008014200                reportAnalogstick
 *fill*         0x00000000080143dc        0x4 
 .text.HAL_ADC_ConvCpltCallback
                0x00000000080143e0       0x9c Core/Src/main.o
                0x00000000080143e0                HAL_ADC_ConvCpltCallback
 .text.HAL_TIM_PeriodElapsedCallback
                0x000000000801447c       0x12 Core/Src/main.o
                0x000000000801447c                HAL_TIM_PeriodElapsedCallback
 *fill*         0x000000000801448e        0x2 
 .text.main     0x0000000008014490       0xac Core/Src/main.o
                0x0000000008014490                main
 .text.SystemClock_Config
                0x000000000801453c       0xc0 Core/Src/main.o
                0x000000000801453c                SystemClock_Config
 .text.MX_ADC1_Init
                0x00000000080145fc       0x9c Core/Src/main.o
 .text.MX_I2C2_Init
                0x0000000008014698       0x5c Core/Src/main.o
 .text.MX_TIM1_Init
                0x00000000080146f4       0xa4 Core/Src/main.o
 .text.MX_TIM3_Init
                0x0000000008014798       0x9c Core/Src/main.o
 .text.MX_USART1_UART_Init
                0x0000000008014834       0x54 Core/Src/main.o
 .text.MX_DMA_Init
                0x0000000008014888       0x3c Core/Src/main.o
 .text.MX_GPIO_Init
                0x00000000080148c4      0x1e8 Core/Src/main.o
 .text.Error_Handler
                0x0000000008014aac        0xc Core/Src/main.o
                0x0000000008014aac                Error_Handler
 .text.HAL_MspInit
                0x0000000008014ab8       0x64 Core/Src/stm32f1xx_hal_msp.o
                0x0000000008014ab8                HAL_MspInit
 .text.HAL_ADC_MspInit
                0x0000000008014b1c       0xd4 Core/Src/stm32f1xx_hal_msp.o
                0x0000000008014b1c                HAL_ADC_MspInit
 .text.HAL_I2C_MspInit
                0x0000000008014bf0       0x80 Core/Src/stm32f1xx_hal_msp.o
                0x0000000008014bf0                HAL_I2C_MspInit
 .text.HAL_TIM_Base_MspInit
                0x0000000008014c70       0x94 Core/Src/stm32f1xx_hal_msp.o
                0x0000000008014c70                HAL_TIM_Base_MspInit
 .text.HAL_UART_MspInit
                0x0000000008014d04       0x98 Core/Src/stm32f1xx_hal_msp.o
                0x0000000008014d04                HAL_UART_MspInit
 .text.NMI_Handler
                0x0000000008014d9c        0xc Core/Src/stm32f1xx_it.o
                0x0000000008014d9c                NMI_Handler
 .text.HardFault_Handler
                0x0000000008014da8        0x6 Core/Src/stm32f1xx_it.o
                0x0000000008014da8                HardFault_Handler
 .text.MemManage_Handler
                0x0000000008014dae        0x6 Core/Src/stm32f1xx_it.o
                0x0000000008014dae                MemManage_Handler
 .text.BusFault_Handler
                0x0000000008014db4        0x6 Core/Src/stm32f1xx_it.o
                0x0000000008014db4                BusFault_Handler
 .text.UsageFault_Handler
                0x0000000008014dba        0x6 Core/Src/stm32f1xx_it.o
                0x0000000008014dba                UsageFault_Handler
 .text.SVC_Handler
                0x0000000008014dc0        0xc Core/Src/stm32f1xx_it.o
                0x0000000008014dc0                SVC_Handler
 .text.DebugMon_Handler
                0x0000000008014dcc        0xc Core/Src/stm32f1xx_it.o
                0x0000000008014dcc                DebugMon_Handler
 .text.PendSV_Handler
                0x0000000008014dd8        0xc Core/Src/stm32f1xx_it.o
                0x0000000008014dd8                PendSV_Handler
 .text.SysTick_Handler
                0x0000000008014de4        0xc Core/Src/stm32f1xx_it.o
                0x0000000008014de4                SysTick_Handler
 .text.EXTI0_IRQHandler
                0x0000000008014df0        0xe Core/Src/stm32f1xx_it.o
                0x0000000008014df0                EXTI0_IRQHandler
 .text.EXTI1_IRQHandler
                0x0000000008014dfe        0xe Core/Src/stm32f1xx_it.o
                0x0000000008014dfe                EXTI1_IRQHandler
 .text.EXTI2_IRQHandler
                0x0000000008014e0c        0xe Core/Src/stm32f1xx_it.o
                0x0000000008014e0c                EXTI2_IRQHandler
 .text.EXTI3_IRQHandler
                0x0000000008014e1a        0xe Core/Src/stm32f1xx_it.o
                0x0000000008014e1a                EXTI3_IRQHandler
 .text.EXTI4_IRQHandler
                0x0000000008014e28        0xe Core/Src/stm32f1xx_it.o
                0x0000000008014e28                EXTI4_IRQHandler
 *fill*         0x0000000008014e36        0x2 
 .text.DMA1_Channel1_IRQHandler
                0x0000000008014e38       0x14 Core/Src/stm32f1xx_it.o
                0x0000000008014e38                DMA1_Channel1_IRQHandler
 .text.USB_LP_CAN1_RX0_IRQHandler
                0x0000000008014e4c       0x14 Core/Src/stm32f1xx_it.o
                0x0000000008014e4c                USB_LP_CAN1_RX0_IRQHandler
 .text.EXTI9_5_IRQHandler
                0x0000000008014e60       0x2a Core/Src/stm32f1xx_it.o
                0x0000000008014e60                EXTI9_5_IRQHandler
 *fill*         0x0000000008014e8a        0x2 
 .text.TIM1_BRK_IRQHandler
                0x0000000008014e8c       0x14 Core/Src/stm32f1xx_it.o
                0x0000000008014e8c                TIM1_BRK_IRQHandler
 .text.TIM1_UP_IRQHandler
                0x0000000008014ea0       0x14 Core/Src/stm32f1xx_it.o
                0x0000000008014ea0                TIM1_UP_IRQHandler
 .text.TIM3_IRQHandler
                0x0000000008014eb4       0x14 Core/Src/stm32f1xx_it.o
                0x0000000008014eb4                TIM3_IRQHandler
 .text._read    0x0000000008014ec8       0x3a Core/Src/syscalls.o
                0x0000000008014ec8                _read
 .text._write   0x0000000008014f02       0x38 Core/Src/syscalls.o
                0x0000000008014f02                _write
 .text._close   0x0000000008014f3a       0x16 Core/Src/syscalls.o
                0x0000000008014f3a                _close
 .text._fstat   0x0000000008014f50       0x1e Core/Src/syscalls.o
                0x0000000008014f50                _fstat
 .text._isatty  0x0000000008014f6e       0x14 Core/Src/syscalls.o
                0x0000000008014f6e                _isatty
 .text._lseek   0x0000000008014f82       0x18 Core/Src/syscalls.o
                0x0000000008014f82                _lseek
 *fill*         0x0000000008014f9a        0x2 
 .text._sbrk    0x0000000008014f9c       0x58 Core/Src/sysmem.o
                0x0000000008014f9c                _sbrk
 .text.SystemInit
                0x0000000008014ff4        0xc Core/Src/system_stm32f1xx.o
                0x0000000008014ff4                SystemInit
 .text.Reset_Handler
                0x0000000008015000       0x48 Core/Startup/startup_stm32f103rctx.o
                0x0000000008015000                Reset_Handler
 .text.Default_Handler
                0x0000000008015048        0x2 Core/Startup/startup_stm32f103rctx.o
                0x0000000008015048                RTC_Alarm_IRQHandler
                0x0000000008015048                TIM8_TRG_COM_IRQHandler
                0x0000000008015048                TIM8_CC_IRQHandler
                0x0000000008015048                TIM1_CC_IRQHandler
                0x0000000008015048                TIM6_IRQHandler
                0x0000000008015048                PVD_IRQHandler
                0x0000000008015048                SDIO_IRQHandler
                0x0000000008015048                I2C2_EV_IRQHandler
                0x0000000008015048                ADC1_2_IRQHandler
                0x0000000008015048                SPI1_IRQHandler
                0x0000000008015048                TAMPER_IRQHandler
                0x0000000008015048                TIM8_UP_IRQHandler
                0x0000000008015048                DMA2_Channel2_IRQHandler
                0x0000000008015048                DMA1_Channel4_IRQHandler
                0x0000000008015048                USART3_IRQHandler
                0x0000000008015048                RTC_IRQHandler
                0x0000000008015048                DMA1_Channel7_IRQHandler
                0x0000000008015048                CAN1_RX1_IRQHandler
                0x0000000008015048                UART5_IRQHandler
                0x0000000008015048                ADC3_IRQHandler
                0x0000000008015048                TIM4_IRQHandler
                0x0000000008015048                DMA2_Channel1_IRQHandler
                0x0000000008015048                I2C1_EV_IRQHandler
                0x0000000008015048                DMA1_Channel6_IRQHandler
                0x0000000008015048                UART4_IRQHandler
                0x0000000008015048                RCC_IRQHandler
                0x0000000008015048                TIM1_TRG_COM_IRQHandler
                0x0000000008015048                Default_Handler
                0x0000000008015048                EXTI15_10_IRQHandler
                0x0000000008015048                TIM7_IRQHandler
                0x0000000008015048                TIM5_IRQHandler
                0x0000000008015048                SPI2_IRQHandler
                0x0000000008015048                DMA1_Channel5_IRQHandler
                0x0000000008015048                USB_HP_CAN1_TX_IRQHandler
                0x0000000008015048                DMA1_Channel3_IRQHandler
                0x0000000008015048                FSMC_IRQHandler
                0x0000000008015048                WWDG_IRQHandler
                0x0000000008015048                TIM2_IRQHandler
                0x0000000008015048                DMA2_Channel4_5_IRQHandler
                0x0000000008015048                USART2_IRQHandler
                0x0000000008015048                I2C2_ER_IRQHandler
                0x0000000008015048                DMA1_Channel2_IRQHandler
                0x0000000008015048                TIM8_BRK_IRQHandler
                0x0000000008015048                CAN1_SCE_IRQHandler
                0x0000000008015048                FLASH_IRQHandler
                0x0000000008015048                USART1_IRQHandler
                0x0000000008015048                SPI3_IRQHandler
                0x0000000008015048                I2C1_ER_IRQHandler
                0x0000000008015048                USBWakeUp_IRQHandler
                0x0000000008015048                DMA2_Channel3_IRQHandler
 *fill*         0x000000000801504a        0x2 
 .text.HAL_Init
                0x000000000801504c       0x2c Drivers/STM32F1xx_HAL_Driver/Src/stm32f1xx_hal.o
                0x000000000801504c                HAL_Init
 .text.HAL_InitTick
                0x0000000008015078       0x60 Drivers/STM32F1xx_HAL_Driver/Src/stm32f1xx_hal.o
                0x0000000008015078                HAL_InitTick
 .text.HAL_IncTick
                0x00000000080150d8       0x24 Drivers/STM32F1xx_HAL_Driver/Src/stm32f1xx_hal.o
                0x00000000080150d8                HAL_IncTick
 .text.HAL_GetTick
                0x00000000080150fc       0x14 Drivers/STM32F1xx_HAL_Driver/Src/stm32f1xx_hal.o
                0x00000000080150fc                HAL_GetTick
 .text.HAL_Delay
                0x0000000008015110       0x44 Drivers/STM32F1xx_HAL_Driver/Src/stm32f1xx_hal.o
                0x0000000008015110                HAL_Delay
 .text.HAL_ADC_Init
                0x0000000008015154      0x1d4 Drivers/STM32F1xx_HAL_Driver/Src/stm32f1xx_hal_adc.o
                0x0000000008015154                HAL_ADC_Init
 .text.HAL_ADC_Start_DMA
                0x0000000008015328      0x1bc Drivers/STM32F1xx_HAL_Driver/Src/stm32f1xx_hal_adc.o
                0x0000000008015328                HAL_ADC_Start_DMA
 .text.HAL_ADC_ConvHalfCpltCallback
                0x00000000080154e4       0x12 Drivers/STM32F1xx_HAL_Driver/Src/stm32f1xx_hal_adc.o
                0x00000000080154e4                HAL_ADC_ConvHalfCpltCallback
 .text.HAL_ADC_ErrorCallback
                0x00000000080154f6       0x12 Drivers/STM32F1xx_HAL_Driver/Src/stm32f1xx_hal_adc.o
                0x00000000080154f6                HAL_ADC_ErrorCallback
 .text.HAL_ADC_ConfigChannel
                0x0000000008015508      0x1f0 Drivers/STM32F1xx_HAL_Driver/Src/stm32f1xx_hal_adc.o
                0x0000000008015508                HAL_ADC_ConfigChannel
 .text.ADC_Enable
                0x00000000080156f8       0xa4 Drivers/STM32F1xx_HAL_Driver/Src/stm32f1xx_hal_adc.o
                0x00000000080156f8                ADC_Enable
 .text.ADC_ConversionStop_Disable
                0x000000000801579c       0x74 Drivers/STM32F1xx_HAL_Driver/Src/stm32f1xx_hal_adc.o
                0x000000000801579c                ADC_ConversionStop_Disable
 .text.ADC_DMAConvCplt
                0x0000000008015810       0x7c Drivers/STM32F1xx_HAL_Driver/Src/stm32f1xx_hal_adc.o
                0x0000000008015810                ADC_DMAConvCplt
 .text.ADC_DMAHalfConvCplt
                0x000000000801588c       0x1c Drivers/STM32F1xx_HAL_Driver/Src/stm32f1xx_hal_adc.o
                0x000000000801588c                ADC_DMAHalfConvCplt
 .text.ADC_DMAError
                0x00000000080158a8       0x34 Drivers/STM32F1xx_HAL_Driver/Src/stm32f1xx_hal_adc.o
                0x00000000080158a8                ADC_DMAError
 .text.__NVIC_SetPriorityGrouping
                0x00000000080158dc       0x48 Drivers/STM32F1xx_HAL_Driver/Src/stm32f1xx_hal_cortex.o
 .text.__NVIC_GetPriorityGrouping
                0x0000000008015924       0x1c Drivers/STM32F1xx_HAL_Driver/Src/stm32f1xx_hal_cortex.o
 .text.__NVIC_EnableIRQ
                0x0000000008015940       0x38 Drivers/STM32F1xx_HAL_Driver/Src/stm32f1xx_hal_cortex.o
 .text.__NVIC_SetPriority
                0x0000000008015978       0x54 Drivers/STM32F1xx_HAL_Driver/Src/stm32f1xx_hal_cortex.o
 .text.NVIC_EncodePriority
                0x00000000080159cc       0x64 Drivers/STM32F1xx_HAL_Driver/Src/stm32f1xx_hal_cortex.o
 .text.SysTick_Config
                0x0000000008015a30       0x44 Drivers/STM32F1xx_HAL_Driver/Src/stm32f1xx_hal_cortex.o
 .text.HAL_NVIC_SetPriorityGrouping
                0x0000000008015a74       0x16 Drivers/STM32F1xx_HAL_Driver/Src/stm32f1xx_hal_cortex.o
                0x0000000008015a74                HAL_NVIC_SetPriorityGrouping
 .text.HAL_NVIC_SetPriority
                0x0000000008015a8a       0x38 Drivers/STM32F1xx_HAL_Driver/Src/stm32f1xx_hal_cortex.o
                0x0000000008015a8a                HAL_NVIC_SetPriority
 .text.HAL_NVIC_EnableIRQ
                0x0000000008015ac2       0x1c Drivers/STM32F1xx_HAL_Driver/Src/stm32f1xx_hal_cortex.o
                0x0000000008015ac2                HAL_NVIC_EnableIRQ
 .text.HAL_SYSTICK_Config
                0x0000000008015ade       0x18 Drivers/STM32F1xx_HAL_Driver/Src/stm32f1xx_hal_cortex.o
                0x0000000008015ade                HAL_SYSTICK_Config
 *fill*         0x0000000008015af6        0x2 
 .text.HAL_DMA_Init
                0x0000000008015af8       0xec Drivers/STM32F1xx_HAL_Driver/Src/stm32f1xx_hal_dma.o
                0x0000000008015af8                HAL_DMA_Init
 .text.HAL_DMA_Start_IT
                0x0000000008015be4       0xbe Drivers/STM32F1xx_HAL_Driver/Src/stm32f1xx_hal_dma.o
                0x0000000008015be4                HAL_DMA_Start_IT
 *fill*         0x0000000008015ca2        0x2 
 .text.HAL_DMA_IRQHandler
                0x0000000008015ca4      0x478 Drivers/STM32F1xx_HAL_Driver/Src/stm32f1xx_hal_dma.o
                0x0000000008015ca4                HAL_DMA_IRQHandler
 .text.DMA_SetConfig
                0x000000000801611c       0x5a Drivers/STM32F1xx_HAL_Driver/Src/stm32f1xx_hal_dma.o
 *fill*         0x0000000008016176        0x2 
 .text.HAL_GPIO_Init
                0x0000000008016178      0x2d4 Drivers/STM32F1xx_HAL_Driver/Src/stm32f1xx_hal_gpio.o
                0x0000000008016178                HAL_GPIO_Init
 .text.HAL_GPIO_ReadPin
                0x000000000801644c       0x2e Drivers/STM32F1xx_HAL_Driver/Src/stm32f1xx_hal_gpio.o
                0x000000000801644c                HAL_GPIO_ReadPin
 .text.HAL_GPIO_WritePin
                0x000000000801647a       0x30 Drivers/STM32F1xx_HAL_Driver/Src/stm32f1xx_hal_gpio.o
                0x000000000801647a                HAL_GPIO_WritePin
 *fill*         0x00000000080164aa        0x2 
 .text.HAL_GPIO_EXTI_IRQHandler
                0x00000000080164ac       0x30 Drivers/STM32F1xx_HAL_Driver/Src/stm32f1xx_hal_gpio.o
                0x00000000080164ac                HAL_GPIO_EXTI_IRQHandler
 .text.HAL_I2C_Init
                0x00000000080164dc      0x270 Drivers/STM32F1xx_HAL_Driver/Src/stm32f1xx_hal_i2c.o
                0x00000000080164dc                HAL_I2C_Init
 .text.HAL_I2C_Master_Transmit
                0x000000000801674c      0x1fc Drivers/STM32F1xx_HAL_Driver/Src/stm32f1xx_hal_i2c.o
                0x000000000801674c                HAL_I2C_Master_Transmit
 .text.HAL_I2C_Master_Receive
                0x0000000008016948      0x4b4 Drivers/STM32F1xx_HAL_Driver/Src/stm32f1xx_hal_i2c.o
                0x0000000008016948                HAL_I2C_Master_Receive
 .text.I2C_MasterRequestWrite
                0x0000000008016dfc      0x104 Drivers/STM32F1xx_HAL_Driver/Src/stm32f1xx_hal_i2c.o
 .text.I2C_MasterRequestRead
                0x0000000008016f00      0x19c Drivers/STM32F1xx_HAL_Driver/Src/stm32f1xx_hal_i2c.o
 .text.I2C_WaitOnFlagUntilTimeout
                0x000000000801709c       0xae Drivers/STM32F1xx_HAL_Driver/Src/stm32f1xx_hal_i2c.o
 .text.I2C_WaitOnMasterAddressFlagUntilTimeout
                0x000000000801714a       0xfe Drivers/STM32F1xx_HAL_Driver/Src/stm32f1xx_hal_i2c.o
 .text.I2C_WaitOnTXEFlagUntilTimeout
                0x0000000008017248       0x82 Drivers/STM32F1xx_HAL_Driver/Src/stm32f1xx_hal_i2c.o
 .text.I2C_WaitOnBTFFlagUntilTimeout
                0x00000000080172ca       0x82 Drivers/STM32F1xx_HAL_Driver/Src/stm32f1xx_hal_i2c.o
 .text.I2C_WaitOnRXNEFlagUntilTimeout
                0x000000000801734c       0xac Drivers/STM32F1xx_HAL_Driver/Src/stm32f1xx_hal_i2c.o
 .text.I2C_IsAcknowledgeFailed
                0x00000000080173f8       0x5c Drivers/STM32F1xx_HAL_Driver/Src/stm32f1xx_hal_i2c.o
 .text.HAL_PCD_Init
                0x0000000008017454      0x216 Drivers/STM32F1xx_HAL_Driver/Src/stm32f1xx_hal_pcd.o
                0x0000000008017454                HAL_PCD_Init
 .text.HAL_PCD_Start
                0x000000000801766a       0x4c Drivers/STM32F1xx_HAL_Driver/Src/stm32f1xx_hal_pcd.o
                0x000000000801766a                HAL_PCD_Start
 .text.HAL_PCD_IRQHandler
                0x00000000080176b6      0x2aa Drivers/STM32F1xx_HAL_Driver/Src/stm32f1xx_hal_pcd.o
                0x00000000080176b6                HAL_PCD_IRQHandler
 .text.HAL_PCD_SetAddress
                0x0000000008017960       0x4a Drivers/STM32F1xx_HAL_Driver/Src/stm32f1xx_hal_pcd.o
                0x0000000008017960                HAL_PCD_SetAddress
 .text.HAL_PCD_EP_Open
                0x00000000080179aa       0xcc Drivers/STM32F1xx_HAL_Driver/Src/stm32f1xx_hal_pcd.o
                0x00000000080179aa                HAL_PCD_EP_Open
 .text.HAL_PCD_EP_Close
                0x0000000008017a76       0x90 Drivers/STM32F1xx_HAL_Driver/Src/stm32f1xx_hal_pcd.o
                0x0000000008017a76                HAL_PCD_EP_Close
 .text.HAL_PCD_EP_Receive
                0x0000000008017b06       0x7a Drivers/STM32F1xx_HAL_Driver/Src/stm32f1xx_hal_pcd.o
                0x0000000008017b06                HAL_PCD_EP_Receive
 .text.HAL_PCD_EP_GetRxCount
                0x0000000008017b80       0x2e Drivers/STM32F1xx_HAL_Driver/Src/stm32f1xx_hal_pcd.o
                0x0000000008017b80                HAL_PCD_EP_GetRxCount
 .text.HAL_PCD_EP_Transmit
                0x0000000008017bae       0x86 Drivers/STM32F1xx_HAL_Driver/Src/stm32f1xx_hal_pcd.o
                0x0000000008017bae                HAL_PCD_EP_Transmit
 .text.HAL_PCD_EP_SetStall
                0x0000000008017c34       0xc0 Drivers/STM32F1xx_HAL_Driver/Src/stm32f1xx_hal_pcd.o
                0x0000000008017c34                HAL_PCD_EP_SetStall
 .text.HAL_PCD_EP_ClrStall
                0x0000000008017cf4       0xa8 Drivers/STM32F1xx_HAL_Driver/Src/stm32f1xx_hal_pcd.o
                0x0000000008017cf4                HAL_PCD_EP_ClrStall
 .text.PCD_EP_ISR_Handler
                0x0000000008017d9c      0x5e6 Drivers/STM32F1xx_HAL_Driver/Src/stm32f1xx_hal_pcd.o
 .text.HAL_PCD_EP_DB_Receive
                0x0000000008018382      0x21a Drivers/STM32F1xx_HAL_Driver/Src/stm32f1xx_hal_pcd.o
 .text.HAL_PCD_EP_DB_Transmit
                0x000000000801859c      0x53a Drivers/STM32F1xx_HAL_Driver/Src/stm32f1xx_hal_pcd.o
 .text.HAL_PCDEx_PMAConfig
                0x0000000008018ad6       0x84 Drivers/STM32F1xx_HAL_Driver/Src/stm32f1xx_hal_pcd_ex.o
                0x0000000008018ad6                HAL_PCDEx_PMAConfig
 *fill*         0x0000000008018b5a        0x2 
 .text.HAL_RCC_OscConfig
                0x0000000008018b5c      0x500 Drivers/STM32F1xx_HAL_Driver/Src/stm32f1xx_hal_rcc.o
                0x0000000008018b5c                HAL_RCC_OscConfig
 .text.HAL_RCC_ClockConfig
                0x000000000801905c      0x1d4 Drivers/STM32F1xx_HAL_Driver/Src/stm32f1xx_hal_rcc.o
                0x000000000801905c                HAL_RCC_ClockConfig
 .text.HAL_RCC_GetSysClockFreq
                0x0000000008019230       0xc4 Drivers/STM32F1xx_HAL_Driver/Src/stm32f1xx_hal_rcc.o
                0x0000000008019230                HAL_RCC_GetSysClockFreq
 .text.HAL_RCC_GetHCLKFreq
                0x00000000080192f4       0x14 Drivers/STM32F1xx_HAL_Driver/Src/stm32f1xx_hal_rcc.o
                0x00000000080192f4                HAL_RCC_GetHCLKFreq
 .text.HAL_RCC_GetPCLK1Freq
                0x0000000008019308       0x28 Drivers/STM32F1xx_HAL_Driver/Src/stm32f1xx_hal_rcc.o
                0x0000000008019308                HAL_RCC_GetPCLK1Freq
 .text.HAL_RCC_GetPCLK2Freq
                0x0000000008019330       0x28 Drivers/STM32F1xx_HAL_Driver/Src/stm32f1xx_hal_rcc.o
                0x0000000008019330                HAL_RCC_GetPCLK2Freq
 .text.RCC_Delay
                0x0000000008019358       0x3c Drivers/STM32F1xx_HAL_Driver/Src/stm32f1xx_hal_rcc.o
 .text.HAL_RCCEx_PeriphCLKConfig
                0x0000000008019394      0x16c Drivers/STM32F1xx_HAL_Driver/Src/stm32f1xx_hal_rcc_ex.o
                0x0000000008019394                HAL_RCCEx_PeriphCLKConfig
 .text.HAL_TIM_Base_Init
                0x0000000008019500       0x9e Drivers/STM32F1xx_HAL_Driver/Src/stm32f1xx_hal_tim.o
                0x0000000008019500                HAL_TIM_Base_Init
 *fill*         0x000000000801959e        0x2 
 .text.HAL_TIM_Base_Start_IT
                0x00000000080195a0       0xc0 Drivers/STM32F1xx_HAL_Driver/Src/stm32f1xx_hal_tim.o
                0x00000000080195a0                HAL_TIM_Base_Start_IT
 .text.HAL_TIM_PWM_Start
                0x0000000008019660      0x174 Drivers/STM32F1xx_HAL_Driver/Src/stm32f1xx_hal_tim.o
                0x0000000008019660                HAL_TIM_PWM_Start
 .text.HAL_TIM_IRQHandler
                0x00000000080197d4      0x210 Drivers/STM32F1xx_HAL_Driver/Src/stm32f1xx_hal_tim.o
                0x00000000080197d4                HAL_TIM_IRQHandler
 .text.HAL_TIM_ConfigClockSource
                0x00000000080199e4      0x16e Drivers/STM32F1xx_HAL_Driver/Src/stm32f1xx_hal_tim.o
                0x00000000080199e4                HAL_TIM_ConfigClockSource
 .text.HAL_TIM_OC_DelayElapsedCallback
                0x0000000008019b52       0x12 Drivers/STM32F1xx_HAL_Driver/Src/stm32f1xx_hal_tim.o
                0x0000000008019b52                HAL_TIM_OC_DelayElapsedCallback
 .text.HAL_TIM_IC_CaptureCallback
                0x0000000008019b64       0x12 Drivers/STM32F1xx_HAL_Driver/Src/stm32f1xx_hal_tim.o
                0x0000000008019b64                HAL_TIM_IC_CaptureCallback
 .text.HAL_TIM_PWM_PulseFinishedCallback
                0x0000000008019b76       0x12 Drivers/STM32F1xx_HAL_Driver/Src/stm32f1xx_hal_tim.o
                0x0000000008019b76                HAL_TIM_PWM_PulseFinishedCallback
 .text.HAL_TIM_TriggerCallback
                0x0000000008019b88       0x12 Drivers/STM32F1xx_HAL_Driver/Src/stm32f1xx_hal_tim.o
                0x0000000008019b88                HAL_TIM_TriggerCallback
 *fill*         0x0000000008019b9a        0x2 
 .text.TIM_Base_SetConfig
                0x0000000008019b9c       0xf4 Drivers/STM32F1xx_HAL_Driver/Src/stm32f1xx_hal_tim.o
                0x0000000008019b9c                TIM_Base_SetConfig
 .text.TIM_TI1_ConfigInputStage
                0x0000000008019c90       0x5c Drivers/STM32F1xx_HAL_Driver/Src/stm32f1xx_hal_tim.o
 .text.TIM_TI2_ConfigInputStage
                0x0000000008019cec       0x5e Drivers/STM32F1xx_HAL_Driver/Src/stm32f1xx_hal_tim.o
 .text.TIM_ITRx_SetConfig
                0x0000000008019d4a       0x34 Drivers/STM32F1xx_HAL_Driver/Src/stm32f1xx_hal_tim.o
 .text.TIM_ETR_SetConfig
                0x0000000008019d7e       0x3e Drivers/STM32F1xx_HAL_Driver/Src/stm32f1xx_hal_tim.o
                0x0000000008019d7e                TIM_ETR_SetConfig
 .text.TIM_CCxChannelCmd
                0x0000000008019dbc       0x48 Drivers/STM32F1xx_HAL_Driver/Src/stm32f1xx_hal_tim.o
                0x0000000008019dbc                TIM_CCxChannelCmd
 .text.HAL_TIMEx_MasterConfigSynchronization
                0x0000000008019e04       0xd8 Drivers/STM32F1xx_HAL_Driver/Src/stm32f1xx_hal_tim_ex.o
                0x0000000008019e04                HAL_TIMEx_MasterConfigSynchronization
 .text.HAL_TIMEx_CommutCallback
                0x0000000008019edc       0x12 Drivers/STM32F1xx_HAL_Driver/Src/stm32f1xx_hal_tim_ex.o
                0x0000000008019edc                HAL_TIMEx_CommutCallback
 .text.HAL_TIMEx_BreakCallback
                0x0000000008019eee       0x12 Drivers/STM32F1xx_HAL_Driver/Src/stm32f1xx_hal_tim_ex.o
                0x0000000008019eee                HAL_TIMEx_BreakCallback
 .text.HAL_UART_Init
                0x0000000008019f00       0x9a Drivers/STM32F1xx_HAL_Driver/Src/stm32f1xx_hal_uart.o
                0x0000000008019f00                HAL_UART_Init
 .text.HAL_UART_Transmit
                0x0000000008019f9a      0x124 Drivers/STM32F1xx_HAL_Driver/Src/stm32f1xx_hal_uart.o
                0x0000000008019f9a                HAL_UART_Transmit
 .text.UART_WaitOnFlagUntilTimeout
                0x000000000801a0be       0x94 Drivers/STM32F1xx_HAL_Driver/Src/stm32f1xx_hal_uart.o
 *fill*         0x000000000801a152        0x2 
 .text.UART_SetConfig
                0x000000000801a154      0x11c Drivers/STM32F1xx_HAL_Driver/Src/stm32f1xx_hal_uart.o
 .text.USB_CoreInit
                0x000000000801a270       0x20 Drivers/STM32F1xx_HAL_Driver/Src/stm32f1xx_ll_usb.o
                0x000000000801a270                USB_CoreInit
 .text.USB_EnableGlobalInt
                0x000000000801a290       0x2c Drivers/STM32F1xx_HAL_Driver/Src/stm32f1xx_ll_usb.o
                0x000000000801a290                USB_EnableGlobalInt
 .text.USB_DisableGlobalInt
                0x000000000801a2bc       0x34 Drivers/STM32F1xx_HAL_Driver/Src/stm32f1xx_ll_usb.o
                0x000000000801a2bc                USB_DisableGlobalInt
 .text.USB_SetCurrentMode
                0x000000000801a2f0       0x18 Drivers/STM32F1xx_HAL_Driver/Src/stm32f1xx_ll_usb.o
                0x000000000801a2f0                USB_SetCurrentMode
 .text.USB_DevInit
                0x000000000801a308       0x40 Drivers/STM32F1xx_HAL_Driver/Src/stm32f1xx_ll_usb.o
                0x000000000801a308                USB_DevInit
 .text.USB_ActivateEndpoint
                0x000000000801a348      0x6d4 Drivers/STM32F1xx_HAL_Driver/Src/stm32f1xx_ll_usb.o
                0x000000000801a348                USB_ActivateEndpoint
 .text.USB_DeactivateEndpoint
                0x000000000801aa1c      0x3d8 Drivers/STM32F1xx_HAL_Driver/Src/stm32f1xx_ll_usb.o
                0x000000000801aa1c                USB_DeactivateEndpoint
 .text.USB_EPStartXfer
                0x000000000801adf4     0x124e Drivers/STM32F1xx_HAL_Driver/Src/stm32f1xx_ll_usb.o
                0x000000000801adf4                USB_EPStartXfer
 .text.USB_EPSetStall
                0x000000000801c042       0xa0 Drivers/STM32F1xx_HAL_Driver/Src/stm32f1xx_ll_usb.o
                0x000000000801c042                USB_EPSetStall
 .text.USB_EPClearStall
                0x000000000801c0e2      0x15a Drivers/STM32F1xx_HAL_Driver/Src/stm32f1xx_ll_usb.o
                0x000000000801c0e2                USB_EPClearStall
 .text.USB_SetDevAddress
                0x000000000801c23c       0x26 Drivers/STM32F1xx_HAL_Driver/Src/stm32f1xx_ll_usb.o
                0x000000000801c23c                USB_SetDevAddress
 .text.USB_DevConnect
                0x000000000801c262       0x14 Drivers/STM32F1xx_HAL_Driver/Src/stm32f1xx_ll_usb.o
                0x000000000801c262                USB_DevConnect
 .text.USB_DevDisconnect
                0x000000000801c276       0x14 Drivers/STM32F1xx_HAL_Driver/Src/stm32f1xx_ll_usb.o
                0x000000000801c276                USB_DevDisconnect
 .text.USB_ReadInterrupts
                0x000000000801c28a       0x1e Drivers/STM32F1xx_HAL_Driver/Src/stm32f1xx_ll_usb.o
                0x000000000801c28a                USB_ReadInterrupts
 .text.USB_EP0_OutStart
                0x000000000801c2a8       0x16 Drivers/STM32F1xx_HAL_Driver/Src/stm32f1xx_ll_usb.o
                0x000000000801c2a8                USB_EP0_OutStart
 .text.USB_WritePMA
                0x000000000801c2be       0x88 Drivers/STM32F1xx_HAL_Driver/Src/stm32f1xx_ll_usb.o
                0x000000000801c2be                USB_WritePMA
 .text.USB_ReadPMA
                0x000000000801c346       0x9e Drivers/STM32F1xx_HAL_Driver/Src/stm32f1xx_ll_usb.o
                0x000000000801c346                USB_ReadPMA
 .text.USBD_Init
                0x000000000801c3e4       0x56 Middlewares/ST/STM32_USB_Device_Library/Core/Src/usbd_core.o
                0x000000000801c3e4                USBD_Init
 .text.USBD_RegisterClass
                0x000000000801c43a       0x32 Middlewares/ST/STM32_USB_Device_Library/Core/Src/usbd_core.o
                0x000000000801c43a                USBD_RegisterClass
 .text.USBD_Start
                0x000000000801c46c       0x18 Middlewares/ST/STM32_USB_Device_Library/Core/Src/usbd_core.o
                0x000000000801c46c                USBD_Start
 .text.USBD_RunTestMode
                0x000000000801c484       0x14 Middlewares/ST/STM32_USB_Device_Library/Core/Src/usbd_core.o
                0x000000000801c484                USBD_RunTestMode
 .text.USBD_SetClassConfig
                0x000000000801c498       0x3e Middlewares/ST/STM32_USB_Device_Library/Core/Src/usbd_core.o
                0x000000000801c498                USBD_SetClassConfig
 .text.USBD_ClrClassConfig
                0x000000000801c4d6       0x26 Middlewares/ST/STM32_USB_Device_Library/Core/Src/usbd_core.o
                0x000000000801c4d6                USBD_ClrClassConfig
 .text.USBD_LL_SetupStage
                0x000000000801c4fc       0x96 Middlewares/ST/STM32_USB_Device_Library/Core/Src/usbd_core.o
                0x000000000801c4fc                USBD_LL_SetupStage
 .text.USBD_LL_DataOutStage
                0x000000000801c592       0xe2 Middlewares/ST/STM32_USB_Device_Library/Core/Src/usbd_core.o
                0x000000000801c592                USBD_LL_DataOutStage
 .text.USBD_LL_DataInStage
                0x000000000801c674      0x14a Middlewares/ST/STM32_USB_Device_Library/Core/Src/usbd_core.o
                0x000000000801c674                USBD_LL_DataInStage
 .text.USBD_LL_Reset
                0x000000000801c7be       0x82 Middlewares/ST/STM32_USB_Device_Library/Core/Src/usbd_core.o
                0x000000000801c7be                USBD_LL_Reset
 .text.USBD_LL_SetSpeed
                0x000000000801c840       0x1e Middlewares/ST/STM32_USB_Device_Library/Core/Src/usbd_core.o
                0x000000000801c840                USBD_LL_SetSpeed
 .text.USBD_LL_Suspend
                0x000000000801c85e       0x28 Middlewares/ST/STM32_USB_Device_Library/Core/Src/usbd_core.o
                0x000000000801c85e                USBD_LL_Suspend
 .text.USBD_LL_Resume
                0x000000000801c886       0x2a Middlewares/ST/STM32_USB_Device_Library/Core/Src/usbd_core.o
                0x000000000801c886                USBD_LL_Resume
 .text.USBD_LL_SOF
                0x000000000801c8b0       0x34 Middlewares/ST/STM32_USB_Device_Library/Core/Src/usbd_core.o
                0x000000000801c8b0                USBD_LL_SOF
 .text.USBD_StdDevReq
                0x000000000801c8e4       0xd4 Middlewares/ST/STM32_USB_Device_Library/Core/Src/usbd_ctlreq.o
                0x000000000801c8e4                USBD_StdDevReq
 .text.USBD_StdItfReq
                0x000000000801c9b8       0x8c Middlewares/ST/STM32_USB_Device_Library/Core/Src/usbd_ctlreq.o
                0x000000000801c9b8                USBD_StdItfReq
 .text.USBD_StdEPReq
                0x000000000801ca44      0x2ba Middlewares/ST/STM32_USB_Device_Library/Core/Src/usbd_ctlreq.o
                0x000000000801ca44                USBD_StdEPReq
 *fill*         0x000000000801ccfe        0x2 
 .text.USBD_GetDescriptor
                0x000000000801cd00      0x2d0 Middlewares/ST/STM32_USB_Device_Library/Core/Src/usbd_ctlreq.o
 .text.USBD_SetAddress
                0x000000000801cfd0       0x84 Middlewares/ST/STM32_USB_Device_Library/Core/Src/usbd_ctlreq.o
 .text.USBD_SetConfig
                0x000000000801d054      0x11c Middlewares/ST/STM32_USB_Device_Library/Core/Src/usbd_ctlreq.o
 .text.USBD_GetConfig
                0x000000000801d170       0x68 Middlewares/ST/STM32_USB_Device_Library/Core/Src/usbd_ctlreq.o
 .text.USBD_GetStatus
                0x000000000801d1d8       0x66 Middlewares/ST/STM32_USB_Device_Library/Core/Src/usbd_ctlreq.o
 .text.USBD_SetFeature
                0x000000000801d23e       0x28 Middlewares/ST/STM32_USB_Device_Library/Core/Src/usbd_ctlreq.o
 .text.USBD_ClrFeature
                0x000000000801d266       0x42 Middlewares/ST/STM32_USB_Device_Library/Core/Src/usbd_ctlreq.o
 .text.USBD_ParseSetupRequest
                0x000000000801d2a8       0x78 Middlewares/ST/STM32_USB_Device_Library/Core/Src/usbd_ctlreq.o
                0x000000000801d2a8                USBD_ParseSetupRequest
 .text.USBD_CtlError
                0x000000000801d320       0x22 Middlewares/ST/STM32_USB_Device_Library/Core/Src/usbd_ctlreq.o
                0x000000000801d320                USBD_CtlError
 .text.USBD_GetString
                0x000000000801d342       0x84 Middlewares/ST/STM32_USB_Device_Library/Core/Src/usbd_ctlreq.o
                0x000000000801d342                USBD_GetString
 .text.USBD_GetLen
                0x000000000801d3c6       0x2e Middlewares/ST/STM32_USB_Device_Library/Core/Src/usbd_ctlreq.o
 .text.USBD_CtlSendData
                0x000000000801d3f4       0x38 Middlewares/ST/STM32_USB_Device_Library/Core/Src/usbd_ioreq.o
                0x000000000801d3f4                USBD_CtlSendData
 .text.USBD_CtlContinueSendData
                0x000000000801d42c       0x24 Middlewares/ST/STM32_USB_Device_Library/Core/Src/usbd_ioreq.o
                0x000000000801d42c                USBD_CtlContinueSendData
 .text.USBD_CtlPrepareRx
                0x000000000801d450       0x3c Middlewares/ST/STM32_USB_Device_Library/Core/Src/usbd_ioreq.o
                0x000000000801d450                USBD_CtlPrepareRx
 .text.USBD_CtlContinueRx
                0x000000000801d48c       0x24 Middlewares/ST/STM32_USB_Device_Library/Core/Src/usbd_ioreq.o
                0x000000000801d48c                USBD_CtlContinueRx
 .text.USBD_CtlSendStatus
                0x000000000801d4b0       0x26 Middlewares/ST/STM32_USB_Device_Library/Core/Src/usbd_ioreq.o
                0x000000000801d4b0                USBD_CtlSendStatus
 .text.USBD_CtlReceiveStatus
                0x000000000801d4d6       0x26 Middlewares/ST/STM32_USB_Device_Library/Core/Src/usbd_ioreq.o
                0x000000000801d4d6                USBD_CtlReceiveStatus
 .text.MX_USB_DEVICE_Init
                0x000000000801d4fc       0x4c USB_DEVICE/App/usb_device.o
                0x000000000801d4fc                MX_USB_DEVICE_Init
 .text.USBD_FS_DeviceDescriptor
                0x000000000801d548       0x24 USB_DEVICE/App/usbd_desc.o
                0x000000000801d548                USBD_FS_DeviceDescriptor
 .text.USBD_FS_LangIDStrDescriptor
                0x000000000801d56c       0x24 USB_DEVICE/App/usbd_desc.o
                0x000000000801d56c                USBD_FS_LangIDStrDescriptor
 .text.USBD_FS_ProductStrDescriptor
                0x000000000801d590       0x3c USB_DEVICE/App/usbd_desc.o
                0x000000000801d590                USBD_FS_ProductStrDescriptor
 .text.USBD_FS_ManufacturerStrDescriptor
                0x000000000801d5cc       0x28 USB_DEVICE/App/usbd_desc.o
                0x000000000801d5cc                USBD_FS_ManufacturerStrDescriptor
 .text.USBD_FS_SerialStrDescriptor
                0x000000000801d5f4       0x24 USB_DEVICE/App/usbd_desc.o
                0x000000000801d5f4                USBD_FS_SerialStrDescriptor
 .text.USBD_FS_ConfigStrDescriptor
                0x000000000801d618       0x3c USB_DEVICE/App/usbd_desc.o
                0x000000000801d618                USBD_FS_ConfigStrDescriptor
 .text.USBD_FS_InterfaceStrDescriptor
                0x000000000801d654       0x3c USB_DEVICE/App/usbd_desc.o
                0x000000000801d654                USBD_FS_InterfaceStrDescriptor
 .text.Get_SerialNum
                0x000000000801d690       0x58 USB_DEVICE/App/usbd_desc.o
 .text.IntToUnicode
                0x000000000801d6e8       0x7a USB_DEVICE/App/usbd_desc.o
 *fill*         0x000000000801d762        0x2 
 .text.HAL_PCD_MspInit
                0x000000000801d764       0x4c USB_DEVICE/Target/usbd_conf.o
                0x000000000801d764                HAL_PCD_MspInit
 .text.HAL_PCD_SetupStageCallback
                0x000000000801d7b0       0x24 USB_DEVICE/Target/usbd_conf.o
                0x000000000801d7b0                HAL_PCD_SetupStageCallback
 .text.HAL_PCD_DataOutStageCallback
                0x000000000801d7d4       0x36 USB_DEVICE/Target/usbd_conf.o
                0x000000000801d7d4                HAL_PCD_DataOutStageCallback
 .text.HAL_PCD_DataInStageCallback
                0x000000000801d80a       0x34 USB_DEVICE/Target/usbd_conf.o
                0x000000000801d80a                HAL_PCD_DataInStageCallback
 .text.HAL_PCD_SOFCallback
                0x000000000801d83e       0x1c USB_DEVICE/Target/usbd_conf.o
                0x000000000801d83e                HAL_PCD_SOFCallback
 .text.HAL_PCD_ResetCallback
                0x000000000801d85a       0x3c USB_DEVICE/Target/usbd_conf.o
                0x000000000801d85a                HAL_PCD_ResetCallback
 *fill*         0x000000000801d896        0x2 
 .text.HAL_PCD_SuspendCallback
                0x000000000801d898       0x34 USB_DEVICE/Target/usbd_conf.o
                0x000000000801d898                HAL_PCD_SuspendCallback
 .text.HAL_PCD_ResumeCallback
                0x000000000801d8cc       0x1c USB_DEVICE/Target/usbd_conf.o
                0x000000000801d8cc                HAL_PCD_ResumeCallback
 .text.USBD_LL_Init
                0x000000000801d8e8       0xd8 USB_DEVICE/Target/usbd_conf.o
                0x000000000801d8e8                USBD_LL_Init
 .text.USBD_LL_Start
                0x000000000801d9c0       0x36 USB_DEVICE/Target/usbd_conf.o
                0x000000000801d9c0                USBD_LL_Start
 .text.USBD_LL_OpenEP
                0x000000000801d9f6       0x4c USB_DEVICE/Target/usbd_conf.o
                0x000000000801d9f6                USBD_LL_OpenEP
 .text.USBD_LL_CloseEP
                0x000000000801da42       0x3e USB_DEVICE/Target/usbd_conf.o
                0x000000000801da42                USBD_LL_CloseEP
 .text.USBD_LL_StallEP
                0x000000000801da80       0x3e USB_DEVICE/Target/usbd_conf.o
                0x000000000801da80                USBD_LL_StallEP
 .text.USBD_LL_ClearStallEP
                0x000000000801dabe       0x3e USB_DEVICE/Target/usbd_conf.o
                0x000000000801dabe                USBD_LL_ClearStallEP
 .text.USBD_LL_IsStallEP
                0x000000000801dafc       0x58 USB_DEVICE/Target/usbd_conf.o
                0x000000000801dafc                USBD_LL_IsStallEP
 .text.USBD_LL_SetUSBAddress
                0x000000000801db54       0x3e USB_DEVICE/Target/usbd_conf.o
                0x000000000801db54                USBD_LL_SetUSBAddress
 .text.USBD_LL_Transmit
                0x000000000801db92       0x46 USB_DEVICE/Target/usbd_conf.o
                0x000000000801db92                USBD_LL_Transmit
 .text.USBD_LL_PrepareReceive
                0x000000000801dbd8       0x46 USB_DEVICE/Target/usbd_conf.o
                0x000000000801dbd8                USBD_LL_PrepareReceive
 .text.USBD_LL_GetRxDataSize
                0x000000000801dc1e       0x26 USB_DEVICE/Target/usbd_conf.o
                0x000000000801dc1e                USBD_LL_GetRxDataSize
 .text.USBD_static_malloc
                0x000000000801dc44       0x18 USB_DEVICE/Target/usbd_conf.o
                0x000000000801dc44                USBD_static_malloc
 .text.USBD_static_free
                0x000000000801dc5c       0x12 USB_DEVICE/Target/usbd_conf.o
                0x000000000801dc5c                USBD_static_free
 .text.HAL_PCDEx_SetConnectionState
                0x000000000801dc6e       0x16 USB_DEVICE/Target/usbd_conf.o
                0x000000000801dc6e                HAL_PCDEx_SetConnectionState
 .text.USBD_Get_USB_Status
                0x000000000801dc84       0x58 USB_DEVICE/Target/usbd_conf.o
 .text.__errno  0x000000000801dcdc        0xc c:/users/administrator/desktop/stm32cubeide_1.4.0/stm32cubeide/plugins/com.st.stm32cube.ide.mcu.externaltools.gnu-tools-for-stm32.7-2018-q2-update.win32_1.4.0.202007081208/tools/bin/../lib/gcc/arm-none-eabi/7.3.1/../../../../arm-none-eabi/lib/thumb/v7-m\libc_nano.a(lib_a-errno.o)
                0x000000000801dcdc                __errno
 .text.__libc_init_array
                0x000000000801dce8       0x48 c:/users/administrator/desktop/stm32cubeide_1.4.0/stm32cubeide/plugins/com.st.stm32cube.ide.mcu.externaltools.gnu-tools-for-stm32.7-2018-q2-update.win32_1.4.0.202007081208/tools/bin/../lib/gcc/arm-none-eabi/7.3.1/../../../../arm-none-eabi/lib/thumb/v7-m\libc_nano.a(lib_a-init.o)
                0x000000000801dce8                __libc_init_array
 .text.malloc   0x000000000801dd30       0x10 c:/users/administrator/desktop/stm32cubeide_1.4.0/stm32cubeide/plugins/com.st.stm32cube.ide.mcu.externaltools.gnu-tools-for-stm32.7-2018-q2-update.win32_1.4.0.202007081208/tools/bin/../lib/gcc/arm-none-eabi/7.3.1/../../../../arm-none-eabi/lib/thumb/v7-m\libc_nano.a(lib_a-malloc.o)
                0x000000000801dd30                malloc
 .text.memcpy   0x000000000801dd40       0x16 c:/users/administrator/desktop/stm32cubeide_1.4.0/stm32cubeide/plugins/com.st.stm32cube.ide.mcu.externaltools.gnu-tools-for-stm32.7-2018-q2-update.win32_1.4.0.202007081208/tools/bin/../lib/gcc/arm-none-eabi/7.3.1/../../../../arm-none-eabi/lib/thumb/v7-m\libc_nano.a(lib_a-memcpy-stub.o)
                0x000000000801dd40                memcpy
 .text.memset   0x000000000801dd56       0x10 c:/users/administrator/desktop/stm32cubeide_1.4.0/stm32cubeide/plugins/com.st.stm32cube.ide.mcu.externaltools.gnu-tools-for-stm32.7-2018-q2-update.win32_1.4.0.202007081208/tools/bin/../lib/gcc/arm-none-eabi/7.3.1/../../../../arm-none-eabi/lib/thumb/v7-m\libc_nano.a(lib_a-memset.o)
                0x000000000801dd56                memset
 *fill*         0x000000000801dd66        0x2 
 .text._free_r  0x000000000801dd68       0x98 c:/users/administrator/desktop/stm32cubeide_1.4.0/stm32cubeide/plugins/com.st.stm32cube.ide.mcu.externaltools.gnu-tools-for-stm32.7-2018-q2-update.win32_1.4.0.202007081208/tools/bin/../lib/gcc/arm-none-eabi/7.3.1/../../../../arm-none-eabi/lib/thumb/v7-m\libc_nano.a(lib_a-nano-freer.o)
                0x000000000801dd68                _free_r
 .text._malloc_r
                0x000000000801de00       0xb4 c:/users/administrator/desktop/stm32cubeide_1.4.0/stm32cubeide/plugins/com.st.stm32cube.ide.mcu.externaltools.gnu-tools-for-stm32.7-2018-q2-update.win32_1.4.0.202007081208/tools/bin/../lib/gcc/arm-none-eabi/7.3.1/../../../../arm-none-eabi/lib/thumb/v7-m\libc_nano.a(lib_a-nano-mallocr.o)
                0x000000000801de00                _malloc_r
 .text.__cvt    0x000000000801deb4       0xb8 c:/users/administrator/desktop/stm32cubeide_1.4.0/stm32cubeide/plugins/com.st.stm32cube.ide.mcu.externaltools.gnu-tools-for-stm32.7-2018-q2-update.win32_1.4.0.202007081208/tools/bin/../lib/gcc/arm-none-eabi/7.3.1/../../../../arm-none-eabi/lib/thumb/v7-m\libc_nano.a(lib_a-nano-vfprintf_float.o)
                0x000000000801deb4                __cvt
 .text.__exponent
                0x000000000801df6c       0x6a c:/users/administrator/desktop/stm32cubeide_1.4.0/stm32cubeide/plugins/com.st.stm32cube.ide.mcu.externaltools.gnu-tools-for-stm32.7-2018-q2-update.win32_1.4.0.202007081208/tools/bin/../lib/gcc/arm-none-eabi/7.3.1/../../../../arm-none-eabi/lib/thumb/v7-m\libc_nano.a(lib_a-nano-vfprintf_float.o)
                0x000000000801df6c                __exponent
 *fill*         0x000000000801dfd6        0x2 
 .text._printf_float
                0x000000000801dfd8      0x46c c:/users/administrator/desktop/stm32cubeide_1.4.0/stm32cubeide/plugins/com.st.stm32cube.ide.mcu.externaltools.gnu-tools-for-stm32.7-2018-q2-update.win32_1.4.0.202007081208/tools/bin/../lib/gcc/arm-none-eabi/7.3.1/../../../../arm-none-eabi/lib/thumb/v7-m\libc_nano.a(lib_a-nano-vfprintf_float.o)
                0x000000000801dfd8                _printf_float
 .text._printf_common
                0x000000000801e444       0xec c:/users/administrator/desktop/stm32cubeide_1.4.0/stm32cubeide/plugins/com.st.stm32cube.ide.mcu.externaltools.gnu-tools-for-stm32.7-2018-q2-update.win32_1.4.0.202007081208/tools/bin/../lib/gcc/arm-none-eabi/7.3.1/../../../../arm-none-eabi/lib/thumb/v7-m\libc_nano.a(lib_a-nano-vfprintf_i.o)
                0x000000000801e444                _printf_common
 .text._printf_i
                0x000000000801e530      0x224 c:/users/administrator/desktop/stm32cubeide_1.4.0/stm32cubeide/plugins/com.st.stm32cube.ide.mcu.externaltools.gnu-tools-for-stm32.7-2018-q2-update.win32_1.4.0.202007081208/tools/bin/../lib/gcc/arm-none-eabi/7.3.1/../../../../arm-none-eabi/lib/thumb/v7-m\libc_nano.a(lib_a-nano-vfprintf_i.o)
                0x000000000801e530                _printf_i
 .text.printf   0x000000000801e754       0x30 c:/users/administrator/desktop/stm32cubeide_1.4.0/stm32cubeide/plugins/com.st.stm32cube.ide.mcu.externaltools.gnu-tools-for-stm32.7-2018-q2-update.win32_1.4.0.202007081208/tools/bin/../lib/gcc/arm-none-eabi/7.3.1/../../../../arm-none-eabi/lib/thumb/v7-m\libc_nano.a(lib_a-printf.o)
                0x000000000801e754                iprintf
                0x000000000801e754                printf
 .text.realloc  0x000000000801e784       0x10 c:/users/administrator/desktop/stm32cubeide_1.4.0/stm32cubeide/plugins/com.st.stm32cube.ide.mcu.externaltools.gnu-tools-for-stm32.7-2018-q2-update.win32_1.4.0.202007081208/tools/bin/../lib/gcc/arm-none-eabi/7.3.1/../../../../arm-none-eabi/lib/thumb/v7-m\libc_nano.a(lib_a-realloc.o)
                0x000000000801e784                realloc
 .text._sbrk_r  0x000000000801e794       0x20 c:/users/administrator/desktop/stm32cubeide_1.4.0/stm32cubeide/plugins/com.st.stm32cube.ide.mcu.externaltools.gnu-tools-for-stm32.7-2018-q2-update.win32_1.4.0.202007081208/tools/bin/../lib/gcc/arm-none-eabi/7.3.1/../../../../arm-none-eabi/lib/thumb/v7-m\libc_nano.a(lib_a-sbrkr.o)
                0x000000000801e794                _sbrk_r
 .text.quorem   0x000000000801e7b4      0x11c c:/users/administrator/desktop/stm32cubeide_1.4.0/stm32cubeide/plugins/com.st.stm32cube.ide.mcu.externaltools.gnu-tools-for-stm32.7-2018-q2-update.win32_1.4.0.202007081208/tools/bin/../lib/gcc/arm-none-eabi/7.3.1/../../../../arm-none-eabi/lib/thumb/v7-m\libc_nano.a(lib_a-dtoa.o)
 .text._dtoa_r  0x000000000801e8d0      0xb68 c:/users/administrator/desktop/stm32cubeide_1.4.0/stm32cubeide/plugins/com.st.stm32cube.ide.mcu.externaltools.gnu-tools-for-stm32.7-2018-q2-update.win32_1.4.0.202007081208/tools/bin/../lib/gcc/arm-none-eabi/7.3.1/../../../../arm-none-eabi/lib/thumb/v7-m\libc_nano.a(lib_a-dtoa.o)
                0x000000000801e8d0                _dtoa_r
 .text.std      0x000000000801f438       0x48 c:/users/administrator/desktop/stm32cubeide_1.4.0/stm32cubeide/plugins/com.st.stm32cube.ide.mcu.externaltools.gnu-tools-for-stm32.7-2018-q2-update.win32_1.4.0.202007081208/tools/bin/../lib/gcc/arm-none-eabi/7.3.1/../../../../arm-none-eabi/lib/thumb/v7-m\libc_nano.a(lib_a-findfp.o)
 .text._cleanup_r
                0x000000000801f480        0xc c:/users/administrator/desktop/stm32cubeide_1.4.0/stm32cubeide/plugins/com.st.stm32cube.ide.mcu.externaltools.gnu-tools-for-stm32.7-2018-q2-update.win32_1.4.0.202007081208/tools/bin/../lib/gcc/arm-none-eabi/7.3.1/../../../../arm-none-eabi/lib/thumb/v7-m\libc_nano.a(lib_a-findfp.o)
                0x000000000801f480                _cleanup_r
 .text.__sfmoreglue
                0x000000000801f48c       0x2c c:/users/administrator/desktop/stm32cubeide_1.4.0/stm32cubeide/plugins/com.st.stm32cube.ide.mcu.externaltools.gnu-tools-for-stm32.7-2018-q2-update.win32_1.4.0.202007081208/tools/bin/../lib/gcc/arm-none-eabi/7.3.1/../../../../arm-none-eabi/lib/thumb/v7-m\libc_nano.a(lib_a-findfp.o)
                0x000000000801f48c                __sfmoreglue
 .text.__sinit  0x000000000801f4b8       0x60 c:/users/administrator/desktop/stm32cubeide_1.4.0/stm32cubeide/plugins/com.st.stm32cube.ide.mcu.externaltools.gnu-tools-for-stm32.7-2018-q2-update.win32_1.4.0.202007081208/tools/bin/../lib/gcc/arm-none-eabi/7.3.1/../../../../arm-none-eabi/lib/thumb/v7-m\libc_nano.a(lib_a-findfp.o)
                0x000000000801f4b8                __sinit
 .text.__sfp    0x000000000801f518       0x78 c:/users/administrator/desktop/stm32cubeide_1.4.0/stm32cubeide/plugins/com.st.stm32cube.ide.mcu.externaltools.gnu-tools-for-stm32.7-2018-q2-update.win32_1.4.0.202007081208/tools/bin/../lib/gcc/arm-none-eabi/7.3.1/../../../../arm-none-eabi/lib/thumb/v7-m\libc_nano.a(lib_a-findfp.o)
                0x000000000801f518                __sfp
 .text._fwalk_reent
                0x000000000801f590       0x3c c:/users/administrator/desktop/stm32cubeide_1.4.0/stm32cubeide/plugins/com.st.stm32cube.ide.mcu.externaltools.gnu-tools-for-stm32.7-2018-q2-update.win32_1.4.0.202007081208/tools/bin/../lib/gcc/arm-none-eabi/7.3.1/../../../../arm-none-eabi/lib/thumb/v7-m\libc_nano.a(lib_a-fwalk.o)
                0x000000000801f590                _fwalk_reent
 .text._localeconv_r
                0x000000000801f5cc       0x1c c:/users/administrator/desktop/stm32cubeide_1.4.0/stm32cubeide/plugins/com.st.stm32cube.ide.mcu.externaltools.gnu-tools-for-stm32.7-2018-q2-update.win32_1.4.0.202007081208/tools/bin/../lib/gcc/arm-none-eabi/7.3.1/../../../../arm-none-eabi/lib/thumb/v7-m\libc_nano.a(lib_a-localeconv.o)
                0x000000000801f5cc                _localeconv_r
 .text.memchr   0x000000000801f5e8       0x1c c:/users/administrator/desktop/stm32cubeide_1.4.0/stm32cubeide/plugins/com.st.stm32cube.ide.mcu.externaltools.gnu-tools-for-stm32.7-2018-q2-update.win32_1.4.0.202007081208/tools/bin/../lib/gcc/arm-none-eabi/7.3.1/../../../../arm-none-eabi/lib/thumb/v7-m\libc_nano.a(lib_a-memchr-stub.o)
                0x000000000801f5e8                memchr
 .text.__malloc_lock
                0x000000000801f604        0x2 c:/users/administrator/desktop/stm32cubeide_1.4.0/stm32cubeide/plugins/com.st.stm32cube.ide.mcu.externaltools.gnu-tools-for-stm32.7-2018-q2-update.win32_1.4.0.202007081208/tools/bin/../lib/gcc/arm-none-eabi/7.3.1/../../../../arm-none-eabi/lib/thumb/v7-m\libc_nano.a(lib_a-mlock.o)
                0x000000000801f604                __malloc_lock
 .text.__malloc_unlock
                0x000000000801f606        0x2 c:/users/administrator/desktop/stm32cubeide_1.4.0/stm32cubeide/plugins/com.st.stm32cube.ide.mcu.externaltools.gnu-tools-for-stm32.7-2018-q2-update.win32_1.4.0.202007081208/tools/bin/../lib/gcc/arm-none-eabi/7.3.1/../../../../arm-none-eabi/lib/thumb/v7-m\libc_nano.a(lib_a-mlock.o)
                0x000000000801f606                __malloc_unlock
 .text._Balloc  0x000000000801f608       0x68 c:/users/administrator/desktop/stm32cubeide_1.4.0/stm32cubeide/plugins/com.st.stm32cube.ide.mcu.externaltools.gnu-tools-for-stm32.7-2018-q2-update.win32_1.4.0.202007081208/tools/bin/../lib/gcc/arm-none-eabi/7.3.1/../../../../arm-none-eabi/lib/thumb/v7-m\libc_nano.a(lib_a-mprec.o)
                0x000000000801f608                _Balloc
 .text._Bfree   0x000000000801f670       0x2e c:/users/administrator/desktop/stm32cubeide_1.4.0/stm32cubeide/plugins/com.st.stm32cube.ide.mcu.externaltools.gnu-tools-for-stm32.7-2018-q2-update.win32_1.4.0.202007081208/tools/bin/../lib/gcc/arm-none-eabi/7.3.1/../../../../arm-none-eabi/lib/thumb/v7-m\libc_nano.a(lib_a-mprec.o)
                0x000000000801f670                _Bfree
 .text.__multadd
                0x000000000801f69e       0x76 c:/users/administrator/desktop/stm32cubeide_1.4.0/stm32cubeide/plugins/com.st.stm32cube.ide.mcu.externaltools.gnu-tools-for-stm32.7-2018-q2-update.win32_1.4.0.202007081208/tools/bin/../lib/gcc/arm-none-eabi/7.3.1/../../../../arm-none-eabi/lib/thumb/v7-m\libc_nano.a(lib_a-mprec.o)
                0x000000000801f69e                __multadd
 .text.__hi0bits
                0x000000000801f714       0x3e c:/users/administrator/desktop/stm32cubeide_1.4.0/stm32cubeide/plugins/com.st.stm32cube.ide.mcu.externaltools.gnu-tools-for-stm32.7-2018-q2-update.win32_1.4.0.202007081208/tools/bin/../lib/gcc/arm-none-eabi/7.3.1/../../../../arm-none-eabi/lib/thumb/v7-m\libc_nano.a(lib_a-mprec.o)